Archive member included because of file (symbol)

c:/freescale/kds_v3/toolchain/bin/../lib/gcc/arm-none-eabi/4.8.4/armv7e-m\libgcc.a(_arm_addsubsf3.o)
                              ./Generated_Code/UTIL1.o (__aeabi_fsub)
c:/freescale/kds_v3/toolchain/bin/../lib/gcc/arm-none-eabi/4.8.4/armv7e-m\libgcc.a(_arm_muldivsf3.o)
                              ./Generated_Code/PpgLdd1.o (__aeabi_fmul)
c:/freescale/kds_v3/toolchain/bin/../lib/gcc/arm-none-eabi/4.8.4/armv7e-m\libgcc.a(_arm_cmpsf2.o)
                              ./Generated_Code/UTIL1.o (__aeabi_fcmplt)
c:/freescale/kds_v3/toolchain/bin/../lib/gcc/arm-none-eabi/4.8.4/armv7e-m\libgcc.a(_arm_fixunssfsi.o)
                              ./Generated_Code/PpgLdd1.o (__aeabi_f2uiz)
c:/freescale/kds_v3/toolchain/bin/../lib/gcc/arm-none-eabi/4.8.4/../../../../arm-none-eabi/lib/armv7e-m\libg_s.a(lib_a-exit.o)
                              c:/freescale/kds_v3/toolchain/bin/../lib/gcc/arm-none-eabi/4.8.4/../../../../arm-none-eabi/lib/armv7e-m/crt0.o (exit)
c:/freescale/kds_v3/toolchain/bin/../lib/gcc/arm-none-eabi/4.8.4/../../../../arm-none-eabi/lib/armv7e-m\libg_s.a(lib_a-impure.o)
                              c:/freescale/kds_v3/toolchain/bin/../lib/gcc/arm-none-eabi/4.8.4/../../../../arm-none-eabi/lib/armv7e-m\libg_s.a(lib_a-exit.o) (_global_impure_ptr)
c:/freescale/kds_v3/toolchain/bin/../lib/gcc/arm-none-eabi/4.8.4/../../../../arm-none-eabi/lib/armv7e-m\libg_s.a(lib_a-init.o)
                              c:/freescale/kds_v3/toolchain/bin/../lib/gcc/arm-none-eabi/4.8.4/../../../../arm-none-eabi/lib/armv7e-m/crt0.o (__libc_init_array)
c:/freescale/kds_v3/toolchain/bin/../lib/gcc/arm-none-eabi/4.8.4/../../../../arm-none-eabi/lib/armv7e-m\libg_s.a(lib_a-memset.o)
                              c:/freescale/kds_v3/toolchain/bin/../lib/gcc/arm-none-eabi/4.8.4/../../../../arm-none-eabi/lib/armv7e-m/crt0.o (memset)
c:/freescale/kds_v3/toolchain/bin/../lib/gcc/arm-none-eabi/4.8.4/../../../../arm-none-eabi/lib/armv7e-m\libg_s.a(lib_a-strchr.o)
                              ./Generated_Code/UTIL1.o (strchr)
c:/freescale/kds_v3/toolchain/bin/../lib/gcc/arm-none-eabi/4.8.4/../../../../arm-none-eabi/lib/armv7e-m\libg_s.a(lib_a-strcmp.o)
                              ./Generated_Code/BT1.o (strcmp)
c:/freescale/kds_v3/toolchain/bin/../lib/gcc/arm-none-eabi/4.8.4/../../../../arm-none-eabi/lib/armv7e-m\libg_s.a(lib_a-strlen.o)
                              ./Generated_Code/BT1.o (strlen)
c:/freescale/kds_v3/toolchain/bin/../lib/gcc/arm-none-eabi/4.8.4/../../../../arm-none-eabi/lib/armv7e-m\libg_s.a(lib_a-strncmp.o)
                              ./Generated_Code/BT1.o (strncmp)
c:/freescale/kds_v3/toolchain/bin/../lib/gcc/arm-none-eabi/4.8.4/../../../../arm-none-eabi/lib/armv7e-m\libnosys.a(_exit.o)
                              c:/freescale/kds_v3/toolchain/bin/../lib/gcc/arm-none-eabi/4.8.4/../../../../arm-none-eabi/lib/armv7e-m\libg_s.a(lib_a-exit.o) (_exit)

Allocating common symbols
Common symbol       size              file

ASerialLdd1_DeviceDataPtr
                    0x4               ./Generated_Code/Serial1.o
CLS1_DefaultShellBuffer
                    0x30              ./Generated_Code/CLS1.o
BT1_DefaultShellBuffer
                    0x30              ./Generated_Code/BT1.o
SR_reg              0x1               ./Generated_Code/Cpu.o

Discarded input sections

 .text          0x00000000        0x0 c:/freescale/kds_v3/toolchain/bin/../lib/gcc/arm-none-eabi/4.8.4/armv7e-m/crti.o
 .data          0x00000000        0x0 c:/freescale/kds_v3/toolchain/bin/../lib/gcc/arm-none-eabi/4.8.4/armv7e-m/crti.o
 .bss           0x00000000        0x0 c:/freescale/kds_v3/toolchain/bin/../lib/gcc/arm-none-eabi/4.8.4/armv7e-m/crti.o
 .data          0x00000000        0x4 c:/freescale/kds_v3/toolchain/bin/../lib/gcc/arm-none-eabi/4.8.4/armv7e-m/crtbegin.o
 .data          0x00000000        0x0 c:/freescale/kds_v3/toolchain/bin/../lib/gcc/arm-none-eabi/4.8.4/../../../../arm-none-eabi/lib/armv7e-m/crt0.o
 .bss           0x00000000        0x0 c:/freescale/kds_v3/toolchain/bin/../lib/gcc/arm-none-eabi/4.8.4/../../../../arm-none-eabi/lib/armv7e-m/crt0.o
 .ARM.extab     0x00000000        0x0 c:/freescale/kds_v3/toolchain/bin/../lib/gcc/arm-none-eabi/4.8.4/../../../../arm-none-eabi/lib/armv7e-m/crt0.o
 .group         0x00000000        0x8 ./Sources/Events.o
 .group         0x00000000        0x8 ./Sources/Events.o
 .group         0x00000000        0x8 ./Sources/Events.o
 .group         0x00000000        0x8 ./Sources/Events.o
 .group         0x00000000        0x8 ./Sources/Events.o
 .group         0x00000000        0x8 ./Sources/Events.o
 .group         0x00000000        0x8 ./Sources/Events.o
 .group         0x00000000        0x8 ./Sources/Events.o
 .group         0x00000000        0x8 ./Sources/Events.o
 .group         0x00000000        0x8 ./Sources/Events.o
 .group         0x00000000        0x8 ./Sources/Events.o
 .group         0x00000000        0x8 ./Sources/Events.o
[...]
Memory Configuration

Name             Origin             Length             Attributes
m_interrupts     0x00000000         0x000000f8         xr
m_text           0x00000410         0x0001fbf0         xr
m_data           0x1fffe000         0x00002000         rw
m_data_20000000  0x20000000         0x00002000         rw
m_cfmprotrom     0x00000400         0x00000010         xr
*default*        0x00000000         0xffffffff

Linker script and memory map

LOAD c:/freescale/kds_v3/toolchain/bin/../lib/gcc/arm-none-eabi/4.8.4/armv7e-m/crti.o
LOAD c:/freescale/kds_v3/toolchain/bin/../lib/gcc/arm-none-eabi/4.8.4/armv7e-m/crtbegin.o
LOAD c:/freescale/kds_v3/toolchain/bin/../lib/gcc/arm-none-eabi/4.8.4/../../../../arm-none-eabi/lib/armv7e-m/crt0.o
LOAD ./Sources/Events.o
LOAD ./Sources/main.o
LOAD ./Project_Settings/Startup_Code/startup.o
LOAD ./Generated_Code/ASerialLdd1.o
LOAD ./Generated_Code/BT1.o
LOAD ./Generated_Code/BitIoLdd1.o
LOAD ./Generated_Code/BitIoLdd2.o
LOAD ./Generated_Code/CLS1.o
LOAD ./Generated_Code/CS1.o
LOAD ./Generated_Code/Cpu.o
LOAD ./Generated_Code/KSDK1.o
LOAD ./Generated_Code/LED1.o
LOAD ./Generated_Code/LED2.o
LOAD ./Generated_Code/LEDpin1.o
LOAD ./Generated_Code/LEDpin2.o
LOAD ./Generated_Code/PE_LDD.o
LOAD ./Generated_Code/PPG1.o
LOAD ./Generated_Code/PpgLdd1.o
LOAD ./Generated_Code/Serial1.o
LOAD ./Generated_Code/UTIL1.o
LOAD ./Generated_Code/Vectors.o
LOAD ./Generated_Code/WAIT1.o
LOAD c:/freescale/kds_v3/toolchain/bin/../lib/gcc/arm-none-eabi/4.8.4/../../../../arm-none-eabi/lib/armv7e-m\libstdc++_s.a
LOAD c:/freescale/kds_v3/toolchain/bin/../lib/gcc/arm-none-eabi/4.8.4/../../../../arm-none-eabi/lib/armv7e-m\libm.a
START GROUP
LOAD c:/freescale/kds_v3/toolchain/bin/../lib/gcc/arm-none-eabi/4.8.4/armv7e-m\libgcc.a
LOAD c:/freescale/kds_v3/toolchain/bin/../lib/gcc/arm-none-eabi/4.8.4/../../../../arm-none-eabi/lib/armv7e-m\libg_s.a
LOAD c:/freescale/kds_v3/toolchain/bin/../lib/gcc/arm-none-eabi/4.8.4/../../../../arm-none-eabi/lib/armv7e-m\libc_s.a
END GROUP
START GROUP
LOAD c:/freescale/kds_v3/toolchain/bin/../lib/gcc/arm-none-eabi/4.8.4/armv7e-m\libgcc.a
LOAD c:/freescale/kds_v3/toolchain/bin/../lib/gcc/arm-none-eabi/4.8.4/../../../../arm-none-eabi/lib/armv7e-m\libc_s.a
LOAD c:/freescale/kds_v3/toolchain/bin/../lib/gcc/arm-none-eabi/4.8.4/../../../../arm-none-eabi/lib/armv7e-m\libnosys.a
END GROUP
START GROUP
LOAD c:/freescale/kds_v3/toolchain/bin/../lib/gcc/arm-none-eabi/4.8.4/armv7e-m\libgcc.a
LOAD c:/freescale/kds_v3/toolchain/bin/../lib/gcc/arm-none-eabi/4.8.4/../../../../arm-none-eabi/lib/armv7e-m\libc_s.a
LOAD c:/freescale/kds_v3/toolchain/bin/../lib/gcc/arm-none-eabi/4.8.4/../../../../arm-none-eabi/lib/armv7e-m\libnosys.a
END GROUP
LOAD c:/freescale/kds_v3/toolchain/bin/../lib/gcc/arm-none-eabi/4.8.4/armv7e-m/crtend.o
LOAD c:/freescale/kds_v3/toolchain/bin/../lib/gcc/arm-none-eabi/4.8.4/armv7e-m/crtn.o
                0x20000000                _estack = 0x20000000
                0x20000000                __SP_INIT = _estack
                0x20000000                __stack = _estack
                0x00000000                __heap_size = 0x0
                0x00000400                __stack_size = 0x400

.interrupts     0x00000000       0xf8
                0x00000000                __vector_table = .
                0x00000000                . = ALIGN (0x4)
 *(.vectortable)
 .vectortable   0x00000000       0xf8 ./Generated_Code/Vectors.o
                0x00000000                __vect_table
                0x000000f8                . = ALIGN (0x4)

.cfmprotect     0x00000400       0x10
                0x00000400                . = ALIGN (0x4)
 *(.cfmconfig)
 .cfmconfig     0x00000400       0x10 ./Generated_Code/Cpu.o
                0x00000400                _cfm
                0x00000410                . = ALIGN (0x4)

.text           0x00000410     0x1b08
                0x00000410                . = ALIGN (0x4)
 *(.text)
 .text          0x00000410       0x54 c:/freescale/kds_v3/toolchain/bin/../lib/gcc/arm-none-eabi/4.8.4/armv7e-m/crtbegin.o
 .text          0x00000464       0x74 c:/freescale/kds_v3/toolchain/bin/../lib/gcc/arm-none-eabi/4.8.4/../../../../arm-none-eabi/lib/armv7e-m/crt0.o
                0x00000464                _start
                0x00000464                _mainCRTStartup
 .text          0x000004d8      0x21c c:/freescale/kds_v3/toolchain/bin/../lib/gcc/arm-none-eabi/4.8.4/armv7e-m\libgcc.a(_arm_addsubsf3.o)
                0x000004d8                __aeabi_frsub
                0x000004e0                __subsf3
                0x000004e0                __aeabi_fsub
                0x000004e4                __aeabi_fadd
                0x000004e4                __addsf3
                0x00000644                __aeabi_ui2f
                0x00000644                __floatunsisf
                0x0000064c                __aeabi_i2f
                0x0000064c                __floatsisf
                0x00000668                __aeabi_ul2f
                0x00000668                __floatundisf
                0x00000678                __aeabi_l2f
                0x00000678                __floatdisf
 .text          0x000006f4      0x2a0 c:/freescale/kds_v3/toolchain/bin/../lib/gcc/arm-none-eabi/4.8.4/armv7e-m\libgcc.a(_arm_muldivsf3.o)
                0x000006f4                __mulsf3
                0x000006f4                __aeabi_fmul
                0x0000085c                __aeabi_fdiv
                0x0000085c                __divsf3
 .text          0x00000994       0xec c:/freescale/kds_v3/toolchain/bin/../lib/gcc/arm-none-eabi/4.8.4/armv7e-m\libgcc.a(_arm_cmpsf2.o)
                0x00000994                __gesf2
                0x00000994                __gtsf2
                0x0000099c                __lesf2
                0x0000099c                __ltsf2
                0x000009a4                __nesf2
                0x000009a4                __eqsf2
                0x000009a4                __cmpsf2
                0x00000a04                __aeabi_cfrcmple
                0x00000a0c                __aeabi_cfcmpeq
                0x00000a0c                __aeabi_cfcmple
                0x00000a1c                __aeabi_fcmpeq
                0x00000a30                __aeabi_fcmplt
                0x00000a44                __aeabi_fcmple
                0x00000a58                __aeabi_fcmpge
                0x00000a6c                __aeabi_fcmpgt
 .text          0x00000a80       0x40 c:/freescale/kds_v3/toolchain/bin/../lib/gcc/arm-none-eabi/4.8.4/armv7e-m\libgcc.a(_arm_fixunssfsi.o)
                0x00000a80                __fixunssfsi
                0x00000a80                __aeabi_f2uiz
 *(.text*)
 .text.Cpu_OnNMIINT
                0x00000ac0        0xc ./Sources/Events.o
                0x00000ac0                Cpu_OnNMIINT
 .text.main     0x00000acc      0x230 ./Sources/main.o
                0x00000acc                main
 .text.__copy_rom_section
                0x00000cfc       0xe4 ./Project_Settings/Startup_Code/startup.o
                0x00000cfc                __copy_rom_section
 .text.__copy_rom_sections_to_ram
                0x00000de0       0x9c ./Project_Settings/Startup_Code/startup.o
                0x00000de0                __copy_rom_sections_to_ram
 .text.__init_registers
                0x00000e7c        0xc ./Project_Settings/Startup_Code/startup.o
                0x00000e7c                __init_registers
 .text.__init_user
                0x00000e88        0xc ./Project_Settings/Startup_Code/startup.o
                0x00000e88                __init_user
 .text.__thumb_startup
                0x00000e94       0x34 ./Project_Settings/Startup_Code/startup.o
                0x00000e94                __thumb_startup
 .text.ASerialLdd1_Init
                0x00000ec8      0x1c0 ./Generated_Code/ASerialLdd1.o
                0x00000ec8                ASerialLdd1_Init
 .text.ASerialLdd1_ReceiveBlock
                0x00001088       0x90 ./Generated_Code/ASerialLdd1.o
                0x00001088                ASerialLdd1_ReceiveBlock
 .text.ASerialLdd1_SendBlock
                0x00001118       0xbc ./Generated_Code/ASerialLdd1.o
                0x00001118                ASerialLdd1_SendBlock
 .text.InterruptRx
                0x000011d4       0x58 ./Generated_Code/ASerialLdd1.o
 .text.InterruptTx
                0x0000122c       0x80 ./Generated_Code/ASerialLdd1.o
 .text.ASerialLdd1_Interrupt
                0x000012ac       0xf4 ./Generated_Code/ASerialLdd1.o
                0x000012ac                ASerialLdd1_Interrupt
 .text.ASerialLdd1_GetError
                0x000013a0       0x70 ./Generated_Code/ASerialLdd1.o
                0x000013a0                ASerialLdd1_GetError
 .text.BT1_Init
                0x00001410       0x18 ./Generated_Code/BT1.o
                0x00001410                BT1_Init
 .text.BitIoLdd1_Init
                0x00001428       0x64 ./Generated_Code/BitIoLdd1.o
                0x00001428                BitIoLdd1_Init
 .text.BitIoLdd1_ClrVal
                0x0000148c       0x1c ./Generated_Code/BitIoLdd1.o
                0x0000148c                BitIoLdd1_ClrVal
 .text.BitIoLdd1_SetVal
                0x000014a8       0x1c ./Generated_Code/BitIoLdd1.o
                0x000014a8                BitIoLdd1_SetVal
 .text.BitIoLdd2_Init
                0x000014c4       0x64 ./Generated_Code/BitIoLdd2.o
                0x000014c4                BitIoLdd2_Init
 .text.BitIoLdd2_ClrVal
                0x00001528       0x1c ./Generated_Code/BitIoLdd2.o
                0x00001528                BitIoLdd2_ClrVal
 .text.BitIoLdd2_SetVal
                0x00001544       0x1c ./Generated_Code/BitIoLdd2.o
                0x00001544                BitIoLdd2_SetVal
 .text.CLS1_Init
                0x00001560        0xc ./Generated_Code/CLS1.o
                0x00001560                CLS1_Init
 .text.Cpu_INT_NMIInterrupt
                0x0000156c       0x1c ./Generated_Code/Cpu.o
                0x0000156c                Cpu_INT_NMIInterrupt
 .text.Cpu_Interrupt
                0x00001588       0x18 ./Generated_Code/Cpu.o
                0x00001588                Cpu_Interrupt
 .text.__init_hardware
                0x000015a0      0x11c ./Generated_Code/Cpu.o
                0x000015a0                __init_hardware
 .text.Cpu_SetBASEPRI
                0x000016bc       0x18 ./Generated_Code/Cpu.o
                0x000016bc                Cpu_SetBASEPRI
 .text.PE_low_level_init
                0x000016d4       0xcc ./Generated_Code/Cpu.o
                0x000016d4                PE_low_level_init
 .text.LED1_Init
                0x000017a0       0x14 ./Generated_Code/LED1.o
                0x000017a0                LED1_Init
 .text.LED2_Init
                0x000017b4       0x14 ./Generated_Code/LED2.o
                0x000017b4                LED2_Init
 .text.PPG1_SetDutyMS
                0x000017c8       0x38 ./Generated_Code/PPG1.o
                0x000017c8                PPG1_SetDutyMS
 .text.PpgLdd1_Init
                0x00001800       0xd8 ./Generated_Code/PpgLdd1.o
                0x00001800                PpgLdd1_Init
 .text.PpgLdd1_Enable
                0x000018d8       0x30 ./Generated_Code/PpgLdd1.o
                0x000018d8                PpgLdd1_Enable
 .text.PpgLdd1_SetDutyMS
                0x00001908       0x70 ./Generated_Code/PpgLdd1.o
                0x00001908                PpgLdd1_SetDutyMS
 .text.SetRatio
                0x00001978       0x40 ./Generated_Code/PpgLdd1.o
 .text.HWEnDi   0x000019b8       0x1c ./Generated_Code/Serial1.o
 .text.Serial1_RecvChar
                0x000019d4       0xd8 ./Generated_Code/Serial1.o
                0x000019d4                Serial1_RecvChar
 .text.Serial1_SendChar
                0x00001aac       0xdc ./Generated_Code/Serial1.o
                0x00001aac                Serial1_SendChar
 .text.Serial1_Init
                0x00001b88       0x60 ./Generated_Code/Serial1.o
                0x00001b88                Serial1_Init
 .text.ASerialLdd1_OnBlockReceived
                0x00001be8       0x7c ./Generated_Code/Serial1.o
                0x00001be8                ASerialLdd1_OnBlockReceived
 .text.ASerialLdd1_OnBlockSent
                0x00001c64       0x88 ./Generated_Code/Serial1.o
                0x00001c64                ASerialLdd1_OnBlockSent
 .text.ASerialLdd1_OnError
                0x00001cec       0x98 ./Generated_Code/Serial1.o
                0x00001cec                ASerialLdd1_OnError
 .text.ASerialLdd1_OnBreak
                0x00001d84       0x24 ./Generated_Code/Serial1.o
                0x00001d84                ASerialLdd1_OnBreak
 .text.WAIT1_Wait10Cycles
                0x00001da8        0x8 ./Generated_Code/WAIT1.o
                0x00001da8                WAIT1_Wait10Cycles
 .text.WAIT1_Wait100Cycles
                0x00001db0       0x28 ./Generated_Code/WAIT1.o
                0x00001db0                WAIT1_Wait100Cycles
 .text.WAIT1_WaitCycles
                0x00001dd8       0x34 ./Generated_Code/WAIT1.o
                0x00001dd8                WAIT1_WaitCycles
 .text.WAIT1_WaitLongCycles
                0x00001e0c       0x38 ./Generated_Code/WAIT1.o
                0x00001e0c                WAIT1_WaitLongCycles
 .text.WAIT1_Waitms
                0x00001e44       0x2c ./Generated_Code/WAIT1.o
                0x00001e44                WAIT1_Waitms
 .text.exit     0x00001e70       0x28 c:/freescale/kds_v3/toolchain/bin/../lib/gcc/arm-none-eabi/4.8.4/../../../../arm-none-eabi/lib/armv7e-m\libg_s.a(lib_a-exit.o)
                0x00001e70                exit
 .text.__libc_init_array
                0x00001e98       0x4c c:/freescale/kds_v3/toolchain/bin/../lib/gcc/arm-none-eabi/4.8.4/../../../../arm-none-eabi/lib/armv7e-m\libg_s.a(lib_a-init.o)
                0x00001e98                __libc_init_array
 .text.memset   0x00001ee4       0x10 c:/freescale/kds_v3/toolchain/bin/../lib/gcc/arm-none-eabi/4.8.4/../../../../arm-none-eabi/lib/armv7e-m\libg_s.a(lib_a-memset.o)
                0x00001ee4                memset
 .text._exit    0x00001ef4        0x4 c:/freescale/kds_v3/toolchain/bin/../lib/gcc/arm-none-eabi/4.8.4/../../../../arm-none-eabi/lib/armv7e-m\libnosys.a(_exit.o)
                0x00001ef4                _exit
 *(.rodata)
 *(.rodata*)
 .rodata.str1.1
                0x00001ef8        0x2 c:/freescale/kds_v3/toolchain/bin/../lib/gcc/arm-none-eabi/4.8.4/../../../../arm-none-eabi/lib/armv7e-m\libg_s.a(lib_a-impure.o)
 *fill*         0x00001efa        0x2 
 .rodata._global_impure_ptr
                0x00001efc        0x4 c:/freescale/kds_v3/toolchain/bin/../lib/gcc/arm-none-eabi/4.8.4/../../../../arm-none-eabi/lib/armv7e-m\libg_s.a(lib_a-impure.o)
                0x00001efc                _global_impure_ptr
 *(.glue_7)
 .glue_7        0x00000000        0x0 linker stubs
 *(.glue_7t)
 .glue_7t       0x00000000        0x0 linker stubs
 *(.eh_frame)
 .eh_frame      0x00001f00        0x0 c:/freescale/kds_v3/toolchain/bin/../lib/gcc/arm-none-eabi/4.8.4/armv7e-m/crtbegin.o
 *(.init)
 .init          0x00001f00        0x4 c:/freescale/kds_v3/toolchain/bin/../lib/gcc/arm-none-eabi/4.8.4/armv7e-m/crti.o
                0x00001f00                _init
 .init          0x00001f04        0x8 c:/freescale/kds_v3/toolchain/bin/../lib/gcc/arm-none-eabi/4.8.4/armv7e-m/crtn.o
 *(.fini)
 .fini          0x00001f0c        0x4 c:/freescale/kds_v3/toolchain/bin/../lib/gcc/arm-none-eabi/4.8.4/armv7e-m/crti.o
                0x00001f0c                _fini
 .fini          0x00001f10        0x8 c:/freescale/kds_v3/toolchain/bin/../lib/gcc/arm-none-eabi/4.8.4/armv7e-m/crtn.o
                0x00001f18                . = ALIGN (0x4)
                0x00001f18                _etext = .

.vfp11_veneer   0x00001f18        0x0
 .vfp11_veneer  0x00000000        0x0 linker stubs

.v4_bx          0x00001f18        0x0
 .v4_bx         0x00000000        0x0 linker stubs

.iplt           0x00001f18        0x0
 .iplt          0x00000000        0x0 c:/freescale/kds_v3/toolchain/bin/../lib/gcc/arm-none-eabi/4.8.4/armv7e-m/crtbegin.o

.ARM.extab
 *(.ARM.extab* .gnu.linkonce.armextab.*)

.ARM            0x00001f18        0x8
                0x00001f18                __exidx_start = .
 *(.ARM.exidx*)
 .ARM.exidx     0x00001f18        0x8 c:/freescale/kds_v3/toolchain/bin/../lib/gcc/arm-none-eabi/4.8.4/../../../../arm-none-eabi/lib/armv7e-m/crt0.o
                0x00001f20                __exidx_end = .

.rel.dyn        0x00001f20        0x0
 .rel.iplt      0x00000000        0x0 c:/freescale/kds_v3/toolchain/bin/../lib/gcc/arm-none-eabi/4.8.4/armv7e-m/crtbegin.o

.ctors          0x00001f20        0x0
                0x00001f20                __CTOR_LIST__ = .
 *crtbegin.o(.ctors)
 *(EXCLUDE_FILE(*crtend.o) .ctors)
 *(SORT(.ctors.*))
 *(.ctors)
                0x00001f20                __CTOR_END__ = .

.dtors          0x00001f20        0x0
                0x00001f20                __DTOR_LIST__ = .
 *crtbegin.o(.dtors)
 *(EXCLUDE_FILE(*crtend.o) .dtors)
 *(SORT(.dtors.*))
 *(.dtors)
                0x00001f20                __DTOR_END__ = .

.preinit_array  0x00001f20        0x0
                0x00001f20                PROVIDE (__preinit_array_start, .)
 *(.preinit_array*)
                0x00001f20                PROVIDE (__preinit_array_end, .)

.init_array     0x00001f20        0x4
                0x00001f20                PROVIDE (__init_array_start, .)
 *(SORT(.init_array.*))
 *(.init_array*)
 .init_array    0x00001f20        0x4 c:/freescale/kds_v3/toolchain/bin/../lib/gcc/arm-none-eabi/4.8.4/armv7e-m/crtbegin.o
                0x00001f24                PROVIDE (__init_array_end, .)

.fini_array     0x00001f24        0x4
                0x00001f24                PROVIDE (__fini_array_start, .)
 *(SORT(.fini_array.*))
 *(.fini_array*)
 .fini_array    0x00001f24        0x4 c:/freescale/kds_v3/toolchain/bin/../lib/gcc/arm-none-eabi/4.8.4/armv7e-m/crtbegin.o
                0x00001f28                PROVIDE (__fini_array_end, .)
                0x00001f28                ___ROM_AT = .

.data           0x1fffe000       0x64 load address 0x00001f28
                0x1fffe000                . = ALIGN (0x4)
                0x1fffe000                _sdata = .
 *(.data)
 *(.data*)
 .data.BT1_lastErr
                0x1fffe000        0x1 ./Generated_Code/BT1.o
 *fill*         0x1fffe001        0x3 
 .data.impure_data
                0x1fffe004       0x60 c:/freescale/kds_v3/toolchain/bin/../lib/gcc/arm-none-eabi/4.8.4/../../../../arm-none-eabi/lib/armv7e-m\libg_s.a(lib_a-impure.o)
                0x1fffe064                . = ALIGN (0x4)
                0x1fffe064                _edata = .
                0x00000064                ___data_size = (_edata - _sdata)
                0x00001f8c                ___m_data_20000000_ROMStart = (___ROM_AT + SIZEOF (.data))

.jcr            0x1fffe064        0x0 load address 0x00001f8c
 .jcr           0x1fffe064        0x0 c:/freescale/kds_v3/toolchain/bin/../lib/gcc/arm-none-eabi/4.8.4/armv7e-m/crtbegin.o

.igot.plt       0x1fffe064        0x0 load address 0x00001f8c
 .igot.plt      0x00000000        0x0 c:/freescale/kds_v3/toolchain/bin/../lib/gcc/arm-none-eabi/4.8.4/armv7e-m/crtbegin.o

.m_data_20000000
                0x20000000        0x0 load address 0x00001f8c
                0x20000000                . = ALIGN (0x4)
                0x20000000                ___m_data_20000000_RAMStart = .
 *(.m_data_20000000)
                0x20000000                ___m_data_20000000_RAMEnd = .
                0x20000000                . = ALIGN (0x4)
                0x00000000                ___m_data_20000000_ROMSize = (___m_data_20000000_RAMEnd - ___m_data_20000000_RAMStart)
                0x20000000                . = ALIGN (0x4)

.bss            0x1fffe064      0x104 load address 0x00001f8c
                0x1fffe064                __START_BSS = .
                0x1fffe064                PROVIDE (__bss_start__, __START_BSS)
 *(.bss)
 .bss           0x1fffe064       0x1c c:/freescale/kds_v3/toolchain/bin/../lib/gcc/arm-none-eabi/4.8.4/armv7e-m/crtbegin.o
 *(.bss*)
 .bss.DeviceDataPrv__DEFAULT_RTOS_ALLOC
                0x1fffe080       0x20 ./Generated_Code/ASerialLdd1.o
 .bss.INT_UART1_RX_TX__DEFAULT_RTOS_ISRPARAM
                0x1fffe0a0        0x4 ./Generated_Code/ASerialLdd1.o
 .bss.INT_UART1_ERR__DEFAULT_RTOS_ISRPARAM
                0x1fffe0a4        0x4 ./Generated_Code/ASerialLdd1.o
 .bss.DeviceDataPrv__DEFAULT_RTOS_ALLOC
                0x1fffe0a8        0x4 ./Generated_Code/BitIoLdd1.o
 .bss.DeviceDataPrv__DEFAULT_RTOS_ALLOC
                0x1fffe0ac        0x4 ./Generated_Code/BitIoLdd2.o
 .bss.SR_lock   0x1fffe0b0        0x1 ./Generated_Code/Cpu.o
                0x1fffe0b0                SR_lock
 *fill*         0x1fffe0b1        0x3 
 .bss.PE_LDD_DeviceDataList
                0x1fffe0b4       0x10 ./Generated_Code/PE_LDD.o
                0x1fffe0b4                PE_LDD_DeviceDataList
 .bss.DeviceDataPrv__DEFAULT_RTOS_ALLOC
                0x1fffe0c4        0xc ./Generated_Code/PpgLdd1.o
 .bss.SerFlag   0x1fffe0d0        0x2 ./Generated_Code/Serial1.o
 .bss.Serial1_InpLen
                0x1fffe0d2        0x2 ./Generated_Code/Serial1.o
 .bss.InpIndexR
                0x1fffe0d4        0x2 ./Generated_Code/Serial1.o
 .bss.InpIndexW
                0x1fffe0d6        0x2 ./Generated_Code/Serial1.o
 .bss.InpBuffer
                0x1fffe0d8       0x40 ./Generated_Code/Serial1.o
 .bss.BufferRead
                0x1fffe118        0x1 ./Generated_Code/Serial1.o
 *fill*         0x1fffe119        0x1 
 .bss.Serial1_OutLen
                0x1fffe11a        0x2 ./Generated_Code/Serial1.o
 .bss.OutIndexR
                0x1fffe11c        0x2 ./Generated_Code/Serial1.o
 .bss.OutIndexW
                0x1fffe11e        0x2 ./Generated_Code/Serial1.o
 .bss.OutBuffer
                0x1fffe120       0x40 ./Generated_Code/Serial1.o
 *(COMMON)
 COMMON         0x1fffe160        0x1 ./Generated_Code/Cpu.o
                0x1fffe160                SR_reg
 *fill*         0x1fffe161        0x3 
 COMMON         0x1fffe164        0x4 ./Generated_Code/Serial1.o
                0x1fffe164                ASerialLdd1_DeviceDataPtr
                0x1fffe168                . = ALIGN (0x4)
                0x1fffe168                __END_BSS = .
                0x1fffe168                PROVIDE (__bss_end__, __END_BSS)
                0x00001f8c                _romp_at = ((___ROM_AT + SIZEOF (.data)) + SIZEOF (.m_data_20000000))

.romp           0x1fffe168       0x24 load address 0x00001f8c
                0x00001f8c                __S_romp = _romp_at
                0x1fffe168        0x4 LONG 0x1f28 ___ROM_AT
                0x1fffe16c        0x4 LONG 0x1fffe000 _sdata
                0x1fffe170        0x4 LONG 0x64 ___data_size
                0x1fffe174        0x4 LONG 0x1f8c ___m_data_20000000_ROMStart
                0x1fffe178        0x4 LONG 0x20000000 ___m_data_20000000_RAMStart
                0x1fffe17c        0x4 LONG 0x0 ___m_data_20000000_ROMSize
                0x1fffe180        0x4 LONG 0x0
                0x1fffe184        0x4 LONG 0x0
                0x1fffe188        0x4 LONG 0x0
                0x00020000                text_end = (ORIGIN (m_text) + 0x1fbf0)
                0x00001fb0                data_init_end = ((___m_data_20000000_ROMStart + SIZEOF (.m_data_20000000)) + SIZEOF (.romp))
                0x00000001                ASSERT ((data_init_end <= text_end), region m_text overflowed with text and data)

._user_heap_stack
                0x1fffe18c      0x400 load address 0x00001fb0
                0x1fffe18c                . = ALIGN (0x4)
                0x1fffe18c                PROVIDE (end, .)
                0x1fffe18c                PROVIDE (_end, .)
                0x1fffe18c                PROVIDE (__end__, .)
                0x1fffe18c                __heap_addr = .
                0x1fffe18c                __HeapBase = .
                0x1fffe18c                . = (. + __heap_size)
                0x1fffe18c                __HeapLimit = .
                0x1fffe58c                . = (. + __stack_size)
 *fill*         0x1fffe18c      0x400 
                0x1fffe58c                . = ALIGN (0x4)

.ARM.attributes
                0x00000000       0x2a
 *(.ARM.attributes)
 .ARM.attributes
                0x00000000       0x1e c:/freescale/kds_v3/toolchain/bin/../lib/gcc/arm-none-eabi/4.8.4/armv7e-m/crti.o
 .ARM.attributes
                0x0000001e       0x2e c:/freescale/kds_v3/toolchain/bin/../lib/gcc/arm-none-eabi/4.8.4/armv7e-m/crtbegin.o
 .ARM.attributes
                0x0000004c       0x1c c:/freescale/kds_v3/toolchain/bin/../lib/gcc/arm-none-eabi/4.8.4/../../../../arm-none-eabi/lib/armv7e-m/crt0.o
 .ARM.attributes
                0x00000068       0x33 ./Sources/Events.o
 .ARM.attributes
                0x0000009b       0x33 ./Sources/main.o
 .ARM.attributes
                0x000000ce       0x33 ./Project_Settings/Startup_Code/startup.o
 .ARM.attributes
                0x00000101       0x33 ./Generated_Code/ASerialLdd1.o
 .ARM.attributes
                0x00000134       0x33 ./Generated_Code/BT1.o
 .ARM.attributes
                0x00000167       0x33 ./Generated_Code/BitIoLdd1.o
 .ARM.attributes
                0x0000019a       0x33 ./Generated_Code/BitIoLdd2.o
 .ARM.attributes
                0x000001cd       0x33 ./Generated_Code/CLS1.o
 .ARM.attributes
                0x00000200       0x33 ./Generated_Code/Cpu.o
 .ARM.attributes
                0x00000233       0x33 ./Generated_Code/LED1.o
 .ARM.attributes
                0x00000266       0x33 ./Generated_Code/LED2.o
 .ARM.attributes
                0x00000299       0x33 ./Generated_Code/PE_LDD.o
 .ARM.attributes
                0x000002cc       0x33 ./Generated_Code/PPG1.o
 .ARM.attributes
                0x000002ff       0x33 ./Generated_Code/PpgLdd1.o
 .ARM.attributes
                0x00000332       0x33 ./Generated_Code/Serial1.o
 .ARM.attributes
                0x00000365       0x33 ./Generated_Code/Vectors.o
 .ARM.attributes
                0x00000398       0x33 ./Generated_Code/WAIT1.o
 .ARM.attributes
                0x000003cb       0x1e c:/freescale/kds_v3/toolchain/bin/../lib/gcc/arm-none-eabi/4.8.4/armv7e-m\libgcc.a(_arm_addsubsf3.o)
 .ARM.attributes
                0x000003e9       0x1e c:/freescale/kds_v3/toolchain/bin/../lib/gcc/arm-none-eabi/4.8.4/armv7e-m\libgcc.a(_arm_muldivsf3.o)
 .ARM.attributes
                0x00000407       0x1e c:/freescale/kds_v3/toolchain/bin/../lib/gcc/arm-none-eabi/4.8.4/armv7e-m\libgcc.a(_arm_cmpsf2.o)
 .ARM.attributes
                0x00000425       0x1e c:/freescale/kds_v3/toolchain/bin/../lib/gcc/arm-none-eabi/4.8.4/armv7e-m\libgcc.a(_arm_fixunssfsi.o)
 .ARM.attributes
                0x00000443       0x2e c:/freescale/kds_v3/toolchain/bin/../lib/gcc/arm-none-eabi/4.8.4/../../../../arm-none-eabi/lib/armv7e-m\libg_s.a(lib_a-exit.o)
 .ARM.attributes
                0x00000471       0x2e c:/freescale/kds_v3/toolchain/bin/../lib/gcc/arm-none-eabi/4.8.4/../../../../arm-none-eabi/lib/armv7e-m\libg_s.a(lib_a-impure.o)
 .ARM.attributes
                0x0000049f       0x2e c:/freescale/kds_v3/toolchain/bin/../lib/gcc/arm-none-eabi/4.8.4/../../../../arm-none-eabi/lib/armv7e-m\libg_s.a(lib_a-init.o)
 .ARM.attributes
                0x000004cd       0x2e c:/freescale/kds_v3/toolchain/bin/../lib/gcc/arm-none-eabi/4.8.4/../../../../arm-none-eabi/lib/armv7e-m\libg_s.a(lib_a-memset.o)
 .ARM.attributes
                0x000004fb       0x2e c:/freescale/kds_v3/toolchain/bin/../lib/gcc/arm-none-eabi/4.8.4/../../../../arm-none-eabi/lib/armv7e-m\libnosys.a(_exit.o)
 .ARM.attributes
                0x00000529       0x1e c:/freescale/kds_v3/toolchain/bin/../lib/gcc/arm-none-eabi/4.8.4/armv7e-m/crtn.o
OUTPUT(Handilight_0.1.elf elf32-littlearm)

.debug_info     0x00000000     0x479d
 .debug_info    0x00000000       0x9d ./Sources/Events.o
 .debug_info    0x0000009d      0x143 ./Sources/main.o
 .debug_info    0x000001e0      0x20a ./Project_Settings/Startup_Code/startup.o
 .debug_info    0x000003ea      0xab5 ./Generated_Code/ASerialLdd1.o
 .debug_info    0x00000e9f      0xa74 ./Generated_Code/BT1.o
 .debug_info    0x00001913      0x343 ./Generated_Code/BitIoLdd1.o
 .debug_info    0x00001c56      0x343 ./Generated_Code/BitIoLdd2.o
 .debug_info    0x00001f99      0x9f9 ./Generated_Code/CLS1.o
 .debug_info    0x00002992      0x9f0 ./Generated_Code/Cpu.o
 .debug_info    0x00003382      0x10b ./Generated_Code/LED1.o
 .debug_info    0x0000348d      0x10b ./Generated_Code/LED2.o
 .debug_info    0x00003598      0x24d ./Generated_Code/PE_LDD.o
 .debug_info    0x000037e5      0x14b ./Generated_Code/PPG1.o
 .debug_info    0x00003930      0x748 ./Generated_Code/PpgLdd1.o
 .debug_info    0x00004078      0x4c1 ./Generated_Code/Serial1.o
 .debug_info    0x00004539      0x115 ./Generated_Code/Vectors.o
 .debug_info    0x0000464e      0x14f ./Generated_Code/WAIT1.o

.debug_abbrev   0x00000000     0x1388
 .debug_abbrev  0x00000000       0x45 ./Sources/Events.o
 .debug_abbrev  0x00000045       0xac ./Sources/main.o
 .debug_abbrev  0x000000f1      0x11e ./Project_Settings/Startup_Code/startup.o
 .debug_abbrev  0x0000020f      0x1db ./Generated_Code/ASerialLdd1.o
 .debug_abbrev  0x000003ea      0x207 ./Generated_Code/BT1.o
 .debug_abbrev  0x000005f1      0x127 ./Generated_Code/BitIoLdd1.o
 .debug_abbrev  0x00000718      0x127 ./Generated_Code/BitIoLdd2.o
 .debug_abbrev  0x0000083f      0x1d3 ./Generated_Code/CLS1.o
 .debug_abbrev  0x00000a12      0x178 ./Generated_Code/Cpu.o
 .debug_abbrev  0x00000b8a       0xc6 ./Generated_Code/LED1.o
 .debug_abbrev  0x00000c50       0xc6 ./Generated_Code/LED2.o
 .debug_abbrev  0x00000d16      0x10d ./Generated_Code/PE_LDD.o
 .debug_abbrev  0x00000e23       0xa7 ./Generated_Code/PPG1.o
 .debug_abbrev  0x00000eca      0x193 ./Generated_Code/PpgLdd1.o
 .debug_abbrev  0x0000105d      0x1d6 ./Generated_Code/Serial1.o
 .debug_abbrev  0x00001233       0xa4 ./Generated_Code/Vectors.o
 .debug_abbrev  0x000012d7       0xb1 ./Generated_Code/WAIT1.o

.debug_aranges  0x00000000      0x570
 .debug_aranges
                0x00000000       0x20 ./Sources/Events.o
 .debug_aranges
                0x00000020       0x20 ./Sources/main.o
 .debug_aranges
                0x00000040       0x50 ./Project_Settings/Startup_Code/startup.o
 .debug_aranges
                0x00000090       0x50 ./Generated_Code/ASerialLdd1.o
 .debug_aranges
                0x000000e0       0xd8 ./Generated_Code/BT1.o
 .debug_aranges
                0x000001b8       0x40 ./Generated_Code/BitIoLdd1.o
 .debug_aranges
                0x000001f8       0x40 ./Generated_Code/BitIoLdd2.o
 .debug_aranges
                0x00000238      0x110 ./Generated_Code/CLS1.o
 .debug_aranges
                0x00000348       0x40 ./Generated_Code/Cpu.o
 .debug_aranges
                0x00000388       0x30 ./Generated_Code/LED1.o
 .debug_aranges
                0x000003b8       0x30 ./Generated_Code/LED2.o
 .debug_aranges
                0x000003e8       0x30 ./Generated_Code/PE_LDD.o
 .debug_aranges
                0x00000418       0x28 ./Generated_Code/PPG1.o
 .debug_aranges
                0x00000440       0x50 ./Generated_Code/PpgLdd1.o
 .debug_aranges
                0x00000490       0x88 ./Generated_Code/Serial1.o
 .debug_aranges
                0x00000518       0x18 ./Generated_Code/Vectors.o
 .debug_aranges
                0x00000530       0x40 ./Generated_Code/WAIT1.o

.debug_ranges   0x00000000      0x458
 .debug_ranges  0x00000000       0x10 ./Sources/Events.o
 .debug_ranges  0x00000010       0x10 ./Sources/main.o
 .debug_ranges  0x00000020       0x40 ./Project_Settings/Startup_Code/startup.o
 .debug_ranges  0x00000060       0x40 ./Generated_Code/ASerialLdd1.o
 .debug_ranges  0x000000a0       0xc8 ./Generated_Code/BT1.o
 .debug_ranges  0x00000168       0x30 ./Generated_Code/BitIoLdd1.o
 .debug_ranges  0x00000198       0x30 ./Generated_Code/BitIoLdd2.o
 .debug_ranges  0x000001c8      0x100 ./Generated_Code/CLS1.o
 .debug_ranges  0x000002c8       0x30 ./Generated_Code/Cpu.o
 .debug_ranges  0x000002f8       0x20 ./Generated_Code/LED1.o
 .debug_ranges  0x00000318       0x20 ./Generated_Code/LED2.o
 .debug_ranges  0x00000338       0x20 ./Generated_Code/PE_LDD.o
 .debug_ranges  0x00000358       0x18 ./Generated_Code/PPG1.o
 .debug_ranges  0x00000370       0x40 ./Generated_Code/PpgLdd1.o
 .debug_ranges  0x000003b0       0x78 ./Generated_Code/Serial1.o
 .debug_ranges  0x00000428       0x30 ./Generated_Code/WAIT1.o

.debug_macro    0x00000000    0x1b9e5
 .debug_macro   0x00000000      0x29b ./Sources/Events.o
 .debug_macro   0x0000029b      0x84a ./Sources/Events.o
 .debug_macro   0x00000ae5       0x16 ./Sources/Events.o
 .debug_macro   0x00000afb       0x44 ./Sources/Events.o
 .debug_macro   0x00000b3f      0x209 ./Sources/Events.o
 .debug_macro   0x00000d48     0x1672 ./Sources/Events.o
 .debug_macro   0x000023ba      0x14e ./Sources/Events.o
 .debug_macro   0x00002508       0x6a ./Sources/Events.o
 .debug_macro   0x00002572     0x9b9f ./Sources/Events.o
 .debug_macro   0x0000c111       0x94 ./Sources/Events.o
 .debug_macro   0x0000c1a5       0x22 ./Sources/Events.o
 .debug_macro   0x0000c1c7       0x41 ./Sources/Events.o
 .debug_macro   0x0000c208       0x22 ./Sources/Events.o
 .debug_macro   0x0000c22a       0x37 ./Sources/Events.o
 .debug_macro   0x0000c261       0x58 ./Sources/Events.o
 .debug_macro   0x0000c2b9       0x35 ./Sources/Events.o
 .debug_macro   0x0000c2ee       0xa3 ./Sources/Events.o
 .debug_macro   0x0000c391      0x166 ./Sources/Events.o
 .debug_macro   0x0000c4f7       0x52 ./Sources/Events.o
 .debug_macro   0x0000c549       0x16 ./Sources/Events.o
 .debug_macro   0x0000c55f       0x43 ./Sources/Events.o
 .debug_macro   0x0000c5a2      0x180 ./Sources/Events.o
 .debug_macro   0x0000c722      0x2a6 ./Sources/Events.o
 .debug_macro   0x0000c9c8       0x10 ./Sources/Events.o
 .debug_macro   0x0000c9d8       0x35 ./Sources/Events.o
 .debug_macro   0x0000ca0d       0x19 ./Sources/Events.o
 .debug_macro   0x0000ca26       0x2e ./Sources/Events.o
 .debug_macro   0x0000ca54       0x66 ./Sources/Events.o
 .debug_macro   0x0000caba       0x65 ./Sources/Events.o
 .debug_macro   0x0000cb1f       0x20 ./Sources/Events.o
 .debug_macro   0x0000cb3f       0x58 ./Sources/Events.o
 .debug_macro   0x0000cb97       0x94 ./Sources/Events.o
 .debug_macro   0x0000cc2b      0x12c ./Sources/Events.o
 .debug_macro   0x0000cd57       0x40 ./Sources/Events.o
 .debug_macro   0x0000cd97       0x1f ./Sources/Events.o
 .debug_macro   0x0000cdb6       0x41 ./Sources/Events.o
 .debug_macro   0x0000cdf7       0x46 ./Sources/Events.o
 .debug_macro   0x0000ce3d       0x1f ./Sources/Events.o
 .debug_macro   0x0000ce5c       0x41 ./Sources/Events.o
 .debug_macro   0x0000ce9d      0x6a6 ./Sources/Events.o
 .debug_macro   0x0000d543       0x40 ./Sources/Events.o
 .debug_macro   0x0000d583       0x24 ./Sources/Events.o
 .debug_macro   0x0000d5a7      0x29b ./Sources/main.o
 .debug_macro   0x0000d842      0x121 ./Project_Settings/Startup_Code/startup.o
 .debug_macro   0x0000d963       0x4a ./Project_Settings/Startup_Code/startup.o
 .debug_macro   0x0000d9ad       0x16 ./Project_Settings/Startup_Code/startup.o
 .debug_macro   0x0000d9c3       0x22 ./Project_Settings/Startup_Code/startup.o
 .debug_macro   0x0000d9e5       0x10 ./Project_Settings/Startup_Code/startup.o
 .debug_macro   0x0000d9f5      0x20f ./Project_Settings/Startup_Code/startup.o
 .debug_macro   0x0000dc04     0x9b93 ./Project_Settings/Startup_Code/startup.o
 .debug_macro   0x00017797       0xc5 ./Generated_Code/ASerialLdd1.o
 .debug_macro   0x0001785c       0x5f ./Generated_Code/ASerialLdd1.o
 .debug_macro   0x000178bb       0x26 ./Generated_Code/ASerialLdd1.o
 .debug_macro   0x000178e1      0x7ab ./Generated_Code/ASerialLdd1.o
 .debug_macro   0x0001808c      0x9b1 ./Generated_Code/ASerialLdd1.o
 .debug_macro   0x00018a3d      0x1cd ./Generated_Code/BT1.o
 .debug_macro   0x00018c0a       0x9a ./Generated_Code/BT1.o
 .debug_macro   0x00018ca4       0xa6 ./Generated_Code/BitIoLdd1.o
 .debug_macro   0x00018d4a       0xa6 ./Generated_Code/BitIoLdd2.o
 .debug_macro   0x00018df0       0x40 ./Generated_Code/BitIoLdd2.o
 .debug_macro   0x00018e30      0x1c5 ./Generated_Code/CLS1.o
 .debug_macro   0x00018ff5       0x8e ./Generated_Code/CLS1.o
 .debug_macro   0x00019083     0x1678 ./Generated_Code/CLS1.o
 .debug_macro   0x0001a6fb      0x2a6 ./Generated_Code/Cpu.o
 .debug_macro   0x0001a9a1       0xd0 ./Generated_Code/LED1.o
 .debug_macro   0x0001aa71       0xd0 ./Generated_Code/LED2.o
 .debug_macro   0x0001ab41      0x251 ./Generated_Code/PE_LDD.o
 .debug_macro   0x0001ad92       0xb5 ./Generated_Code/PPG1.o
 .debug_macro   0x0001ae47      0x6a0 ./Generated_Code/PPG1.o
 .debug_macro   0x0001b4e7       0xac ./Generated_Code/PpgLdd1.o
 .debug_macro   0x0001b593      0x111 ./Generated_Code/Serial1.o
 .debug_macro   0x0001b6a4      0x2a7 ./Generated_Code/Vectors.o
 .debug_macro   0x0001b94b       0x9a ./Generated_Code/WAIT1.o

.debug_line     0x00000000     0x432f
 .debug_line    0x00000000      0x449 ./Sources/Events.o
 .debug_line    0x00000449      0x4d6 ./Sources/main.o
 .debug_line    0x0000091f      0x3cb ./Project_Settings/Startup_Code/startup.o
 .debug_line    0x00000cea      0x38a ./Generated_Code/ASerialLdd1.o
 .debug_line    0x00001074      0x5b6 ./Generated_Code/BT1.o
 .debug_line    0x0000162a      0x2ba ./Generated_Code/BitIoLdd1.o
 .debug_line    0x000018e4      0x2ba ./Generated_Code/BitIoLdd2.o
 .debug_line    0x00001b9e      0x647 ./Generated_Code/CLS1.o
 .debug_line    0x000021e5      0x5f5 ./Generated_Code/Cpu.o
 .debug_line    0x000027da      0x2ba ./Generated_Code/LED1.o
 .debug_line    0x00002a94      0x2ba ./Generated_Code/LED2.o
 .debug_line    0x00002d4e      0x44c ./Generated_Code/PE_LDD.o
 .debug_line    0x0000319a      0x285 ./Generated_Code/PPG1.o
 .debug_line    0x0000341f      0x304 ./Generated_Code/PpgLdd1.o
 .debug_line    0x00003723      0x417 ./Generated_Code/Serial1.o
 .debug_line    0x00003b3a      0x56c ./Generated_Code/Vectors.o
 .debug_line    0x000040a6      0x289 ./Generated_Code/WAIT1.o

.debug_str      0x00000000    0x5c67b
 .debug_str     0x00000000    0x4c2a6 ./Sources/Events.o
                              0x4c482 (size before relaxing)
 .debug_str     0x0004c2a6       0x6d ./Sources/main.o
                              0x4c4ce (size before relaxing)
 .debug_str     0x0004c313      0x1ab ./Project_Settings/Startup_Code/startup.o
                              0x3a1d7 (size before relaxing)
 .debug_str     0x0004c4be     0xe7b7 ./Generated_Code/ASerialLdd1.o
                              0x4dcde (size before relaxing)
 .debug_str     0x0005ac75      0x790 ./Generated_Code/BT1.o
                              0x427e0 (size before relaxing)
 .debug_str     0x0005b405       0xe7 ./Generated_Code/BitIoLdd1.o
                              0x3fe0c (size before relaxing)
 .debug_str     0x0005b4ec       0xa0 ./Generated_Code/BitIoLdd2.o
                              0x3fe0c (size before relaxing)
 .debug_str     0x0005b58c      0x75a ./Generated_Code/CLS1.o
                              0x42864 (size before relaxing)
 .debug_str     0x0005bce6      0x240 ./Generated_Code/Cpu.o
                              0x4c83f (size before relaxing)
 .debug_str     0x0005bf26       0x45 ./Generated_Code/LED1.o
                              0x3ffc4 (size before relaxing)
 .debug_str     0x0005bf6b       0x3f ./Generated_Code/LED2.o
                              0x3ffc4 (size before relaxing)
 .debug_str     0x0005bfaa      0x17e ./Generated_Code/PE_LDD.o
                              0x4c632 (size before relaxing)
 .debug_str     0x0005c128       0x3c ./Generated_Code/PPG1.o
                              0x48254 (size before relaxing)
 .debug_str     0x0005c164      0x19a ./Generated_Code/PpgLdd1.o
                              0x48435 (size before relaxing)
 .debug_str     0x0005c2fe      0x2dd ./Generated_Code/Serial1.o
                              0x3f326 (size before relaxing)
 .debug_str     0x0005c5db       0x1c ./Generated_Code/Vectors.o
                              0x4c4ca (size before relaxing)
 .debug_str     0x0005c5f7       0x84 ./Generated_Code/WAIT1.o
                              0x3f24f (size before relaxing)

.comment        0x00000000       0x70
 .comment       0x00000000       0x70 ./Sources/Events.o
                                 0x71 (size before relaxing)
 .comment       0x00000000       0x71 ./Sources/main.o
 .comment       0x00000000       0x71 ./Project_Settings/Startup_Code/startup.o
 .comment       0x00000000       0x71 ./Generated_Code/ASerialLdd1.o
 .comment       0x00000000       0x71 ./Generated_Code/BT1.o
 .comment       0x00000000       0x71 ./Generated_Code/BitIoLdd1.o
 .comment       0x00000000       0x71 ./Generated_Code/BitIoLdd2.o
 .comment       0x00000000       0x71 ./Generated_Code/CLS1.o
 .comment       0x00000000       0x71 ./Generated_Code/Cpu.o
 .comment       0x00000000       0x71 ./Generated_Code/LED1.o
 .comment       0x00000000       0x71 ./Generated_Code/LED2.o
 .comment       0x00000000       0x71 ./Generated_Code/PE_LDD.o
 .comment       0x00000000       0x71 ./Generated_Code/PPG1.o
 .comment       0x00000000       0x71 ./Generated_Code/PpgLdd1.o
 .comment       0x00000000       0x71 ./Generated_Code/Serial1.o
 .comment       0x00000000       0x71 ./Generated_Code/Vectors.o
 .comment       0x00000000       0x71 ./Generated_Code/WAIT1.o

.debug_frame    0x00000000      0xfb4
 .debug_frame   0x00000000       0x28 ./Sources/Events.o
 .debug_frame   0x00000028       0x30 ./Sources/main.o
 .debug_frame   0x00000058       0xc0 ./Project_Settings/Startup_Code/startup.o
 .debug_frame   0x00000118       0xec ./Generated_Code/ASerialLdd1.o
 .debug_frame   0x00000204      0x2f0 ./Generated_Code/BT1.o
 .debug_frame   0x000004f4       0x9c ./Generated_Code/BitIoLdd1.o
 .debug_frame   0x00000590       0x9c ./Generated_Code/BitIoLdd2.o
 .debug_frame   0x0000062c      0x3b8 ./Generated_Code/CLS1.o
 .debug_frame   0x000009e4       0xa4 ./Generated_Code/Cpu.o
 .debug_frame   0x00000a88       0x64 ./Generated_Code/LED1.o
 .debug_frame   0x00000aec       0x64 ./Generated_Code/LED2.o
 .debug_frame   0x00000b50       0x64 ./Generated_Code/PE_LDD.o
 .debug_frame   0x00000bb4       0x50 ./Generated_Code/PPG1.o
 .debug_frame   0x00000c04       0xe0 ./Generated_Code/PpgLdd1.o
 .debug_frame   0x00000ce4      0x1ac ./Generated_Code/Serial1.o
 .debug_frame   0x00000e90       0x90 ./Generated_Code/WAIT1.o
 .debug_frame   0x00000f20       0x28 c:/freescale/kds_v3/toolchain/bin/../lib/gcc/arm-none-eabi/4.8.4/../../../../arm-none-eabi/lib/armv7e-m\libg_s.a(lib_a-exit.o)
 .debug_frame   0x00000f48       0x2c c:/freescale/kds_v3/toolchain/bin/../lib/gcc/arm-none-eabi/4.8.4/../../../../arm-none-eabi/lib/armv7e-m\libg_s.a(lib_a-init.o)
 .debug_frame   0x00000f74       0x20 c:/freescale/kds_v3/toolchain/bin/../lib/gcc/arm-none-eabi/4.8.4/../../../../arm-none-eabi/lib/armv7e-m\libg_s.a(lib_a-memset.o)
 .debug_frame   0x00000f94       0x20 c:/freescale/kds_v3/toolchain/bin/../lib/gcc/arm-none-eabi/4.8.4/../../../../arm-none-eabi/lib/armv7e-m\libnosys.a(_exit.o)
