Archive member included because of file (symbol)

c:/freescale/kds_v3/toolchain/bin/../lib/gcc/arm-none-eabi/4.8.4/../../../../arm-none-eabi/lib/armv7e-m/fpu\libg_s.a(lib_a-exit.o)
                              c:/freescale/kds_v3/toolchain/bin/../lib/gcc/arm-none-eabi/4.8.4/../../../../arm-none-eabi/lib/armv7e-m/fpu/crt0.o (exit)
c:/freescale/kds_v3/toolchain/bin/../lib/gcc/arm-none-eabi/4.8.4/../../../../arm-none-eabi/lib/armv7e-m/fpu\libg_s.a(lib_a-impure.o)
                              c:/freescale/kds_v3/toolchain/bin/../lib/gcc/arm-none-eabi/4.8.4/../../../../arm-none-eabi/lib/armv7e-m/fpu\libg_s.a(lib_a-exit.o) (_global_impure_ptr)
c:/freescale/kds_v3/toolchain/bin/../lib/gcc/arm-none-eabi/4.8.4/../../../../arm-none-eabi/lib/armv7e-m/fpu\libg_s.a(lib_a-init.o)
                              c:/freescale/kds_v3/toolchain/bin/../lib/gcc/arm-none-eabi/4.8.4/../../../../arm-none-eabi/lib/armv7e-m/fpu/crt0.o (__libc_init_array)
c:/freescale/kds_v3/toolchain/bin/../lib/gcc/arm-none-eabi/4.8.4/../../../../arm-none-eabi/lib/armv7e-m/fpu\libg_s.a(lib_a-memset.o)
                              c:/freescale/kds_v3/toolchain/bin/../lib/gcc/arm-none-eabi/4.8.4/../../../../arm-none-eabi/lib/armv7e-m/fpu/crt0.o (memset)
c:/freescale/kds_v3/toolchain/bin/../lib/gcc/arm-none-eabi/4.8.4/../../../../arm-none-eabi/lib/armv7e-m/fpu\libg_s.a(lib_a-strchr.o)
                              ./Generated_Code/UTIL1.o (strchr)
c:/freescale/kds_v3/toolchain/bin/../lib/gcc/arm-none-eabi/4.8.4/../../../../arm-none-eabi/lib/armv7e-m/fpu\libg_s.a(lib_a-strcmp.o)
                              ./Generated_Code/BT1.o (strcmp)
c:/freescale/kds_v3/toolchain/bin/../lib/gcc/arm-none-eabi/4.8.4/../../../../arm-none-eabi/lib/armv7e-m/fpu\libg_s.a(lib_a-strlen.o)
                              ./Generated_Code/BT1.o (strlen)
c:/freescale/kds_v3/toolchain/bin/../lib/gcc/arm-none-eabi/4.8.4/../../../../arm-none-eabi/lib/armv7e-m/fpu\libg_s.a(lib_a-strncmp.o)
                              ./Generated_Code/BT1.o (strncmp)
c:/freescale/kds_v3/toolchain/bin/../lib/gcc/arm-none-eabi/4.8.4/../../../../arm-none-eabi/lib/armv7e-m/fpu\libnosys.a(_exit.o)
                              c:/freescale/kds_v3/toolchain/bin/../lib/gcc/arm-none-eabi/4.8.4/../../../../arm-none-eabi/lib/armv7e-m/fpu\libg_s.a(lib_a-exit.o) (_exit)

Allocating common symbols
Common symbol       size              file

ASerialLdd1_DeviceDataPtr
                    0x4               ./Generated_Code/Serial1.o
AD2_OutV            0x2               ./Generated_Code/AD2.o
AdcLdd2_DeviceDataPtr
                    0x4               ./Generated_Code/AD2.o
AD1_OutV            0x2               ./Generated_Code/AD1.o
CLS1_DefaultShellBuffer
                    0x30              ./Generated_Code/CLS1.o
AdcLdd1_DeviceDataPtr
                    0x4               ./Generated_Code/AD1.o
BT1_DefaultShellBuffer
                    0x30              ./Generated_Code/BT1.o
SR_reg              0x1               ./Static_Code/System/CPU_Init.o

Discarded input sections

 .text          0x00000000        0x0 c:/freescale/kds_v3/toolchain/bin/../lib/gcc/arm-none-eabi/4.8.4/armv7e-m/fpu/crti.o
 .data          0x00000000        0x0 c:/freescale/kds_v3/toolchain/bin/../lib/gcc/arm-none-eabi/4.8.4/armv7e-m/fpu/crti.o
 .bss           0x00000000        0x0 c:/freescale/kds_v3/toolchain/bin/../lib/gcc/arm-none-eabi/4.8.4/armv7e-m/fpu/crti.o
 .data          0x00000000        0x4 c:/freescale/kds_v3/toolchain/bin/../lib/gcc/arm-none-eabi/4.8.4/armv7e-m/fpu/crtbegin.o
 .data          0x00000000        0x0 c:/freescale/kds_v3/toolchain/bin/../lib/gcc/arm-none-eabi/4.8.4/../../../../arm-none-eabi/lib/armv7e-m/fpu/crt0.o
 .bss           0x00000000        0x0 c:/freescale/kds_v3/toolchain/bin/../lib/gcc/arm-none-eabi/4.8.4/../../../../arm-none-eabi/lib/armv7e-m/fpu/crt0.o
 .ARM.extab     0x00000000        0x0 c:/freescale/kds_v3/toolchain/bin/../lib/gcc/arm-none-eabi/4.8.4/../../../../arm-none-eabi/lib/armv7e-m/fpu/crt0.o
 .group         0x00000000        0x8 ./Static_Code/System/CPU_Init.o
 .group         0x00000000        0x8 ./Static_Code/System/CPU_Init.o
 .group         0x00000000        0x8 ./Static_Code/System/CPU_Init.o
 .group         0x00000000        0x8 ./Static_Code/System/CPU_Init.o
 .group         0x00000000        0x8 ./Static_Code/System/CPU_Init.o
 .group         0x00000000        0x8 ./Static_Code/System/CPU_Init.o
 .group         0x00000000        0x8 ./Static_Code/System/CPU_Init.o
 .group         0x00000000        0x8 ./Static_Code/System/CPU_Init.o
 .group         0x00000000        0x8 ./Static_Code/System/CPU_Init.o
 .group         0x00000000        0x8 ./Static_Code/System/CPU_Init.o
 .group         0x00000000        0x8 ./Static_Code/System/CPU_Init.o
 .group         0x00000000        0x8 ./Static_Code/System/CPU_Init.o
 .group         0x00000000        0x8 ./Static_Code/System/CPU_Init.o
 .group         0x00000000        0x8 ./Static_Code/System/CPU_Init.o
[...]
Memory Configuration

Name             Origin             Length             Attributes
m_interrupts     0x00000000         0x00000198         xr
m_text           0x00000410         0x0007fbf0         xr
m_data           0x1fff0000         0x00010000         rw
m_data_20000000  0x20000000         0x00010000         rw
m_cfmprotrom     0x00000400         0x00000010         xr
*default*        0x00000000         0xffffffff

Linker script and memory map

LOAD c:/freescale/kds_v3/toolchain/bin/../lib/gcc/arm-none-eabi/4.8.4/armv7e-m/fpu/crti.o
LOAD c:/freescale/kds_v3/toolchain/bin/../lib/gcc/arm-none-eabi/4.8.4/armv7e-m/fpu/crtbegin.o
LOAD c:/freescale/kds_v3/toolchain/bin/../lib/gcc/arm-none-eabi/4.8.4/../../../../arm-none-eabi/lib/armv7e-m/fpu/crt0.o
LOAD ./Static_Code/System/CPU_Init.o
LOAD ./Static_Code/System/Peripherals_Init.o
LOAD ./Static_Code/System/Vectors.o
LOAD ./Sources/Events.o
LOAD ./Sources/MMA8451.o
LOAD ./Sources/SendData.o
LOAD ./Sources/lumiere.o
LOAD ./Sources/main.o
LOAD ./Project_Settings/Startup_Code/startup.o
LOAD ./Generated_Code/AD1.o
LOAD ./Generated_Code/AD2.o
LOAD ./Generated_Code/ASerialLdd1.o
LOAD ./Generated_Code/AdcLdd1.o
LOAD ./Generated_Code/AdcLdd2.o
LOAD ./Generated_Code/BT1.o
LOAD ./Generated_Code/BitIoLdd1.o
LOAD ./Generated_Code/CI2C1.o
LOAD ./Generated_Code/CLS1.o
LOAD ./Generated_Code/CS1.o
LOAD ./Generated_Code/Cpu.o
LOAD ./Generated_Code/GI2C1.o
LOAD ./Generated_Code/KSDK1.o
LOAD ./Generated_Code/LED1.o
LOAD ./Generated_Code/LEDBlanche.o
LOAD ./Generated_Code/LEDRouge.o
LOAD ./Generated_Code/LEDVerte.o
LOAD ./Generated_Code/LEDpin1.o
LOAD ./Generated_Code/PE_LDD.o
LOAD ./Generated_Code/Pins1.o
LOAD ./Generated_Code/PpgLdd1.o
LOAD ./Generated_Code/PpgLdd2.o
LOAD ./Generated_Code/PpgLdd3.o
LOAD ./Generated_Code/Serial1.o
LOAD ./Generated_Code/UTIL1.o
LOAD ./Generated_Code/WAIT1.o
LOAD c:/freescale/kds_v3/toolchain/bin/../lib/gcc/arm-none-eabi/4.8.4/../../../../arm-none-eabi/lib/armv7e-m/fpu\libstdc++_s.a
LOAD c:/freescale/kds_v3/toolchain/bin/../lib/gcc/arm-none-eabi/4.8.4/../../../../arm-none-eabi/lib/armv7e-m/fpu\libm.a
START GROUP
LOAD c:/freescale/kds_v3/toolchain/bin/../lib/gcc/arm-none-eabi/4.8.4/armv7e-m/fpu\libgcc.a
LOAD c:/freescale/kds_v3/toolchain/bin/../lib/gcc/arm-none-eabi/4.8.4/../../../../arm-none-eabi/lib/armv7e-m/fpu\libg_s.a
LOAD c:/freescale/kds_v3/toolchain/bin/../lib/gcc/arm-none-eabi/4.8.4/../../../../arm-none-eabi/lib/armv7e-m/fpu\libc_s.a
END GROUP
START GROUP
LOAD c:/freescale/kds_v3/toolchain/bin/../lib/gcc/arm-none-eabi/4.8.4/armv7e-m/fpu\libgcc.a
LOAD c:/freescale/kds_v3/toolchain/bin/../lib/gcc/arm-none-eabi/4.8.4/../../../../arm-none-eabi/lib/armv7e-m/fpu\libc_s.a
LOAD c:/freescale/kds_v3/toolchain/bin/../lib/gcc/arm-none-eabi/4.8.4/../../../../arm-none-eabi/lib/armv7e-m/fpu\libnosys.a
END GROUP
START GROUP
LOAD c:/freescale/kds_v3/toolchain/bin/../lib/gcc/arm-none-eabi/4.8.4/armv7e-m/fpu\libgcc.a
LOAD c:/freescale/kds_v3/toolchain/bin/../lib/gcc/arm-none-eabi/4.8.4/../../../../arm-none-eabi/lib/armv7e-m/fpu\libc_s.a
LOAD c:/freescale/kds_v3/toolchain/bin/../lib/gcc/arm-none-eabi/4.8.4/../../../../arm-none-eabi/lib/armv7e-m/fpu\libnosys.a
END GROUP
LOAD c:/freescale/kds_v3/toolchain/bin/../lib/gcc/arm-none-eabi/4.8.4/armv7e-m/fpu/crtend.o
LOAD c:/freescale/kds_v3/toolchain/bin/../lib/gcc/arm-none-eabi/4.8.4/armv7e-m/fpu/crtn.o
                0x20000000                _estack = 0x20000000
                0x20000000                __SP_INIT = _estack
                0x20000000                __stack = _estack
                0x00000000                __heap_size = 0x0
                0x00000400                __stack_size = 0x400

.interrupts     0x00000000      0x198
                0x00000000                __vector_table = .
                0x00000000                . = ALIGN (0x4)
 *(.vectortable)
 .vectortable   0x00000000      0x198 ./Static_Code/System/Vectors.o
                0x00000000                __vect_table
                0x00000198                . = ALIGN (0x4)

.cfmprotect     0x00000400       0x10
                0x00000400                . = ALIGN (0x4)
 *(.cfmconfig)
 .cfmconfig     0x00000400       0x10 ./Static_Code/System/CPU_Init.o
                0x00000400                _cfm
                0x00000410                . = ALIGN (0x4)

.text           0x00000410     0x3860
                0x00000410                . = ALIGN (0x4)
 *(.text)
 .text          0x00000410       0x54 c:/freescale/kds_v3/toolchain/bin/../lib/gcc/arm-none-eabi/4.8.4/armv7e-m/fpu/crtbegin.o
 .text          0x00000464       0x74 c:/freescale/kds_v3/toolchain/bin/../lib/gcc/arm-none-eabi/4.8.4/../../../../arm-none-eabi/lib/armv7e-m/fpu/crt0.o
                0x00000464                _start
                0x00000464                _mainCRTStartup
 *(.text*)
 .text.CPU_SetBASEPRI
                0x000004d8       0x18 ./Static_Code/System/CPU_Init.o
                0x000004d8                CPU_SetBASEPRI
 .text.__init_hardware
                0x000004f0       0xb4 ./Static_Code/System/CPU_Init.o
                0x000004f0                __init_hardware
 .text.PE_low_level_init
                0x000005a4       0x44 ./Static_Code/System/CPU_Init.o
                0x000005a4                PE_low_level_init
 .text.CPU_GetClockGenMode
                0x000005e8       0x90 ./Static_Code/System/CPU_Init.o
                0x000005e8                CPU_GetClockGenMode
 .text.CPU_SetClockConfigGenMode
                0x00000678      0x54c ./Static_Code/System/CPU_Init.o
                0x00000678                CPU_SetClockConfigGenMode
 .text.UnhandledInterrupt
                0x00000bc4       0x18 ./Static_Code/System/Vectors.o
                0x00000bc4                UnhandledInterrupt
 .text.Cpu_OnNMI
                0x00000bdc        0xc ./Sources/Events.o
                0x00000bdc                Cpu_OnNMI
 .text.LEDRouge_OnEnd
                0x00000be8        0xc ./Sources/Events.o
                0x00000be8                LEDRouge_OnEnd
 .text.AD1_OnEnd
                0x00000bf4        0xc ./Sources/Events.o
                0x00000bf4                AD1_OnEnd
 .text.AD1_OnCalibrationEnd
                0x00000c00        0xc ./Sources/Events.o
                0x00000c00                AD1_OnCalibrationEnd
 .text.LEDVerte_OnEnd
                0x00000c0c        0xc ./Sources/Events.o
                0x00000c0c                LEDVerte_OnEnd
 .text.AD2_OnEnd
                0x00000c18        0xc ./Sources/Events.o
                0x00000c18                AD2_OnEnd
 .text.AD2_OnCalibrationEnd
                0x00000c24        0xc ./Sources/Events.o
                0x00000c24                AD2_OnCalibrationEnd
 .text.L3G4200D_init
                0x00000c30       0x3c ./Sources/MMA8451.o
                0x00000c30                L3G4200D_init
 .text.L3G4200D_getX_MSB
                0x00000c6c       0x24 ./Sources/MMA8451.o
                0x00000c6c                L3G4200D_getX_MSB
 .text.L3G4200D_getX_LSB
                0x00000c90       0x24 ./Sources/MMA8451.o
                0x00000c90                L3G4200D_getX_LSB
 .text.L3G4200D_getY_MSB
                0x00000cb4       0x24 ./Sources/MMA8451.o
                0x00000cb4                L3G4200D_getY_MSB
 .text.L3G4200D_getY_LSB
                0x00000cd8       0x24 ./Sources/MMA8451.o
                0x00000cd8                L3G4200D_getY_LSB
 .text.L3G4200D_getZ_MSB
                0x00000cfc       0x24 ./Sources/MMA8451.o
                0x00000cfc                L3G4200D_getZ_MSB
 .text.L3G4200D_getZ_LSB
                0x00000d20       0x24 ./Sources/MMA8451.o
                0x00000d20                L3G4200D_getZ_LSB
 .text.MMA8451_Run
                0x00000d44       0xb8 ./Sources/MMA8451.o
                0x00000d44                MMA8451_Run
 .text.sendData
                0x00000dfc       0x9c ./Sources/SendData.o
                0x00000dfc                sendData
 .text.lumiere_reference
                0x00000e98       0x18 ./Sources/lumiere.o
                0x00000e98                lumiere_reference
 .text.lumiere_initialisation
                0x00000eb0      0x12c ./Sources/lumiere.o
                0x00000eb0                lumiere_initialisation
 .text.lumiere_gestion
                0x00000fdc      0x114 ./Sources/lumiere.o
                0x00000fdc                lumiere_gestion
 .text.main     0x000010f0      0x1b0 ./Sources/main.o
                0x000010f0                main
 .text.__copy_rom_section
                0x000012a0       0xe4 ./Project_Settings/Startup_Code/startup.o
                0x000012a0                __copy_rom_section
 .text.__copy_rom_sections_to_ram
                0x00001384       0x9c ./Project_Settings/Startup_Code/startup.o
                0x00001384                __copy_rom_sections_to_ram
 .text.__init_registers
                0x00001420       0x20 ./Project_Settings/Startup_Code/startup.o
                0x00001420                __init_registers
 .text.__init_user
                0x00001440        0xc ./Project_Settings/Startup_Code/startup.o
                0x00001440                __init_user
 .text.__thumb_startup
                0x0000144c       0x34 ./Project_Settings/Startup_Code/startup.o
                0x0000144c                __thumb_startup
 .text.AD1_HWEnDi
                0x00001480       0x44 ./Generated_Code/AD1.o
                0x00001480                AD1_HWEnDi
 .text.AD1_Measure
                0x000014c4       0x44 ./Generated_Code/AD1.o
                0x000014c4                AD1_Measure
 .text.AD1_GetValue16
                0x00001508       0x3c ./Generated_Code/AD1.o
                0x00001508                AD1_GetValue16
 .text.AdcLdd1_OnMeasurementComplete
                0x00001544       0x5c ./Generated_Code/AD1.o
                0x00001544                AdcLdd1_OnMeasurementComplete
 .text.AD1_Init
                0x000015a0       0x2c ./Generated_Code/AD1.o
                0x000015a0                AD1_Init
 .text.AD2_HWEnDi
                0x000015cc       0x44 ./Generated_Code/AD2.o
                0x000015cc                AD2_HWEnDi
 .text.AD2_Measure
                0x00001610       0x44 ./Generated_Code/AD2.o
                0x00001610                AD2_Measure
 .text.AD2_GetValue8
                0x00001654       0x44 ./Generated_Code/AD2.o
                0x00001654                AD2_GetValue8
 .text.AdcLdd2_OnMeasurementComplete
                0x00001698       0x5c ./Generated_Code/AD2.o
                0x00001698                AdcLdd2_OnMeasurementComplete
 .text.AD2_Init
                0x000016f4       0x2c ./Generated_Code/AD2.o
                0x000016f4                AD2_Init
 .text.ASerialLdd1_Init
                0x00001720      0x1d8 ./Generated_Code/ASerialLdd1.o
                0x00001720                ASerialLdd1_Init
 .text.ASerialLdd1_ReceiveBlock
                0x000018f8       0x90 ./Generated_Code/ASerialLdd1.o
                0x000018f8                ASerialLdd1_ReceiveBlock
 .text.ASerialLdd1_SendBlock
                0x00001988       0xbc ./Generated_Code/ASerialLdd1.o
                0x00001988                ASerialLdd1_SendBlock
 .text.InterruptRx
                0x00001a44       0x58 ./Generated_Code/ASerialLdd1.o
 .text.InterruptTx
                0x00001a9c       0x80 ./Generated_Code/ASerialLdd1.o
 .text.ASerialLdd1_Interrupt
                0x00001b1c       0xf4 ./Generated_Code/ASerialLdd1.o
                0x00001b1c                ASerialLdd1_Interrupt
 .text.ASerialLdd1_GetError
                0x00001c10       0x70 ./Generated_Code/ASerialLdd1.o
                0x00001c10                ASerialLdd1_GetError
 .text.AdcLdd1_Init
                0x00001c80       0xc0 ./Generated_Code/AdcLdd1.o
                0x00001c80                AdcLdd1_Init
 .text.AdcLdd1_StartSingleMeasurement
                0x00001d40       0x4c ./Generated_Code/AdcLdd1.o
                0x00001d40                AdcLdd1_StartSingleMeasurement
 .text.AdcLdd1_CreateSampleGroup
                0x00001d8c       0x64 ./Generated_Code/AdcLdd1.o
                0x00001d8c                AdcLdd1_CreateSampleGroup
 .text.AdcLdd1_GetMeasuredValues
                0x00001df0       0x4c ./Generated_Code/AdcLdd1.o
                0x00001df0                AdcLdd1_GetMeasuredValues
 .text.AdcLdd1_GetCalibrationResultStatus
                0x00001e3c       0xbc ./Generated_Code/AdcLdd1.o
                0x00001e3c                AdcLdd1_GetCalibrationResultStatus
 .text.AdcLdd1_MeasurementCompleteInterrupt
                0x00001ef8       0x3c ./Generated_Code/AdcLdd1.o
                0x00001ef8                AdcLdd1_MeasurementCompleteInterrupt
 .text.AdcLdd2_Init
                0x00001f34       0xec ./Generated_Code/AdcLdd2.o
                0x00001f34                AdcLdd2_Init
 .text.AdcLdd2_StartSingleMeasurement
                0x00002020       0x4c ./Generated_Code/AdcLdd2.o
                0x00002020                AdcLdd2_StartSingleMeasurement
 .text.AdcLdd2_CreateSampleGroup
                0x0000206c       0x64 ./Generated_Code/AdcLdd2.o
                0x0000206c                AdcLdd2_CreateSampleGroup
 .text.AdcLdd2_GetMeasuredValues
                0x000020d0       0x4c ./Generated_Code/AdcLdd2.o
                0x000020d0                AdcLdd2_GetMeasuredValues
 .text.AdcLdd2_GetCalibrationResultStatus
                0x0000211c       0xbc ./Generated_Code/AdcLdd2.o
                0x0000211c                AdcLdd2_GetCalibrationResultStatus
 .text.AdcLdd2_MeasurementCompleteInterrupt
                0x000021d8       0x3c ./Generated_Code/AdcLdd2.o
                0x000021d8                AdcLdd2_MeasurementCompleteInterrupt
 .text.BT1_Init
                0x00002214       0x18 ./Generated_Code/BT1.o
                0x00002214                BT1_Init
 .text.BitIoLdd1_Init
                0x0000222c       0x80 ./Generated_Code/BitIoLdd1.o
                0x0000222c                BitIoLdd1_Init
 .text.BitIoLdd1_ClrVal
                0x000022ac       0x1c ./Generated_Code/BitIoLdd1.o
                0x000022ac                BitIoLdd1_ClrVal
 .text.BitIoLdd1_SetVal
                0x000022c8       0x1c ./Generated_Code/BitIoLdd1.o
                0x000022c8                BitIoLdd1_SetVal
 .text.CI2C1_Interrupt
                0x000022e4      0x288 ./Generated_Code/CI2C1.o
                0x000022e4                CI2C1_Interrupt
 .text.CI2C1_Init
                0x0000256c      0x148 ./Generated_Code/CI2C1.o
                0x0000256c                CI2C1_Init
 .text.CI2C1_MasterSendBlock
                0x000026b4      0x18c ./Generated_Code/CI2C1.o
                0x000026b4                CI2C1_MasterSendBlock
 .text.CI2C1_MasterReceiveBlock
                0x00002840      0x188 ./Generated_Code/CI2C1.o
                0x00002840                CI2C1_MasterReceiveBlock
 .text.CI2C1_SelectSlaveDevice
                0x000029c8       0xf0 ./Generated_Code/CI2C1.o
                0x000029c8                CI2C1_SelectSlaveDevice
 .text.CLS1_Init
                0x00002ab8        0xc ./Generated_Code/CLS1.o
                0x00002ab8                CLS1_Init
 .text.Components_Init
                0x00002ac4       0xd4 ./Generated_Code/Cpu.o
                0x00002ac4                Components_Init
 .text.Cpu_INT_NMIInterrupt
                0x00002b98       0x1c ./Generated_Code/Cpu.o
                0x00002b98                Cpu_INT_NMIInterrupt
 .text.GI2C1_SelectSlave
                0x00002bb4       0x34 ./Generated_Code/GI2C1.o
                0x00002bb4                GI2C1_SelectSlave
 .text.GI2C1_UnselectSlave
                0x00002be8       0x10 ./Generated_Code/GI2C1.o
                0x00002be8                GI2C1_UnselectSlave
 .text.GI2C1_ReadAddress
                0x00002bf8       0xb0 ./Generated_Code/GI2C1.o
                0x00002bf8                GI2C1_ReadAddress
 .text.GI2C1_WriteAddress
                0x00002ca8       0xe4 ./Generated_Code/GI2C1.o
                0x00002ca8                GI2C1_WriteAddress
 .text.CI2C1_OnMasterBlockSent
                0x00002d8c       0x28 ./Generated_Code/GI2C1.o
                0x00002d8c                CI2C1_OnMasterBlockSent
 .text.CI2C1_OnMasterBlockReceived
                0x00002db4       0x28 ./Generated_Code/GI2C1.o
                0x00002db4                CI2C1_OnMasterBlockReceived
 .text.GI2C1_Init
                0x00002ddc       0x20 ./Generated_Code/GI2C1.o
                0x00002ddc                GI2C1_Init
 .text.GI2C1_ReadByteAddress8
                0x00002dfc       0x30 ./Generated_Code/GI2C1.o
                0x00002dfc                GI2C1_ReadByteAddress8
 .text.GI2C1_WriteByteAddress8
                0x00002e2c       0x30 ./Generated_Code/GI2C1.o
                0x00002e2c                GI2C1_WriteByteAddress8
 .text.LED1_Init
                0x00002e5c       0x14 ./Generated_Code/LED1.o
                0x00002e5c                LED1_Init
 .text.LEDBlanche_SetFreqHz
                0x00002e70       0x38 ./Generated_Code/LEDBlanche.o
                0x00002e70                LEDBlanche_SetFreqHz
 .text.LEDRouge_SetFreqHz
                0x00002ea8       0x38 ./Generated_Code/LEDRouge.o
                0x00002ea8                LEDRouge_SetFreqHz
 .text.PpgLdd1_OnEnd
                0x00002ee0       0x14 ./Generated_Code/LEDRouge.o
                0x00002ee0                PpgLdd1_OnEnd
 .text.LEDVerte_SetFreqHz
                0x00002ef4       0x38 ./Generated_Code/LEDVerte.o
                0x00002ef4                LEDVerte_SetFreqHz
 .text.PpgLdd3_OnEnd
                0x00002f2c       0x14 ./Generated_Code/LEDVerte.o
                0x00002f2c                PpgLdd3_OnEnd
 .text.PpgLdd1_Init
                0x00002f40       0xd8 ./Generated_Code/PpgLdd1.o
                0x00002f40                PpgLdd1_Init
 .text.PpgLdd1_Enable
                0x00003018       0x30 ./Generated_Code/PpgLdd1.o
                0x00003018                PpgLdd1_Enable
 .text.PpgLdd1_Disable
                0x00003048       0x38 ./Generated_Code/PpgLdd1.o
                0x00003048                PpgLdd1_Disable
 .text.PpgLdd1_SetFrequencyHz
                0x00003080       0x80 ./Generated_Code/PpgLdd1.o
                0x00003080                PpgLdd1_SetFrequencyHz
 .text.PpgLdd1_SetRatio8
                0x00003100       0x2c ./Generated_Code/PpgLdd1.o
                0x00003100                PpgLdd1_SetRatio8
 .text.PpgLdd1_Interrupt
                0x0000312c       0x40 ./Generated_Code/PpgLdd1.o
                0x0000312c                PpgLdd1_Interrupt
 .text.SetRatio
                0x0000316c       0x44 ./Generated_Code/PpgLdd1.o
 .text.PpgLdd2_Init
                0x000031b0       0xb4 ./Generated_Code/PpgLdd2.o
                0x000031b0                PpgLdd2_Init
 .text.PpgLdd2_Enable
                0x00003264       0x30 ./Generated_Code/PpgLdd2.o
                0x00003264                PpgLdd2_Enable
 .text.PpgLdd2_Disable
                0x00003294       0x38 ./Generated_Code/PpgLdd2.o
                0x00003294                PpgLdd2_Disable
 .text.PpgLdd2_SetFrequencyHz
                0x000032cc       0x80 ./Generated_Code/PpgLdd2.o
                0x000032cc                PpgLdd2_SetFrequencyHz
 .text.PpgLdd2_SetRatio8
                0x0000334c       0x2c ./Generated_Code/PpgLdd2.o
                0x0000334c                PpgLdd2_SetRatio8
 .text.SetRatio
                0x00003378       0x44 ./Generated_Code/PpgLdd2.o
 .text.PpgLdd3_Init
                0x000033bc       0xc0 ./Generated_Code/PpgLdd3.o
                0x000033bc                PpgLdd3_Init
 .text.PpgLdd3_Enable
                0x0000347c       0x30 ./Generated_Code/PpgLdd3.o
                0x0000347c                PpgLdd3_Enable
 .text.PpgLdd3_Disable
                0x000034ac       0x38 ./Generated_Code/PpgLdd3.o
                0x000034ac                PpgLdd3_Disable
 .text.PpgLdd3_SetFrequencyHz
                0x000034e4       0x80 ./Generated_Code/PpgLdd3.o
                0x000034e4                PpgLdd3_SetFrequencyHz
 .text.PpgLdd3_SetRatio8
                0x00003564       0x2c ./Generated_Code/PpgLdd3.o
                0x00003564                PpgLdd3_SetRatio8
 .text.PpgLdd3_Interrupt
                0x00003590       0x40 ./Generated_Code/PpgLdd3.o
                0x00003590                PpgLdd3_Interrupt
 .text.SetRatio
                0x000035d0       0x44 ./Generated_Code/PpgLdd3.o
 .text.HWEnDi   0x00003614       0x1c ./Generated_Code/Serial1.o
 .text.Serial1_RecvChar
                0x00003630       0xd8 ./Generated_Code/Serial1.o
                0x00003630                Serial1_RecvChar
 .text.Serial1_SendChar
                0x00003708       0xdc ./Generated_Code/Serial1.o
                0x00003708                Serial1_SendChar
 .text.Serial1_Init
                0x000037e4       0x60 ./Generated_Code/Serial1.o
                0x000037e4                Serial1_Init
 .text.ASerialLdd1_OnBlockReceived
                0x00003844       0x7c ./Generated_Code/Serial1.o
                0x00003844                ASerialLdd1_OnBlockReceived
 .text.ASerialLdd1_OnBlockSent
                0x000038c0       0x88 ./Generated_Code/Serial1.o
                0x000038c0                ASerialLdd1_OnBlockSent
 .text.ASerialLdd1_OnError
                0x00003948       0x98 ./Generated_Code/Serial1.o
                0x00003948                ASerialLdd1_OnError
 .text.ASerialLdd1_OnBreak
                0x000039e0       0x24 ./Generated_Code/Serial1.o
                0x000039e0                ASerialLdd1_OnBreak
 .text.WAIT1_Wait10Cycles
                0x00003a04        0x8 ./Generated_Code/WAIT1.o
                0x00003a04                WAIT1_Wait10Cycles
 .text.WAIT1_Wait100Cycles
                0x00003a0c       0x28 ./Generated_Code/WAIT1.o
                0x00003a0c                WAIT1_Wait100Cycles
 .text.WAIT1_WaitCycles
                0x00003a34       0x34 ./Generated_Code/WAIT1.o
                0x00003a34                WAIT1_WaitCycles
 .text.WAIT1_WaitLongCycles
                0x00003a68       0x38 ./Generated_Code/WAIT1.o
                0x00003a68                WAIT1_WaitLongCycles
 .text.WAIT1_Waitms
                0x00003aa0       0x2c ./Generated_Code/WAIT1.o
                0x00003aa0                WAIT1_Waitms
 .text.exit     0x00003acc       0x28 c:/freescale/kds_v3/toolchain/bin/../lib/gcc/arm-none-eabi/4.8.4/../../../../arm-none-eabi/lib/armv7e-m/fpu\libg_s.a(lib_a-exit.o)
                0x00003acc                exit
 .text.__libc_init_array
                0x00003af4       0x4c c:/freescale/kds_v3/toolchain/bin/../lib/gcc/arm-none-eabi/4.8.4/../../../../arm-none-eabi/lib/armv7e-m/fpu\libg_s.a(lib_a-init.o)
                0x00003af4                __libc_init_array
 .text.memset   0x00003b40       0x10 c:/freescale/kds_v3/toolchain/bin/../lib/gcc/arm-none-eabi/4.8.4/../../../../arm-none-eabi/lib/armv7e-m/fpu\libg_s.a(lib_a-memset.o)
                0x00003b40                memset
 .text._exit    0x00003b50        0x4 c:/freescale/kds_v3/toolchain/bin/../lib/gcc/arm-none-eabi/4.8.4/../../../../arm-none-eabi/lib/armv7e-m/fpu\libnosys.a(_exit.o)
                0x00003b50                _exit
 *(.rodata)
 *(.rodata*)
 .rodata.ClockGenModeMatrix
                0x00003b54       0x80 ./Static_Code/System/CPU_Init.o
 .rodata.CPU_ClockConfigDescriptors
                0x00003bd4       0x1c ./Static_Code/System/CPU_Init.o
 .rodata.CPU_DefaultFEI
                0x00003bf0        0x8 ./Static_Code/System/CPU_Init.o
 .rodata.CPU_DefaultFBI
                0x00003bf8        0x8 ./Static_Code/System/CPU_Init.o
 .rodata.CPU_DefaultBLPI
                0x00003c00        0x8 ./Static_Code/System/CPU_Init.o
 .rodata.CPU_DefaultFEE
                0x00003c08        0x8 ./Static_Code/System/CPU_Init.o
 .rodata.CPU_DefaultFBE
                0x00003c10        0x8 ./Static_Code/System/CPU_Init.o
 .rodata.CPU_DefaultBLPE
                0x00003c18        0x8 ./Static_Code/System/CPU_Init.o
 .rodata.CPU_DefaultPBE
                0x00003c20        0x8 ./Static_Code/System/CPU_Init.o
 .rodata.CPU_DefaultPEE
                0x00003c28        0x8 ./Static_Code/System/CPU_Init.o
 .rodata.CPU_ClockGenModeRegs
                0x00003c30       0x20 ./Static_Code/System/CPU_Init.o
 .rodata.str1.1
                0x00003c50        0x2 c:/freescale/kds_v3/toolchain/bin/../lib/gcc/arm-none-eabi/4.8.4/../../../../arm-none-eabi/lib/armv7e-m/fpu\libg_s.a(lib_a-impure.o)
 *fill*         0x00003c52        0x2 
 .rodata._global_impure_ptr
                0x00003c54        0x4 c:/freescale/kds_v3/toolchain/bin/../lib/gcc/arm-none-eabi/4.8.4/../../../../arm-none-eabi/lib/armv7e-m/fpu\libg_s.a(lib_a-impure.o)
                0x00003c54                _global_impure_ptr
 *(.glue_7)
 .glue_7        0x00000000        0x0 linker stubs
 *(.glue_7t)
 .glue_7t       0x00000000        0x0 linker stubs
 *(.eh_frame)
 .eh_frame      0x00003c58        0x0 c:/freescale/kds_v3/toolchain/bin/../lib/gcc/arm-none-eabi/4.8.4/armv7e-m/fpu/crtbegin.o
 *(.init)
 .init          0x00003c58        0x4 c:/freescale/kds_v3/toolchain/bin/../lib/gcc/arm-none-eabi/4.8.4/armv7e-m/fpu/crti.o
                0x00003c58                _init
 .init          0x00003c5c        0x8 c:/freescale/kds_v3/toolchain/bin/../lib/gcc/arm-none-eabi/4.8.4/armv7e-m/fpu/crtn.o
 *(.fini)
 .fini          0x00003c64        0x4 c:/freescale/kds_v3/toolchain/bin/../lib/gcc/arm-none-eabi/4.8.4/armv7e-m/fpu/crti.o
                0x00003c64                _fini
 .fini          0x00003c68        0x8 c:/freescale/kds_v3/toolchain/bin/../lib/gcc/arm-none-eabi/4.8.4/armv7e-m/fpu/crtn.o
                0x00003c70                . = ALIGN (0x4)
                0x00003c70                _etext = .

.vfp11_veneer   0x00003c70        0x0
 .vfp11_veneer  0x00000000        0x0 linker stubs

.v4_bx          0x00003c70        0x0
 .v4_bx         0x00000000        0x0 linker stubs

.iplt           0x00003c70        0x0
 .iplt          0x00000000        0x0 c:/freescale/kds_v3/toolchain/bin/../lib/gcc/arm-none-eabi/4.8.4/armv7e-m/fpu/crtbegin.o

.ARM.extab
 *(.ARM.extab* .gnu.linkonce.armextab.*)

.ARM            0x00003c70        0x8
                0x00003c70                __exidx_start = .
 *(.ARM.exidx*)
 .ARM.exidx     0x00003c70        0x8 c:/freescale/kds_v3/toolchain/bin/../lib/gcc/arm-none-eabi/4.8.4/../../../../arm-none-eabi/lib/armv7e-m/fpu/crt0.o
                0x00003c78                __exidx_end = .

.rel.dyn        0x00003c78        0x0
 .rel.iplt      0x00000000        0x0 c:/freescale/kds_v3/toolchain/bin/../lib/gcc/arm-none-eabi/4.8.4/armv7e-m/fpu/crtbegin.o

.ctors          0x00003c78        0x0
                0x00003c78                __CTOR_LIST__ = .
 *crtbegin.o(.ctors)
 *(EXCLUDE_FILE(*crtend.o) .ctors)
 *(SORT(.ctors.*))
 *(.ctors)
                0x00003c78                __CTOR_END__ = .

.dtors          0x00003c78        0x0
                0x00003c78                __DTOR_LIST__ = .
 *crtbegin.o(.dtors)
 *(EXCLUDE_FILE(*crtend.o) .dtors)
 *(SORT(.dtors.*))
 *(.dtors)
                0x00003c78                __DTOR_END__ = .

.preinit_array  0x00003c78        0x0
                0x00003c78                PROVIDE (__preinit_array_start, .)
 *(.preinit_array*)
                0x00003c78                PROVIDE (__preinit_array_end, .)

.init_array     0x00003c78        0x4
                0x00003c78                PROVIDE (__init_array_start, .)
 *(SORT(.init_array.*))
 *(.init_array*)
 .init_array    0x00003c78        0x4 c:/freescale/kds_v3/toolchain/bin/../lib/gcc/arm-none-eabi/4.8.4/armv7e-m/fpu/crtbegin.o
                0x00003c7c                PROVIDE (__init_array_end, .)

.fini_array     0x00003c7c        0x4
                0x00003c7c                PROVIDE (__fini_array_start, .)
 *(SORT(.fini_array.*))
 *(.fini_array*)
 .fini_array    0x00003c7c        0x4 c:/freescale/kds_v3/toolchain/bin/../lib/gcc/arm-none-eabi/4.8.4/armv7e-m/fpu/crtbegin.o
                0x00003c80                PROVIDE (__fini_array_end, .)
                0x00003c80                ___ROM_AT = .

.data           0x1fff0000       0x64 load address 0x00003c80
                0x1fff0000                . = ALIGN (0x4)
                0x1fff0000                _sdata = .
 *(.data)
 *(.data*)
 .data.BT1_lastErr
                0x1fff0000        0x1 ./Generated_Code/BT1.o
 *fill*         0x1fff0001        0x3 
 .data.impure_data
                0x1fff0004       0x60 c:/freescale/kds_v3/toolchain/bin/../lib/gcc/arm-none-eabi/4.8.4/../../../../arm-none-eabi/lib/armv7e-m/fpu\libg_s.a(lib_a-impure.o)
                0x1fff0064                . = ALIGN (0x4)
                0x1fff0064                _edata = .
                0x00000064                ___data_size = (_edata - _sdata)
                0x00003ce4                ___m_data_20000000_ROMStart = (___ROM_AT + SIZEOF (.data))

.jcr            0x1fff0064        0x0 load address 0x00003ce4
 .jcr           0x1fff0064        0x0 c:/freescale/kds_v3/toolchain/bin/../lib/gcc/arm-none-eabi/4.8.4/armv7e-m/fpu/crtbegin.o

.igot.plt       0x1fff0064        0x0 load address 0x00003ce4
 .igot.plt      0x00000000        0x0 c:/freescale/kds_v3/toolchain/bin/../lib/gcc/arm-none-eabi/4.8.4/armv7e-m/fpu/crtbegin.o

.m_data_20000000
                0x20000000        0x0 load address 0x00003ce4
                0x20000000                . = ALIGN (0x4)
                0x20000000                ___m_data_20000000_RAMStart = .
 *(.m_data_20000000)
                0x20000000                ___m_data_20000000_RAMEnd = .
                0x20000000                . = ALIGN (0x4)
                0x00000000                ___m_data_20000000_ROMSize = (___m_data_20000000_RAMEnd - ___m_data_20000000_RAMStart)
                0x20000000                . = ALIGN (0x4)

.bss            0x1fff0064      0x1b0 load address 0x00003ce4
                0x1fff0064                __START_BSS = .
                0x1fff0064                PROVIDE (__bss_start__, __START_BSS)
 *(.bss)
 .bss           0x1fff0064       0x1c c:/freescale/kds_v3/toolchain/bin/../lib/gcc/arm-none-eabi/4.8.4/armv7e-m/fpu/crtbegin.o
 *(.bss*)
 .bss.SR_lock   0x1fff0080        0x1 ./Static_Code/System/CPU_Init.o
                0x1fff0080                SR_lock
 *fill*         0x1fff0081        0x1 
 .bss.x_gyro    0x1fff0082        0x2 ./Sources/MMA8451.o
                0x1fff0082                x_gyro
 .bss.y_gyro    0x1fff0084        0x2 ./Sources/MMA8451.o
                0x1fff0084                y_gyro
 .bss.z_gyro    0x1fff0086        0x2 ./Sources/MMA8451.o
                0x1fff0086                z_gyro
 .bss.lumiref   0x1fff0088        0x1 ./Sources/lumiere.o
 .bss.ModeFlg   0x1fff0089        0x1 ./Generated_Code/AD1.o
 *fill*         0x1fff008a        0x2 
 .bss.SampleGroup
                0x1fff008c        0x4 ./Generated_Code/AD1.o
 .bss.OutFlg    0x1fff0090        0x1 ./Generated_Code/AD1.o
 .bss.ModeFlg   0x1fff0091        0x1 ./Generated_Code/AD2.o
 *fill*         0x1fff0092        0x2 
 .bss.SampleGroup
                0x1fff0094        0x4 ./Generated_Code/AD2.o
 .bss.OutFlg    0x1fff0098        0x1 ./Generated_Code/AD2.o
 *fill*         0x1fff0099        0x3 
 .bss.DeviceDataPrv__DEFAULT_RTOS_ALLOC
                0x1fff009c       0x20 ./Generated_Code/ASerialLdd1.o
 .bss.INT_UART2_RX_TX__DEFAULT_RTOS_ISRPARAM
                0x1fff00bc        0x4 ./Generated_Code/ASerialLdd1.o
 .bss.INT_UART2_ERR__DEFAULT_RTOS_ISRPARAM
                0x1fff00c0        0x4 ./Generated_Code/ASerialLdd1.o
 .bss.DeviceDataPrv__DEFAULT_RTOS_ALLOC
                0x1fff00c4        0x8 ./Generated_Code/AdcLdd1.o
 .bss.INT_ADC0__DEFAULT_RTOS_ISRPARAM
                0x1fff00cc        0x4 ./Generated_Code/AdcLdd1.o
 .bss.DeviceDataPrv__DEFAULT_RTOS_ALLOC
                0x1fff00d0        0x8 ./Generated_Code/AdcLdd2.o
 .bss.INT_ADC1__DEFAULT_RTOS_ISRPARAM
                0x1fff00d8        0x4 ./Generated_Code/AdcLdd2.o
 .bss.DeviceDataPrv__DEFAULT_RTOS_ALLOC
                0x1fff00dc        0x4 ./Generated_Code/BitIoLdd1.o
 .bss.DeviceDataPrv__DEFAULT_RTOS_ALLOC
                0x1fff00e0       0x18 ./Generated_Code/CI2C1.o
 .bss.INT_I2C1__DEFAULT_RTOS_ISRPARAM
                0x1fff00f8        0x4 ./Generated_Code/CI2C1.o
 .bss.GI2C1_deviceData
                0x1fff00fc        0x8 ./Generated_Code/GI2C1.o
 .bss.writeBuf.6123
                0x1fff0104       0x10 ./Generated_Code/GI2C1.o
 .bss.PE_LDD_DeviceDataList
                0x1fff0114       0x20 ./Generated_Code/PE_LDD.o
                0x1fff0114                PE_LDD_DeviceDataList
 .bss.DeviceDataPrv__DEFAULT_RTOS_ALLOC
                0x1fff0134       0x10 ./Generated_Code/PpgLdd1.o
 .bss.INT_FTM0__DEFAULT_RTOS_ISRPARAM
                0x1fff0144        0x4 ./Generated_Code/PpgLdd1.o
 .bss.DeviceDataPrv__DEFAULT_RTOS_ALLOC
                0x1fff0148       0x10 ./Generated_Code/PpgLdd2.o
 .bss.DeviceDataPrv__DEFAULT_RTOS_ALLOC
                0x1fff0158       0x10 ./Generated_Code/PpgLdd3.o
 .bss.INT_FTM2__DEFAULT_RTOS_ISRPARAM
                0x1fff0168        0x4 ./Generated_Code/PpgLdd3.o
 .bss.SerFlag   0x1fff016c        0x2 ./Generated_Code/Serial1.o
 .bss.Serial1_InpLen
                0x1fff016e        0x2 ./Generated_Code/Serial1.o
 .bss.InpIndexR
                0x1fff0170        0x2 ./Generated_Code/Serial1.o
 .bss.InpIndexW
                0x1fff0172        0x2 ./Generated_Code/Serial1.o
 .bss.InpBuffer
                0x1fff0174       0x40 ./Generated_Code/Serial1.o
 .bss.BufferRead
                0x1fff01b4        0x1 ./Generated_Code/Serial1.o
 *fill*         0x1fff01b5        0x1 
 .bss.Serial1_OutLen
                0x1fff01b6        0x2 ./Generated_Code/Serial1.o
 .bss.OutIndexR
                0x1fff01b8        0x2 ./Generated_Code/Serial1.o
 .bss.OutIndexW
                0x1fff01ba        0x2 ./Generated_Code/Serial1.o
 .bss.OutBuffer
                0x1fff01bc       0x40 ./Generated_Code/Serial1.o
 *(COMMON)
 COMMON         0x1fff01fc        0x1 ./Static_Code/System/CPU_Init.o
                0x1fff01fc                SR_reg
 *fill*         0x1fff01fd        0x3 
 COMMON         0x1fff0200        0x8 ./Generated_Code/AD1.o
                0x1fff0200                AD1_OutV
                0x1fff0204                AdcLdd1_DeviceDataPtr
 COMMON         0x1fff0208        0x8 ./Generated_Code/AD2.o
                0x1fff0208                AD2_OutV
                0x1fff020c                AdcLdd2_DeviceDataPtr
 COMMON         0x1fff0210        0x4 ./Generated_Code/Serial1.o
                0x1fff0210                ASerialLdd1_DeviceDataPtr
                0x1fff0214                . = ALIGN (0x4)
                0x1fff0214                __END_BSS = .
                0x1fff0214                PROVIDE (__bss_end__, __END_BSS)
                0x00003ce4                _romp_at = ((___ROM_AT + SIZEOF (.data)) + SIZEOF (.m_data_20000000))

.romp           0x1fff0214       0x24 load address 0x00003ce4
                0x00003ce4                __S_romp = _romp_at
                0x1fff0214        0x4 LONG 0x3c80 ___ROM_AT
                0x1fff0218        0x4 LONG 0x1fff0000 _sdata
                0x1fff021c        0x4 LONG 0x64 ___data_size
                0x1fff0220        0x4 LONG 0x3ce4 ___m_data_20000000_ROMStart
                0x1fff0224        0x4 LONG 0x20000000 ___m_data_20000000_RAMStart
                0x1fff0228        0x4 LONG 0x0 ___m_data_20000000_ROMSize
                0x1fff022c        0x4 LONG 0x0
                0x1fff0230        0x4 LONG 0x0
                0x1fff0234        0x4 LONG 0x0
                0x00080000                text_end = (ORIGIN (m_text) + 0x7fbf0)
                0x00003d08                data_init_end = ((___m_data_20000000_ROMStart + SIZEOF (.m_data_20000000)) + SIZEOF (.romp))
                0x00000001                ASSERT ((data_init_end <= text_end), region m_text overflowed with text and data)

._user_heap_stack
                0x1fff0238      0x400 load address 0x00003d08
                0x1fff0238                . = ALIGN (0x4)
                0x1fff0238                PROVIDE (end, .)
                0x1fff0238                PROVIDE (_end, .)
                0x1fff0238                PROVIDE (__end__, .)
                0x1fff0238                __heap_addr = .
                0x1fff0238                __HeapBase = .
                0x1fff0238                . = (. + __heap_size)
                0x1fff0238                __HeapLimit = .
                0x1fff0638                . = (. + __stack_size)
 *fill*         0x1fff0238      0x400 
                0x1fff0638                . = ALIGN (0x4)

.ARM.attributes
                0x00000000       0x30
 *(.ARM.attributes)
 .ARM.attributes
                0x00000000       0x22 c:/freescale/kds_v3/toolchain/bin/../lib/gcc/arm-none-eabi/4.8.4/armv7e-m/fpu/crti.o
 .ARM.attributes
                0x00000022       0x34 c:/freescale/kds_v3/toolchain/bin/../lib/gcc/arm-none-eabi/4.8.4/armv7e-m/fpu/crtbegin.o
 .ARM.attributes
                0x00000056       0x20 c:/freescale/kds_v3/toolchain/bin/../lib/gcc/arm-none-eabi/4.8.4/../../../../arm-none-eabi/lib/armv7e-m/fpu/crt0.o
 .ARM.attributes
                0x00000076       0x39 ./Static_Code/System/CPU_Init.o
 .ARM.attributes
                0x000000af       0x39 ./Static_Code/System/Vectors.o
 .ARM.attributes
                0x000000e8       0x39 ./Sources/Events.o
 .ARM.attributes
                0x00000121       0x39 ./Sources/MMA8451.o
 .ARM.attributes
                0x0000015a       0x39 ./Sources/SendData.o
 .ARM.attributes
                0x00000193       0x39 ./Sources/lumiere.o
 .ARM.attributes
                0x000001cc       0x39 ./Sources/main.o
 .ARM.attributes
                0x00000205       0x39 ./Project_Settings/Startup_Code/startup.o
 .ARM.attributes
                0x0000023e       0x39 ./Generated_Code/AD1.o
 .ARM.attributes
                0x00000277       0x39 ./Generated_Code/AD2.o
 .ARM.attributes
                0x000002b0       0x39 ./Generated_Code/ASerialLdd1.o
 .ARM.attributes
                0x000002e9       0x39 ./Generated_Code/AdcLdd1.o
 .ARM.attributes
                0x00000322       0x39 ./Generated_Code/AdcLdd2.o
 .ARM.attributes
                0x0000035b       0x39 ./Generated_Code/BT1.o
 .ARM.attributes
                0x00000394       0x39 ./Generated_Code/BitIoLdd1.o
 .ARM.attributes
                0x000003cd       0x39 ./Generated_Code/CI2C1.o
 .ARM.attributes
                0x00000406       0x39 ./Generated_Code/CLS1.o
 .ARM.attributes
                0x0000043f       0x39 ./Generated_Code/Cpu.o
 .ARM.attributes
                0x00000478       0x39 ./Generated_Code/GI2C1.o
 .ARM.attributes
                0x000004b1       0x39 ./Generated_Code/LED1.o
 .ARM.attributes
                0x000004ea       0x39 ./Generated_Code/LEDBlanche.o
 .ARM.attributes
                0x00000523       0x39 ./Generated_Code/LEDRouge.o
 .ARM.attributes
                0x0000055c       0x39 ./Generated_Code/LEDVerte.o
 .ARM.attributes
                0x00000595       0x39 ./Generated_Code/PE_LDD.o
 .ARM.attributes
                0x000005ce       0x39 ./Generated_Code/PpgLdd1.o
 .ARM.attributes
                0x00000607       0x39 ./Generated_Code/PpgLdd2.o
 .ARM.attributes
                0x00000640       0x39 ./Generated_Code/PpgLdd3.o
 .ARM.attributes
                0x00000679       0x39 ./Generated_Code/Serial1.o
 .ARM.attributes
                0x000006b2       0x39 ./Generated_Code/WAIT1.o
 .ARM.attributes
                0x000006eb       0x34 c:/freescale/kds_v3/toolchain/bin/../lib/gcc/arm-none-eabi/4.8.4/../../../../arm-none-eabi/lib/armv7e-m/fpu\libg_s.a(lib_a-exit.o)
 .ARM.attributes
                0x0000071f       0x34 c:/freescale/kds_v3/toolchain/bin/../lib/gcc/arm-none-eabi/4.8.4/../../../../arm-none-eabi/lib/armv7e-m/fpu\libg_s.a(lib_a-impure.o)
 .ARM.attributes
                0x00000753       0x34 c:/freescale/kds_v3/toolchain/bin/../lib/gcc/arm-none-eabi/4.8.4/../../../../arm-none-eabi/lib/armv7e-m/fpu\libg_s.a(lib_a-init.o)
 .ARM.attributes
                0x00000787       0x34 c:/freescale/kds_v3/toolchain/bin/../lib/gcc/arm-none-eabi/4.8.4/../../../../arm-none-eabi/lib/armv7e-m/fpu\libg_s.a(lib_a-memset.o)
 .ARM.attributes
                0x000007bb       0x34 c:/freescale/kds_v3/toolchain/bin/../lib/gcc/arm-none-eabi/4.8.4/../../../../arm-none-eabi/lib/armv7e-m/fpu\libnosys.a(_exit.o)
 .ARM.attributes
                0x000007ef       0x22 c:/freescale/kds_v3/toolchain/bin/../lib/gcc/arm-none-eabi/4.8.4/armv7e-m/fpu/crtn.o
OUTPUT(HL_K22F_0.1.elf elf32-littlearm)

.debug_info     0x00000000     0x95ed
 .debug_info    0x00000000      0xabb ./Static_Code/System/CPU_Init.o
 .debug_info    0x00000abb      0x829 ./Static_Code/System/Vectors.o
 .debug_info    0x000012e4      0x103 ./Sources/Events.o
 .debug_info    0x000013e7      0x2f4 ./Sources/MMA8451.o
 .debug_info    0x000016db      0x192 ./Sources/SendData.o
 .debug_info    0x0000186d      0x183 ./Sources/lumiere.o
 .debug_info    0x000019f0      0x1f5 ./Sources/main.o
 .debug_info    0x00001be5      0x3b0 ./Project_Settings/Startup_Code/startup.o
 .debug_info    0x00001f95      0x267 ./Generated_Code/AD1.o
 .debug_info    0x000021fc      0x267 ./Generated_Code/AD2.o
 .debug_info    0x00002463      0xa74 ./Generated_Code/ASerialLdd1.o
 .debug_info    0x00002ed7      0x89b ./Generated_Code/AdcLdd1.o
 .debug_info    0x00003772      0x965 ./Generated_Code/AdcLdd2.o
 .debug_info    0x000040d7      0xa74 ./Generated_Code/BT1.o
 .debug_info    0x00004b4b      0x4f5 ./Generated_Code/BitIoLdd1.o
 .debug_info    0x00005040      0x89b ./Generated_Code/CI2C1.o
 .debug_info    0x000058db      0x9f9 ./Generated_Code/CLS1.o
 .debug_info    0x000062d4      0x356 ./Generated_Code/Cpu.o
 .debug_info    0x0000662a      0x5d5 ./Generated_Code/GI2C1.o
 .debug_info    0x00006bff      0x10b ./Generated_Code/LED1.o
 .debug_info    0x00006d0a      0x2ee ./Generated_Code/LEDBlanche.o
 .debug_info    0x00006ff8      0x2b6 ./Generated_Code/LEDRouge.o
 .debug_info    0x000072ae      0x328 ./Generated_Code/LEDVerte.o
 .debug_info    0x000075d6      0x24d ./Generated_Code/PE_LDD.o
 .debug_info    0x00007823      0x7b5 ./Generated_Code/PpgLdd1.o
 .debug_info    0x00007fd8      0x731 ./Generated_Code/PpgLdd2.o
 .debug_info    0x00008709      0x8d5 ./Generated_Code/PpgLdd3.o
 .debug_info    0x00008fde      0x4c0 ./Generated_Code/Serial1.o
 .debug_info    0x0000949e      0x14f ./Generated_Code/WAIT1.o

.debug_abbrev   0x00000000     0x25f4
 .debug_abbrev  0x00000000      0x1bd ./Static_Code/System/CPU_Init.o
 .debug_abbrev  0x000001bd       0xd6 ./Static_Code/System/Vectors.o
 .debug_abbrev  0x00000293       0x45 ./Sources/Events.o
 .debug_abbrev  0x000002d8      0x111 ./Sources/MMA8451.o
 .debug_abbrev  0x000003e9       0xb1 ./Sources/SendData.o
 .debug_abbrev  0x0000049a       0xbb ./Sources/lumiere.o
 .debug_abbrev  0x00000555       0xd1 ./Sources/main.o
 .debug_abbrev  0x00000626      0x189 ./Project_Settings/Startup_Code/startup.o
 .debug_abbrev  0x000007af      0x16c ./Generated_Code/AD1.o
 .debug_abbrev  0x0000091b      0x16c ./Generated_Code/AD2.o
 .debug_abbrev  0x00000a87      0x1e8 ./Generated_Code/ASerialLdd1.o
 .debug_abbrev  0x00000c6f      0x1b4 ./Generated_Code/AdcLdd1.o
 .debug_abbrev  0x00000e23      0x1b4 ./Generated_Code/AdcLdd2.o
 .debug_abbrev  0x00000fd7      0x207 ./Generated_Code/BT1.o
 .debug_abbrev  0x000011de      0x14e ./Generated_Code/BitIoLdd1.o
 .debug_abbrev  0x0000132c      0x1a5 ./Generated_Code/CI2C1.o
 .debug_abbrev  0x000014d1      0x1d3 ./Generated_Code/CLS1.o
 .debug_abbrev  0x000016a4       0xd5 ./Generated_Code/Cpu.o
 .debug_abbrev  0x00001779      0x1eb ./Generated_Code/GI2C1.o
 .debug_abbrev  0x00001964       0xc6 ./Generated_Code/LED1.o
 .debug_abbrev  0x00001a2a       0xee ./Generated_Code/LEDBlanche.o
 .debug_abbrev  0x00001b18      0x108 ./Generated_Code/LEDRouge.o
 .debug_abbrev  0x00001c20      0x108 ./Generated_Code/LEDVerte.o
 .debug_abbrev  0x00001d28      0x10d ./Generated_Code/PE_LDD.o
 .debug_abbrev  0x00001e35      0x1d8 ./Generated_Code/PpgLdd1.o
 .debug_abbrev  0x0000200d      0x188 ./Generated_Code/PpgLdd2.o
 .debug_abbrev  0x00002195      0x1d8 ./Generated_Code/PpgLdd3.o
 .debug_abbrev  0x0000236d      0x1d6 ./Generated_Code/Serial1.o
 .debug_abbrev  0x00002543       0xb1 ./Generated_Code/WAIT1.o

.debug_aranges  0x00000000      0xdd0
 .debug_aranges
                0x00000000       0x40 ./Static_Code/System/CPU_Init.o
 .debug_aranges
                0x00000040      0x340 ./Static_Code/System/Vectors.o
 .debug_aranges
                0x00000380       0x50 ./Sources/Events.o
 .debug_aranges
                0x000003d0       0x60 ./Sources/MMA8451.o
 .debug_aranges
                0x00000430       0x20 ./Sources/SendData.o
 .debug_aranges
                0x00000450       0x30 ./Sources/lumiere.o
 .debug_aranges
                0x00000480       0x20 ./Sources/main.o
 .debug_aranges
                0x000004a0       0x50 ./Project_Settings/Startup_Code/startup.o
 .debug_aranges
                0x000004f0       0x50 ./Generated_Code/AD1.o
 .debug_aranges
                0x00000540       0x50 ./Generated_Code/AD2.o
 .debug_aranges
                0x00000590       0x50 ./Generated_Code/ASerialLdd1.o
 .debug_aranges
                0x000005e0       0x60 ./Generated_Code/AdcLdd1.o
 .debug_aranges
                0x00000640       0x60 ./Generated_Code/AdcLdd2.o
 .debug_aranges
                0x000006a0       0xd8 ./Generated_Code/BT1.o
 .debug_aranges
                0x00000778       0x40 ./Generated_Code/BitIoLdd1.o
 .debug_aranges
                0x000007b8       0x48 ./Generated_Code/CI2C1.o
 .debug_aranges
                0x00000800      0x110 ./Generated_Code/CLS1.o
 .debug_aranges
                0x00000910       0x28 ./Generated_Code/Cpu.o
 .debug_aranges
                0x00000938       0xa0 ./Generated_Code/GI2C1.o
 .debug_aranges
                0x000009d8       0x30 ./Generated_Code/LED1.o
 .debug_aranges
                0x00000a08       0x60 ./Generated_Code/LEDBlanche.o
 .debug_aranges
                0x00000a68       0x58 ./Generated_Code/LEDRouge.o
 .debug_aranges
                0x00000ac0       0x68 ./Generated_Code/LEDVerte.o
 .debug_aranges
                0x00000b28       0x30 ./Generated_Code/PE_LDD.o
 .debug_aranges
                0x00000b58       0x80 ./Generated_Code/PpgLdd1.o
 .debug_aranges
                0x00000bd8       0x90 ./Generated_Code/PpgLdd2.o
 .debug_aranges
                0x00000c68       0xa0 ./Generated_Code/PpgLdd3.o
 .debug_aranges
                0x00000d08       0x88 ./Generated_Code/Serial1.o
 .debug_aranges
                0x00000d90       0x40 ./Generated_Code/WAIT1.o

.debug_ranges   0x00000000      0xc00
 .debug_ranges  0x00000000       0x30 ./Static_Code/System/CPU_Init.o
 .debug_ranges  0x00000030      0x330 ./Static_Code/System/Vectors.o
 .debug_ranges  0x00000360       0x40 ./Sources/Events.o
 .debug_ranges  0x000003a0       0x50 ./Sources/MMA8451.o
 .debug_ranges  0x000003f0       0x10 ./Sources/SendData.o
 .debug_ranges  0x00000400       0x20 ./Sources/lumiere.o
 .debug_ranges  0x00000420       0x10 ./Sources/main.o
 .debug_ranges  0x00000430       0x40 ./Project_Settings/Startup_Code/startup.o
 .debug_ranges  0x00000470       0x40 ./Generated_Code/AD1.o
 .debug_ranges  0x000004b0       0x40 ./Generated_Code/AD2.o
 .debug_ranges  0x000004f0       0x40 ./Generated_Code/ASerialLdd1.o
 .debug_ranges  0x00000530       0x50 ./Generated_Code/AdcLdd1.o
 .debug_ranges  0x00000580       0x50 ./Generated_Code/AdcLdd2.o
 .debug_ranges  0x000005d0       0xc8 ./Generated_Code/BT1.o
 .debug_ranges  0x00000698       0x30 ./Generated_Code/BitIoLdd1.o
 .debug_ranges  0x000006c8       0x38 ./Generated_Code/CI2C1.o
 .debug_ranges  0x00000700      0x100 ./Generated_Code/CLS1.o
 .debug_ranges  0x00000800       0x18 ./Generated_Code/Cpu.o
 .debug_ranges  0x00000818       0x90 ./Generated_Code/GI2C1.o
 .debug_ranges  0x000008a8       0x20 ./Generated_Code/LED1.o
 .debug_ranges  0x000008c8       0x50 ./Generated_Code/LEDBlanche.o
 .debug_ranges  0x00000918       0x48 ./Generated_Code/LEDRouge.o
 .debug_ranges  0x00000960       0x58 ./Generated_Code/LEDVerte.o
 .debug_ranges  0x000009b8       0x20 ./Generated_Code/PE_LDD.o
 .debug_ranges  0x000009d8       0x70 ./Generated_Code/PpgLdd1.o
 .debug_ranges  0x00000a48       0x80 ./Generated_Code/PpgLdd2.o
 .debug_ranges  0x00000ac8       0x90 ./Generated_Code/PpgLdd3.o
 .debug_ranges  0x00000b58       0x78 ./Generated_Code/Serial1.o
 .debug_ranges  0x00000bd0       0x30 ./Generated_Code/WAIT1.o

.debug_macro    0x00000000    0x2a402
 .debug_macro   0x00000000      0x37b ./Static_Code/System/CPU_Init.o
 .debug_macro   0x0000037b      0x850 ./Static_Code/System/CPU_Init.o
 .debug_macro   0x00000bcb       0x16 ./Static_Code/System/CPU_Init.o
 .debug_macro   0x00000be1       0x44 ./Static_Code/System/CPU_Init.o
 .debug_macro   0x00000c25      0x209 ./Static_Code/System/CPU_Init.o
 .debug_macro   0x00000e2e     0x17a6 ./Static_Code/System/CPU_Init.o
 .debug_macro   0x000025d4     0xbca7 ./Static_Code/System/CPU_Init.o
 .debug_macro   0x0000e27b      0x4c6 ./Static_Code/System/CPU_Init.o
 .debug_macro   0x0000e741      0x14e ./Static_Code/System/CPU_Init.o
 .debug_macro   0x0000e88f       0x6a ./Static_Code/System/CPU_Init.o
 .debug_macro   0x0000e8f9       0x58 ./Static_Code/System/CPU_Init.o
 .debug_macro   0x0000e951       0x35 ./Static_Code/System/CPU_Init.o
 .debug_macro   0x0000e986       0xa3 ./Static_Code/System/CPU_Init.o
 .debug_macro   0x0000ea29       0x16 ./Static_Code/System/CPU_Init.o
 .debug_macro   0x0000ea3f       0x22 ./Static_Code/System/CPU_Init.o
 .debug_macro   0x0000ea61       0x22 ./Static_Code/System/CPU_Init.o
 .debug_macro   0x0000ea83       0x94 ./Static_Code/System/CPU_Init.o
 .debug_macro   0x0000eb17      0x12c ./Static_Code/System/CPU_Init.o
 .debug_macro   0x0000ec43       0x40 ./Static_Code/System/CPU_Init.o
 .debug_macro   0x0000ec83       0x1f ./Static_Code/System/CPU_Init.o
 .debug_macro   0x0000eca2       0x41 ./Static_Code/System/CPU_Init.o
 .debug_macro   0x0000ece3       0x3d ./Static_Code/System/CPU_Init.o
 .debug_macro   0x0000ed20       0x47 ./Static_Code/System/CPU_Init.o
 .debug_macro   0x0000ed67      0x166 ./Static_Code/System/CPU_Init.o
 .debug_macro   0x0000eecd       0x52 ./Static_Code/System/CPU_Init.o
 .debug_macro   0x0000ef1f       0x16 ./Static_Code/System/CPU_Init.o
 .debug_macro   0x0000ef35       0x43 ./Static_Code/System/CPU_Init.o
 .debug_macro   0x0000ef78      0x180 ./Static_Code/System/CPU_Init.o
 .debug_macro   0x0000f0f8      0x2a6 ./Static_Code/System/CPU_Init.o
 .debug_macro   0x0000f39e       0x10 ./Static_Code/System/CPU_Init.o
 .debug_macro   0x0000f3ae       0x35 ./Static_Code/System/CPU_Init.o
 .debug_macro   0x0000f3e3       0x19 ./Static_Code/System/CPU_Init.o
 .debug_macro   0x0000f3fc       0x2e ./Static_Code/System/CPU_Init.o
 .debug_macro   0x0000f42a       0x66 ./Static_Code/System/CPU_Init.o
 .debug_macro   0x0000f490       0x65 ./Static_Code/System/CPU_Init.o
 .debug_macro   0x0000f4f5       0x20 ./Static_Code/System/CPU_Init.o
 .debug_macro   0x0000f515       0x58 ./Static_Code/System/CPU_Init.o
 .debug_macro   0x0000f56d      0x61c ./Static_Code/System/CPU_Init.o
 .debug_macro   0x0000fb89       0x7b ./Static_Code/System/CPU_Init.o
 .debug_macro   0x0000fc04       0x10 ./Static_Code/System/CPU_Init.o
 .debug_macro   0x0000fc14       0x43 ./Static_Code/System/CPU_Init.o
 .debug_macro   0x0000fc57       0x16 ./Static_Code/System/CPU_Init.o
 .debug_macro   0x0000fc6d      0x6a6 ./Static_Code/System/CPU_Init.o
 .debug_macro   0x00010313       0xcf ./Static_Code/System/CPU_Init.o
 .debug_macro   0x000103e2       0x76 ./Static_Code/System/CPU_Init.o
 .debug_macro   0x00010458       0xc3 ./Static_Code/System/CPU_Init.o
 .debug_macro   0x0001051b       0x6e ./Static_Code/System/CPU_Init.o
 .debug_macro   0x00010589       0xb5 ./Static_Code/System/CPU_Init.o
 .debug_macro   0x0001063e       0x67 ./Static_Code/System/CPU_Init.o
 .debug_macro   0x000106a5       0x81 ./Static_Code/System/CPU_Init.o
 .debug_macro   0x00010726       0x10 ./Static_Code/System/CPU_Init.o
 .debug_macro   0x00010736      0x2a9 ./Static_Code/System/CPU_Init.o
 .debug_macro   0x000109df      0x369 ./Static_Code/System/Vectors.o
 .debug_macro   0x00010d48      0x468 ./Sources/Events.o
 .debug_macro   0x000111b0       0xaf ./Sources/Events.o
 .debug_macro   0x0001125f       0x7b ./Sources/Events.o
 .debug_macro   0x000112da       0x81 ./Sources/Events.o
 .debug_macro   0x0001135b       0xd5 ./Sources/Events.o
 .debug_macro   0x00011430      0x328 ./Sources/Events.o
 .debug_macro   0x00011758      0x109 ./Sources/Events.o
 .debug_macro   0x00011861      0x17f ./Sources/Events.o
 .debug_macro   0x000119e0      0x202 ./Sources/Events.o
 .debug_macro   0x00011be2      0x91e ./Sources/Events.o
 .debug_macro   0x00012500       0x9e ./Sources/Events.o
 .debug_macro   0x0001259e      0x1f9 ./Sources/Events.o
 .debug_macro   0x00012797      0x39c ./Sources/Events.o
 .debug_macro   0x00012b33      0x29c ./Sources/Events.o
 .debug_macro   0x00012dcf      0x264 ./Sources/Events.o
 .debug_macro   0x00013033      0x25b ./Sources/Events.o
 .debug_macro   0x0001328e      0x399 ./Sources/Events.o
 .debug_macro   0x00013627      0x4f1 ./Sources/Events.o
 .debug_macro   0x00013b18      0x13f ./Sources/Events.o
 .debug_macro   0x00013c57       0x6c ./Sources/Events.o
 .debug_macro   0x00013cc3      0x30d ./Sources/Events.o
 .debug_macro   0x00013fd0       0xbb ./Sources/Events.o
 .debug_macro   0x0001408b       0xe9 ./Sources/Events.o
 .debug_macro   0x00014174      0x4ea ./Sources/Events.o
 .debug_macro   0x0001465e      0x18f ./Sources/Events.o
 .debug_macro   0x000147ed       0xea ./Sources/Events.o
 .debug_macro   0x000148d7      0x344 ./Sources/Events.o
 .debug_macro   0x00014c1b      0x824 ./Sources/Events.o
 .debug_macro   0x0001543f      0x179 ./Sources/Events.o
 .debug_macro   0x000155b8      0x9e2 ./Sources/Events.o
 .debug_macro   0x00015f9a      0x129 ./Sources/Events.o
 .debug_macro   0x000160c3      0x648 ./Sources/Events.o
 .debug_macro   0x0001670b       0x81 ./Sources/Events.o
 .debug_macro   0x0001678c      0x7bf ./Sources/Events.o
 .debug_macro   0x00016f4b      0x66f ./Sources/Events.o
 .debug_macro   0x000175ba       0x7b ./Sources/Events.o
 .debug_macro   0x00017635      0x182 ./Sources/Events.o
 .debug_macro   0x000177b7      0x369 ./Sources/MMA8451.o
 .debug_macro   0x00017b20      0x537 ./Sources/SendData.o
 .debug_macro   0x00018057       0x1c ./Sources/SendData.o
 .debug_macro   0x00018073       0x10 ./Sources/SendData.o
 .debug_macro   0x00018083       0x10 ./Sources/SendData.o
 .debug_macro   0x00018093       0x22 ./Sources/SendData.o
 .debug_macro   0x000180b5       0xbd ./Sources/SendData.o
 .debug_macro   0x00018172       0x16 ./Sources/SendData.o
 .debug_macro   0x00018188      0x14a ./Sources/SendData.o
 .debug_macro   0x000182d2       0x16 ./Sources/SendData.o
 .debug_macro   0x000182e8       0x22 ./Sources/SendData.o
 .debug_macro   0x0001830a       0x16 ./Sources/SendData.o
 .debug_macro   0x00018320       0x10 ./Sources/SendData.o
 .debug_macro   0x00018330       0x3a ./Sources/SendData.o
 .debug_macro   0x0001836a      0x2f1 ./Sources/lumiere.o
 .debug_macro   0x0001865b      0x49c ./Sources/main.o
 .debug_macro   0x00018af7      0x121 ./Project_Settings/Startup_Code/startup.o
 .debug_macro   0x00018c18       0x4a ./Project_Settings/Startup_Code/startup.o
 .debug_macro   0x00018c62       0x10 ./Project_Settings/Startup_Code/startup.o
 .debug_macro   0x00018c72      0x20f ./Project_Settings/Startup_Code/startup.o
 .debug_macro   0x00018e81     0xbc9b ./Project_Settings/Startup_Code/startup.o
 .debug_macro   0x00024b1c      0x359 ./Generated_Code/AD1.o
 .debug_macro   0x00024e75      0x359 ./Generated_Code/AD2.o
 .debug_macro   0x000251ce      0x113 ./Generated_Code/ASerialLdd1.o
 .debug_macro   0x000252e1       0x5f ./Generated_Code/ASerialLdd1.o
 .debug_macro   0x00025340       0x26 ./Generated_Code/ASerialLdd1.o
 .debug_macro   0x00025366      0x7b9 ./Generated_Code/ASerialLdd1.o
 .debug_macro   0x00025b1f      0x125 ./Generated_Code/AdcLdd1.o
 .debug_macro   0x00025c44      0x616 ./Generated_Code/AdcLdd1.o
 .debug_macro   0x0002625a      0x125 ./Generated_Code/AdcLdd2.o
 .debug_macro   0x0002637f      0x1f0 ./Generated_Code/BT1.o
 .debug_macro   0x0002656f       0x41 ./Generated_Code/BT1.o
 .debug_macro   0x000265b0       0x37 ./Generated_Code/BT1.o
 .debug_macro   0x000265e7       0xfa ./Generated_Code/BitIoLdd1.o
 .debug_macro   0x000266e1      0x161 ./Generated_Code/CI2C1.o
 .debug_macro   0x00026842      0x4e4 ./Generated_Code/CI2C1.o
 .debug_macro   0x00026d26      0x1e8 ./Generated_Code/CLS1.o
 .debug_macro   0x00026f0e       0x8e ./Generated_Code/CLS1.o
 .debug_macro   0x00026f9c     0x17ac ./Generated_Code/CLS1.o
 .debug_macro   0x00028748      0x34f ./Generated_Code/Cpu.o
 .debug_macro   0x00028a97      0x10c ./Generated_Code/GI2C1.o
 .debug_macro   0x00028ba3      0x124 ./Generated_Code/LED1.o
 .debug_macro   0x00028cc7      0x109 ./Generated_Code/LEDBlanche.o
 .debug_macro   0x00028dd0      0x6a0 ./Generated_Code/LEDBlanche.o
 .debug_macro   0x00029470       0xbd ./Generated_Code/LEDBlanche.o
 .debug_macro   0x0002952d      0x33b ./Generated_Code/LEDRouge.o
 .debug_macro   0x00029868      0x33b ./Generated_Code/LEDVerte.o
 .debug_macro   0x00029ba3      0x2e9 ./Generated_Code/PE_LDD.o
 .debug_macro   0x00029e8c      0x115 ./Generated_Code/PpgLdd1.o
 .debug_macro   0x00029fa1      0x100 ./Generated_Code/PpgLdd2.o
 .debug_macro   0x0002a0a1      0x116 ./Generated_Code/PpgLdd3.o
 .debug_macro   0x0002a1b7      0x15d ./Generated_Code/Serial1.o
 .debug_macro   0x0002a314       0xee ./Generated_Code/WAIT1.o

.debug_line     0x00000000     0xa804
 .debug_line    0x00000000      0x70c ./Static_Code/System/CPU_Init.o
 .debug_line    0x0000070c      0xcab ./Static_Code/System/Vectors.o
 .debug_line    0x000013b7      0x790 ./Sources/Events.o
 .debug_line    0x00001b47      0x62d ./Sources/MMA8451.o
 .debug_line    0x00002174      0x7db ./Sources/SendData.o
 .debug_line    0x0000294f      0x5c4 ./Sources/lumiere.o
 .debug_line    0x00002f13      0x7d4 ./Sources/main.o
 .debug_line    0x000036e7      0x3cb ./Project_Settings/Startup_Code/startup.o
 .debug_line    0x00003ab2      0x645 ./Generated_Code/AD1.o
 .debug_line    0x000040f7      0x645 ./Generated_Code/AD2.o
 .debug_line    0x0000473c      0x493 ./Generated_Code/ASerialLdd1.o
 .debug_line    0x00004bcf      0x47d ./Generated_Code/AdcLdd1.o
 .debug_line    0x0000504c      0x47f ./Generated_Code/AdcLdd2.o
 .debug_line    0x000054cb      0x68f ./Generated_Code/BT1.o
 .debug_line    0x00005b5a      0x3c2 ./Generated_Code/BitIoLdd1.o
 .debug_line    0x00005f1c      0x4ea ./Generated_Code/CI2C1.o
 .debug_line    0x00006406      0x720 ./Generated_Code/CLS1.o
 .debug_line    0x00006b26      0x60f ./Generated_Code/Cpu.o
 .debug_line    0x00007135      0x4f8 ./Generated_Code/GI2C1.o
 .debug_line    0x0000762d      0x3c2 ./Generated_Code/LED1.o
 .debug_line    0x000079ef      0x42c ./Generated_Code/LEDBlanche.o
 .debug_line    0x00007e1b      0x643 ./Generated_Code/LEDRouge.o
 .debug_line    0x0000845e      0x66d ./Generated_Code/LEDVerte.o
 .debug_line    0x00008acb      0x5bc ./Generated_Code/PE_LDD.o
 .debug_line    0x00009087      0x4c5 ./Generated_Code/PpgLdd1.o
 .debug_line    0x0000954c      0x4e8 ./Generated_Code/PpgLdd2.o
 .debug_line    0x00009a34      0x520 ./Generated_Code/PpgLdd3.o
 .debug_line    0x00009f54      0x51f ./Generated_Code/Serial1.o
 .debug_line    0x0000a473      0x391 ./Generated_Code/WAIT1.o

.debug_str      0x00000000    0xc183e
 .debug_str     0x00000000    0x6095f ./Static_Code/System/CPU_Init.o
                              0x60b84 (size before relaxing)
 .debug_str     0x0006095f      0x9dc ./Static_Code/System/Vectors.o
                              0x60fa5 (size before relaxing)
 .debug_str     0x0006133b    0x5c833 ./Sources/Events.o
                              0xbbfd0 (size before relaxing)
 .debug_str     0x000bdb6e      0x292 ./Sources/MMA8451.o
                              0x5f845 (size before relaxing)
 .debug_str     0x000bde00      0xbb6 ./Sources/SendData.o
                              0xbcb8f (size before relaxing)
 .debug_str     0x000be9b6       0x8f ./Sources/lumiere.o
                              0x5f634 (size before relaxing)
 .debug_str     0x000bea45       0x50 ./Sources/main.o
                              0xbc03f (size before relaxing)
 .debug_str     0x000bea95       0xeb ./Project_Settings/Startup_Code/startup.o
                              0x45bc2 (size before relaxing)
 .debug_str     0x000beb80      0x14a ./Generated_Code/AD1.o
                              0x5f6f3 (size before relaxing)
 .debug_str     0x000becca       0xa0 ./Generated_Code/AD2.o
                              0x5f6f3 (size before relaxing)
 .debug_str     0x000bed6a      0x39e ./Generated_Code/ASerialLdd1.o
                              0x5b59b (size before relaxing)
 .debug_str     0x000bf108      0x2e9 ./Generated_Code/AdcLdd1.o
                              0x51af9 (size before relaxing)
 .debug_str     0x000bf3f1      0x247 ./Generated_Code/AdcLdd2.o
                              0x51b34 (size before relaxing)
 .debug_str     0x000bf638      0x785 ./Generated_Code/BT1.o
                              0x4f8e4 (size before relaxing)
 .debug_str     0x000bfdbd       0xe2 ./Generated_Code/BitIoLdd1.o
                              0x4d407 (size before relaxing)
 .debug_str     0x000bfe9f      0x299 ./Generated_Code/CI2C1.o
                              0x538b9 (size before relaxing)
 .debug_str     0x000c0138      0x747 ./Generated_Code/CLS1.o
                              0x4f968 (size before relaxing)
 .debug_str     0x000c087f       0x28 ./Generated_Code/Cpu.o
                              0x5f6d9 (size before relaxing)
 .debug_str     0x000c08a7      0x24b ./Generated_Code/GI2C1.o
                              0x4cbb9 (size before relaxing)
 .debug_str     0x000c0af2       0x45 ./Generated_Code/LED1.o
                              0x4d509 (size before relaxing)
 .debug_str     0x000c0b37      0x10c ./Generated_Code/LEDBlanche.o
                              0x55cbc (size before relaxing)
 .debug_str     0x000c0c43       0xbd ./Generated_Code/LEDRouge.o
                              0x5f6b8 (size before relaxing)
 .debug_str     0x000c0d00       0xe3 ./Generated_Code/LEDVerte.o
                              0x5f6de (size before relaxing)
 .debug_str     0x000c0de3      0x15a ./Generated_Code/PE_LDD.o
                              0x5f740 (size before relaxing)
 .debug_str     0x000c0f3d      0x280 ./Generated_Code/PpgLdd1.o
                              0x55ea5 (size before relaxing)
 .debug_str     0x000c11bd      0x172 ./Generated_Code/PpgLdd2.o
                              0x55b7d (size before relaxing)
 .debug_str     0x000c132f      0x1bc ./Generated_Code/PpgLdd3.o
                              0x56001 (size before relaxing)
 .debug_str     0x000c14eb      0x2cf ./Generated_Code/Serial1.o
                              0x4c86b (size before relaxing)
 .debug_str     0x000c17ba       0x84 ./Generated_Code/WAIT1.o
                              0x4c794 (size before relaxing)

.comment        0x00000000       0x70
 .comment       0x00000000       0x70 ./Static_Code/System/CPU_Init.o
                                 0x71 (size before relaxing)
 .comment       0x00000000       0x71 ./Static_Code/System/Vectors.o
 .comment       0x00000000       0x71 ./Sources/Events.o
 .comment       0x00000000       0x71 ./Sources/MMA8451.o
 .comment       0x00000000       0x71 ./Sources/SendData.o
 .comment       0x00000000       0x71 ./Sources/lumiere.o
 .comment       0x00000000       0x71 ./Sources/main.o
 .comment       0x00000000       0x71 ./Project_Settings/Startup_Code/startup.o
 .comment       0x00000000       0x71 ./Generated_Code/AD1.o
 .comment       0x00000000       0x71 ./Generated_Code/AD2.o
 .comment       0x00000000       0x71 ./Generated_Code/ASerialLdd1.o
 .comment       0x00000000       0x71 ./Generated_Code/AdcLdd1.o
 .comment       0x00000000       0x71 ./Generated_Code/AdcLdd2.o
 .comment       0x00000000       0x71 ./Generated_Code/BT1.o
 .comment       0x00000000       0x71 ./Generated_Code/BitIoLdd1.o
 .comment       0x00000000       0x71 ./Generated_Code/CI2C1.o
 .comment       0x00000000       0x71 ./Generated_Code/CLS1.o
 .comment       0x00000000       0x71 ./Generated_Code/Cpu.o
 .comment       0x00000000       0x71 ./Generated_Code/GI2C1.o
 .comment       0x00000000       0x71 ./Generated_Code/LED1.o
 .comment       0x00000000       0x71 ./Generated_Code/LEDBlanche.o
 .comment       0x00000000       0x71 ./Generated_Code/LEDRouge.o
 .comment       0x00000000       0x71 ./Generated_Code/LEDVerte.o
 .comment       0x00000000       0x71 ./Generated_Code/PE_LDD.o
 .comment       0x00000000       0x71 ./Generated_Code/PpgLdd1.o
 .comment       0x00000000       0x71 ./Generated_Code/PpgLdd2.o
 .comment       0x00000000       0x71 ./Generated_Code/PpgLdd3.o
 .comment       0x00000000       0x71 ./Generated_Code/Serial1.o
 .comment       0x00000000       0x71 ./Generated_Code/WAIT1.o

.debug_frame    0x00000000     0x2c98
 .debug_frame   0x00000000       0x9c ./Static_Code/System/CPU_Init.o
 .debug_frame   0x0000009c      0xcb0 ./Static_Code/System/Vectors.o
 .debug_frame   0x00000d4c       0xb8 ./Sources/Events.o
 .debug_frame   0x00000e04      0x128 ./Sources/MMA8451.o
 .debug_frame   0x00000f2c       0x30 ./Sources/SendData.o
 .debug_frame   0x00000f5c       0x6c ./Sources/lumiere.o
 .debug_frame   0x00000fc8       0x30 ./Sources/main.o
 .debug_frame   0x00000ff8       0xc0 ./Project_Settings/Startup_Code/startup.o
 .debug_frame   0x000010b8       0xe0 ./Generated_Code/AD1.o
 .debug_frame   0x00001198       0xe0 ./Generated_Code/AD2.o
 .debug_frame   0x00001278       0xec ./Generated_Code/ASerialLdd1.o
 .debug_frame   0x00001364      0x114 ./Generated_Code/AdcLdd1.o
 .debug_frame   0x00001478      0x114 ./Generated_Code/AdcLdd2.o
 .debug_frame   0x0000158c      0x2f0 ./Generated_Code/BT1.o
 .debug_frame   0x0000187c       0x9c ./Generated_Code/BitIoLdd1.o
 .debug_frame   0x00001918       0xc4 ./Generated_Code/CI2C1.o
 .debug_frame   0x000019dc      0x3b8 ./Generated_Code/CLS1.o
 .debug_frame   0x00001d94       0x50 ./Generated_Code/Cpu.o
 .debug_frame   0x00001de4      0x200 ./Generated_Code/GI2C1.o
 .debug_frame   0x00001fe4       0x64 ./Generated_Code/LED1.o
 .debug_frame   0x00002048      0x130 ./Generated_Code/LEDBlanche.o
 .debug_frame   0x00002178      0x110 ./Generated_Code/LEDRouge.o
 .debug_frame   0x00002288      0x150 ./Generated_Code/LEDVerte.o
 .debug_frame   0x000023d8       0x64 ./Generated_Code/PE_LDD.o
 .debug_frame   0x0000243c      0x19c ./Generated_Code/PpgLdd1.o
 .debug_frame   0x000025d8      0x1d8 ./Generated_Code/PpgLdd2.o
 .debug_frame   0x000027b0      0x218 ./Generated_Code/PpgLdd3.o
 .debug_frame   0x000029c8      0x1ac ./Generated_Code/Serial1.o
 .debug_frame   0x00002b74       0x90 ./Generated_Code/WAIT1.o
 .debug_frame   0x00002c04       0x28 c:/freescale/kds_v3/toolchain/bin/../lib/gcc/arm-none-eabi/4.8.4/../../../../arm-none-eabi/lib/armv7e-m/fpu\libg_s.a(lib_a-exit.o)
 .debug_frame   0x00002c2c       0x2c c:/freescale/kds_v3/toolchain/bin/../lib/gcc/arm-none-eabi/4.8.4/../../../../arm-none-eabi/lib/armv7e-m/fpu\libg_s.a(lib_a-init.o)
 .debug_frame   0x00002c58       0x20 c:/freescale/kds_v3/toolchain/bin/../lib/gcc/arm-none-eabi/4.8.4/../../../../arm-none-eabi/lib/armv7e-m/fpu\libg_s.a(lib_a-memset.o)
 .debug_frame   0x00002c78       0x20 c:/freescale/kds_v3/toolchain/bin/../lib/gcc/arm-none-eabi/4.8.4/../../../../arm-none-eabi/lib/armv7e-m/fpu\libnosys.a(_exit.o)
