Archive member included because of file (symbol)

c:/freescale/kds_v3/toolchain/bin/../lib/gcc/arm-none-eabi/4.8.4/../../../../arm-none-eabi/lib/armv7e-m/fpu\libg_s.a(lib_a-exit.o)
                              c:/freescale/kds_v3/toolchain/bin/../lib/gcc/arm-none-eabi/4.8.4/../../../../arm-none-eabi/lib/armv7e-m/fpu/crt0.o (exit)
c:/freescale/kds_v3/toolchain/bin/../lib/gcc/arm-none-eabi/4.8.4/../../../../arm-none-eabi/lib/armv7e-m/fpu\libg_s.a(lib_a-impure.o)
                              c:/freescale/kds_v3/toolchain/bin/../lib/gcc/arm-none-eabi/4.8.4/../../../../arm-none-eabi/lib/armv7e-m/fpu\libg_s.a(lib_a-exit.o) (_global_impure_ptr)
c:/freescale/kds_v3/toolchain/bin/../lib/gcc/arm-none-eabi/4.8.4/../../../../arm-none-eabi/lib/armv7e-m/fpu\libg_s.a(lib_a-init.o)
                              c:/freescale/kds_v3/toolchain/bin/../lib/gcc/arm-none-eabi/4.8.4/../../../../arm-none-eabi/lib/armv7e-m/fpu/crt0.o (__libc_init_array)
c:/freescale/kds_v3/toolchain/bin/../lib/gcc/arm-none-eabi/4.8.4/../../../../arm-none-eabi/lib/armv7e-m/fpu\libg_s.a(lib_a-memset.o)
                              c:/freescale/kds_v3/toolchain/bin/../lib/gcc/arm-none-eabi/4.8.4/../../../../arm-none-eabi/lib/armv7e-m/fpu/crt0.o (memset)
c:/freescale/kds_v3/toolchain/bin/../lib/gcc/arm-none-eabi/4.8.4/../../../../arm-none-eabi/lib/armv7e-m/fpu\libg_s.a(lib_a-strchr.o)
                              ./Generated_Code/UTIL1.o (strchr)
c:/freescale/kds_v3/toolchain/bin/../lib/gcc/arm-none-eabi/4.8.4/../../../../arm-none-eabi/lib/armv7e-m/fpu\libg_s.a(lib_a-strcmp.o)
                              ./Generated_Code/BT1.o (strcmp)
c:/freescale/kds_v3/toolchain/bin/../lib/gcc/arm-none-eabi/4.8.4/../../../../arm-none-eabi/lib/armv7e-m/fpu\libg_s.a(lib_a-strlen.o)
                              ./Generated_Code/BT1.o (strlen)
c:/freescale/kds_v3/toolchain/bin/../lib/gcc/arm-none-eabi/4.8.4/../../../../arm-none-eabi/lib/armv7e-m/fpu\libg_s.a(lib_a-strncmp.o)
                              ./Generated_Code/BT1.o (strncmp)
c:/freescale/kds_v3/toolchain/bin/../lib/gcc/arm-none-eabi/4.8.4/../../../../arm-none-eabi/lib/armv7e-m/fpu\libnosys.a(_exit.o)
                              c:/freescale/kds_v3/toolchain/bin/../lib/gcc/arm-none-eabi/4.8.4/../../../../arm-none-eabi/lib/armv7e-m/fpu\libg_s.a(lib_a-exit.o) (_exit)

Allocating common symbols
Common symbol       size              file

ASerialLdd1_DeviceDataPtr
                    0x4               ./Generated_Code/Serial1.o
AD2_OutV            0x2               ./Generated_Code/AD2.o
AdcLdd2_DeviceDataPtr
                    0x4               ./Generated_Code/AD2.o
AD1_OutV            0x2               ./Generated_Code/AD1.o
CLS1_DefaultShellBuffer
                    0x30              ./Generated_Code/CLS1.o
AdcLdd1_DeviceDataPtr
                    0x4               ./Generated_Code/AD1.o
BT1_DefaultShellBuffer
                    0x30              ./Generated_Code/BT1.o
SR_reg              0x1               ./Static_Code/System/CPU_Init.o

Discarded input sections

 .text          0x00000000        0x0 c:/freescale/kds_v3/toolchain/bin/../lib/gcc/arm-none-eabi/4.8.4/armv7e-m/fpu/crti.o
 .data          0x00000000        0x0 c:/freescale/kds_v3/toolchain/bin/../lib/gcc/arm-none-eabi/4.8.4/armv7e-m/fpu/crti.o
 .bss           0x00000000        0x0 c:/freescale/kds_v3/toolchain/bin/../lib/gcc/arm-none-eabi/4.8.4/armv7e-m/fpu/crti.o
 .data          0x00000000        0x4 c:/freescale/kds_v3/toolchain/bin/../lib/gcc/arm-none-eabi/4.8.4/armv7e-m/fpu/crtbegin.o
 .data          0x00000000        0x0 c:/freescale/kds_v3/toolchain/bin/../lib/gcc/arm-none-eabi/4.8.4/../../../../arm-none-eabi/lib/armv7e-m/fpu/crt0.o
 .bss           0x00000000        0x0 c:/freescale/kds_v3/toolchain/bin/../lib/gcc/arm-none-eabi/4.8.4/../../../../arm-none-eabi/lib/armv7e-m/fpu/crt0.o
 .ARM.extab     0x00000000        0x0 c:/freescale/kds_v3/toolchain/bin/../lib/gcc/arm-none-eabi/4.8.4/../../../../arm-none-eabi/lib/armv7e-m/fpu/crt0.o
 .group         0x00000000        0x8 ./Static_Code/System/CPU_Init.o
 .group         0x00000000        0x8 ./Static_Code/System/CPU_Init.o
 .group         0x00000000        0x8 ./Static_Code/System/CPU_Init.o
 .group         0x00000000        0x8 ./Static_Code/System/CPU_Init.o
 .group         0x00000000        0x8 ./Static_Code/System/CPU_Init.o
 .group         0x00000000        0x8 ./Static_Code/System/CPU_Init.o
 .group         0x00000000        0x8 ./Static_Code/System/CPU_Init.o
 .group         0x00000000        0x8 ./Static_Code/System/CPU_Init.o
 .group         0x00000000        0x8 ./Static_Code/System/CPU_Init.o
 .group         0x00000000        0x8 ./Static_Code/System/CPU_Init.o
 .group         0x00000000        0x8 ./Static_Code/System/CPU_Init.o
 .group         0x00000000        0x8 ./Static_Code/System/CPU_Init.o
 .group         0x00000000        0x8 ./Static_Code/System/CPU_Init.o
 .group         0x00000000        0x8 ./Static_Code/System/CPU_Init.o
[...]
Memory Configuration

Name             Origin             Length             Attributes
m_interrupts     0x00000000         0x00000198         xr
m_text           0x00000410         0x0007fbf0         xr
m_data           0x1fff0000         0x00010000         rw
m_data_20000000  0x20000000         0x00010000         rw
m_cfmprotrom     0x00000400         0x00000010         xr
*default*        0x00000000         0xffffffff

Linker script and memory map

LOAD c:/freescale/kds_v3/toolchain/bin/../lib/gcc/arm-none-eabi/4.8.4/armv7e-m/fpu/crti.o
LOAD c:/freescale/kds_v3/toolchain/bin/../lib/gcc/arm-none-eabi/4.8.4/armv7e-m/fpu/crtbegin.o
LOAD c:/freescale/kds_v3/toolchain/bin/../lib/gcc/arm-none-eabi/4.8.4/../../../../arm-none-eabi/lib/armv7e-m/fpu/crt0.o
LOAD ./Static_Code/System/CPU_Init.o
LOAD ./Static_Code/System/Peripherals_Init.o
LOAD ./Static_Code/System/Vectors.o
LOAD ./Sources/Events.o
LOAD ./Sources/MMA8451.o
LOAD ./Sources/SendData.o
LOAD ./Sources/main.o
LOAD ./Project_Settings/Startup_Code/startup.o
LOAD ./Generated_Code/AD1.o
LOAD ./Generated_Code/AD2.o
LOAD ./Generated_Code/ASerialLdd1.o
LOAD ./Generated_Code/AdcLdd1.o
LOAD ./Generated_Code/AdcLdd2.o
LOAD ./Generated_Code/BT1.o
LOAD ./Generated_Code/BitIoLdd1.o
LOAD ./Generated_Code/CI2C1.o
LOAD ./Generated_Code/CLS1.o
LOAD ./Generated_Code/CS1.o
LOAD ./Generated_Code/Cpu.o
LOAD ./Generated_Code/GI2C1.o
LOAD ./Generated_Code/KSDK1.o
LOAD ./Generated_Code/LED1.o
LOAD ./Generated_Code/LEDBlanche.o
LOAD ./Generated_Code/LEDRouge.o
LOAD ./Generated_Code/LEDVerte.o
LOAD ./Generated_Code/LEDpin1.o
LOAD ./Generated_Code/PE_LDD.o
LOAD ./Generated_Code/Pins1.o
LOAD ./Generated_Code/PpgLdd1.o
LOAD ./Generated_Code/PpgLdd2.o
LOAD ./Generated_Code/PpgLdd3.o
LOAD ./Generated_Code/Serial1.o
LOAD ./Generated_Code/UTIL1.o
LOAD ./Generated_Code/WAIT1.o
LOAD c:/freescale/kds_v3/toolchain/bin/../lib/gcc/arm-none-eabi/4.8.4/../../../../arm-none-eabi/lib/armv7e-m/fpu\libstdc++_s.a
LOAD c:/freescale/kds_v3/toolchain/bin/../lib/gcc/arm-none-eabi/4.8.4/../../../../arm-none-eabi/lib/armv7e-m/fpu\libm.a
START GROUP
LOAD c:/freescale/kds_v3/toolchain/bin/../lib/gcc/arm-none-eabi/4.8.4/armv7e-m/fpu\libgcc.a
LOAD c:/freescale/kds_v3/toolchain/bin/../lib/gcc/arm-none-eabi/4.8.4/../../../../arm-none-eabi/lib/armv7e-m/fpu\libg_s.a
LOAD c:/freescale/kds_v3/toolchain/bin/../lib/gcc/arm-none-eabi/4.8.4/../../../../arm-none-eabi/lib/armv7e-m/fpu\libc_s.a
END GROUP
START GROUP
LOAD c:/freescale/kds_v3/toolchain/bin/../lib/gcc/arm-none-eabi/4.8.4/armv7e-m/fpu\libgcc.a
LOAD c:/freescale/kds_v3/toolchain/bin/../lib/gcc/arm-none-eabi/4.8.4/../../../../arm-none-eabi/lib/armv7e-m/fpu\libc_s.a
LOAD c:/freescale/kds_v3/toolchain/bin/../lib/gcc/arm-none-eabi/4.8.4/../../../../arm-none-eabi/lib/armv7e-m/fpu\libnosys.a
END GROUP
START GROUP
LOAD c:/freescale/kds_v3/toolchain/bin/../lib/gcc/arm-none-eabi/4.8.4/armv7e-m/fpu\libgcc.a
LOAD c:/freescale/kds_v3/toolchain/bin/../lib/gcc/arm-none-eabi/4.8.4/../../../../arm-none-eabi/lib/armv7e-m/fpu\libc_s.a
LOAD c:/freescale/kds_v3/toolchain/bin/../lib/gcc/arm-none-eabi/4.8.4/../../../../arm-none-eabi/lib/armv7e-m/fpu\libnosys.a
END GROUP
LOAD c:/freescale/kds_v3/toolchain/bin/../lib/gcc/arm-none-eabi/4.8.4/armv7e-m/fpu/crtend.o
LOAD c:/freescale/kds_v3/toolchain/bin/../lib/gcc/arm-none-eabi/4.8.4/armv7e-m/fpu/crtn.o
                0x20000000                _estack = 0x20000000
                0x20000000                __SP_INIT = _estack
                0x20000000                __stack = _estack
                0x00000000                __heap_size = 0x0
                0x00000400                __stack_size = 0x400

.interrupts     0x00000000      0x198
                0x00000000                __vector_table = .
                0x00000000                . = ALIGN (0x4)
 *(.vectortable)
 .vectortable   0x00000000      0x198 ./Static_Code/System/Vectors.o
                0x00000000                __vect_table
                0x00000198                . = ALIGN (0x4)

.cfmprotect     0x00000400       0x10
                0x00000400                . = ALIGN (0x4)
 *(.cfmconfig)
 .cfmconfig     0x00000400       0x10 ./Static_Code/System/CPU_Init.o
                0x00000400                _cfm
                0x00000410                . = ALIGN (0x4)

.text           0x00000410     0x37d4
                0x00000410                . = ALIGN (0x4)
 *(.text)
 .text          0x00000410       0x54 c:/freescale/kds_v3/toolchain/bin/../lib/gcc/arm-none-eabi/4.8.4/armv7e-m/fpu/crtbegin.o
 .text          0x00000464       0x74 c:/freescale/kds_v3/toolchain/bin/../lib/gcc/arm-none-eabi/4.8.4/../../../../arm-none-eabi/lib/armv7e-m/fpu/crt0.o
                0x00000464                _start
                0x00000464                _mainCRTStartup
 *(.text*)
 .text.CPU_SetBASEPRI
                0x000004d8       0x18 ./Static_Code/System/CPU_Init.o
                0x000004d8                CPU_SetBASEPRI
 .text.__init_hardware
                0x000004f0       0xb4 ./Static_Code/System/CPU_Init.o
                0x000004f0                __init_hardware
 .text.PE_low_level_init
                0x000005a4       0x44 ./Static_Code/System/CPU_Init.o
                0x000005a4                PE_low_level_init
 .text.CPU_GetClockGenMode
                0x000005e8       0x90 ./Static_Code/System/CPU_Init.o
                0x000005e8                CPU_GetClockGenMode
 .text.CPU_SetClockConfigGenMode
                0x00000678      0x54c ./Static_Code/System/CPU_Init.o
                0x00000678                CPU_SetClockConfigGenMode
 .text.UnhandledInterrupt
                0x00000bc4       0x18 ./Static_Code/System/Vectors.o
                0x00000bc4                UnhandledInterrupt
 .text.Cpu_OnNMI
                0x00000bdc        0xc ./Sources/Events.o
                0x00000bdc                Cpu_OnNMI
 .text.LEDRouge_OnEnd
                0x00000be8        0xc ./Sources/Events.o
                0x00000be8                LEDRouge_OnEnd
 .text.AD1_OnEnd
                0x00000bf4        0xc ./Sources/Events.o
                0x00000bf4                AD1_OnEnd
 .text.AD1_OnCalibrationEnd
                0x00000c00        0xc ./Sources/Events.o
                0x00000c00                AD1_OnCalibrationEnd
 .text.LEDVerte_OnEnd
                0x00000c0c        0xc ./Sources/Events.o
                0x00000c0c                LEDVerte_OnEnd
 .text.AD2_OnEnd
                0x00000c18        0xc ./Sources/Events.o
                0x00000c18                AD2_OnEnd
 .text.AD2_OnCalibrationEnd
                0x00000c24        0xc ./Sources/Events.o
                0x00000c24                AD2_OnCalibrationEnd
 .text.L3G4200D_init
                0x00000c30       0x3c ./Sources/MMA8451.o
                0x00000c30                L3G4200D_init
 .text.L3G4200D_getX_MSB
                0x00000c6c       0x24 ./Sources/MMA8451.o
                0x00000c6c                L3G4200D_getX_MSB
 .text.L3G4200D_getX_LSB
                0x00000c90       0x24 ./Sources/MMA8451.o
                0x00000c90                L3G4200D_getX_LSB
 .text.L3G4200D_getY_MSB
                0x00000cb4       0x24 ./Sources/MMA8451.o
                0x00000cb4                L3G4200D_getY_MSB
 .text.L3G4200D_getY_LSB
                0x00000cd8       0x24 ./Sources/MMA8451.o
                0x00000cd8                L3G4200D_getY_LSB
 .text.L3G4200D_getZ_MSB
                0x00000cfc       0x24 ./Sources/MMA8451.o
                0x00000cfc                L3G4200D_getZ_MSB
 .text.L3G4200D_getZ_LSB
                0x00000d20       0x24 ./Sources/MMA8451.o
                0x00000d20                L3G4200D_getZ_LSB
 .text.MMA8451_Run
                0x00000d44       0xb8 ./Sources/MMA8451.o
                0x00000d44                MMA8451_Run
 .text.sendData
                0x00000dfc       0x94 ./Sources/SendData.o
                0x00000dfc                sendData
 .text.main     0x00000e90      0x384 ./Sources/main.o
                0x00000e90                main
 .text.__copy_rom_section
                0x00001214       0xe4 ./Project_Settings/Startup_Code/startup.o
                0x00001214                __copy_rom_section
 .text.__copy_rom_sections_to_ram
                0x000012f8       0x9c ./Project_Settings/Startup_Code/startup.o
                0x000012f8                __copy_rom_sections_to_ram
 .text.__init_registers
                0x00001394       0x20 ./Project_Settings/Startup_Code/startup.o
                0x00001394                __init_registers
 .text.__init_user
                0x000013b4        0xc ./Project_Settings/Startup_Code/startup.o
                0x000013b4                __init_user
 .text.__thumb_startup
                0x000013c0       0x34 ./Project_Settings/Startup_Code/startup.o
                0x000013c0                __thumb_startup
 .text.AD1_HWEnDi
                0x000013f4       0x44 ./Generated_Code/AD1.o
                0x000013f4                AD1_HWEnDi
 .text.AD1_Measure
                0x00001438       0x44 ./Generated_Code/AD1.o
                0x00001438                AD1_Measure
 .text.AD1_GetValue16
                0x0000147c       0x3c ./Generated_Code/AD1.o
                0x0000147c                AD1_GetValue16
 .text.AdcLdd1_OnMeasurementComplete
                0x000014b8       0x5c ./Generated_Code/AD1.o
                0x000014b8                AdcLdd1_OnMeasurementComplete
 .text.AD1_Init
                0x00001514       0x2c ./Generated_Code/AD1.o
                0x00001514                AD1_Init
 .text.AD2_HWEnDi
                0x00001540       0x44 ./Generated_Code/AD2.o
                0x00001540                AD2_HWEnDi
 .text.AD2_Measure
                0x00001584       0x44 ./Generated_Code/AD2.o
                0x00001584                AD2_Measure
 .text.AD2_GetValue8
                0x000015c8       0x44 ./Generated_Code/AD2.o
                0x000015c8                AD2_GetValue8
 .text.AdcLdd2_OnMeasurementComplete
                0x0000160c       0x5c ./Generated_Code/AD2.o
                0x0000160c                AdcLdd2_OnMeasurementComplete
 .text.AD2_Init
                0x00001668       0x2c ./Generated_Code/AD2.o
                0x00001668                AD2_Init
 .text.ASerialLdd1_Init
                0x00001694      0x1d8 ./Generated_Code/ASerialLdd1.o
                0x00001694                ASerialLdd1_Init
 .text.ASerialLdd1_ReceiveBlock
                0x0000186c       0x90 ./Generated_Code/ASerialLdd1.o
                0x0000186c                ASerialLdd1_ReceiveBlock
 .text.ASerialLdd1_SendBlock
                0x000018fc       0xbc ./Generated_Code/ASerialLdd1.o
                0x000018fc                ASerialLdd1_SendBlock
 .text.InterruptRx
                0x000019b8       0x58 ./Generated_Code/ASerialLdd1.o
 .text.InterruptTx
                0x00001a10       0x80 ./Generated_Code/ASerialLdd1.o
 .text.ASerialLdd1_Interrupt
                0x00001a90       0xf4 ./Generated_Code/ASerialLdd1.o
                0x00001a90                ASerialLdd1_Interrupt
 .text.ASerialLdd1_GetError
                0x00001b84       0x70 ./Generated_Code/ASerialLdd1.o
                0x00001b84                ASerialLdd1_GetError
 .text.AdcLdd1_Init
                0x00001bf4       0xc0 ./Generated_Code/AdcLdd1.o
                0x00001bf4                AdcLdd1_Init
 .text.AdcLdd1_StartSingleMeasurement
                0x00001cb4       0x4c ./Generated_Code/AdcLdd1.o
                0x00001cb4                AdcLdd1_StartSingleMeasurement
 .text.AdcLdd1_CreateSampleGroup
                0x00001d00       0x64 ./Generated_Code/AdcLdd1.o
                0x00001d00                AdcLdd1_CreateSampleGroup
 .text.AdcLdd1_GetMeasuredValues
                0x00001d64       0x4c ./Generated_Code/AdcLdd1.o
                0x00001d64                AdcLdd1_GetMeasuredValues
 .text.AdcLdd1_GetCalibrationResultStatus
                0x00001db0       0xbc ./Generated_Code/AdcLdd1.o
                0x00001db0                AdcLdd1_GetCalibrationResultStatus
 .text.AdcLdd1_MeasurementCompleteInterrupt
                0x00001e6c       0x3c ./Generated_Code/AdcLdd1.o
                0x00001e6c                AdcLdd1_MeasurementCompleteInterrupt
 .text.AdcLdd2_Init
                0x00001ea8       0xec ./Generated_Code/AdcLdd2.o
                0x00001ea8                AdcLdd2_Init
 .text.AdcLdd2_StartSingleMeasurement
                0x00001f94       0x4c ./Generated_Code/AdcLdd2.o
                0x00001f94                AdcLdd2_StartSingleMeasurement
 .text.AdcLdd2_CreateSampleGroup
                0x00001fe0       0x64 ./Generated_Code/AdcLdd2.o
                0x00001fe0                AdcLdd2_CreateSampleGroup
 .text.AdcLdd2_GetMeasuredValues
                0x00002044       0x4c ./Generated_Code/AdcLdd2.o
                0x00002044                AdcLdd2_GetMeasuredValues
 .text.AdcLdd2_GetCalibrationResultStatus
                0x00002090       0xbc ./Generated_Code/AdcLdd2.o
                0x00002090                AdcLdd2_GetCalibrationResultStatus
 .text.AdcLdd2_MeasurementCompleteInterrupt
                0x0000214c       0x3c ./Generated_Code/AdcLdd2.o
                0x0000214c                AdcLdd2_MeasurementCompleteInterrupt
 .text.BT1_Init
                0x00002188       0x18 ./Generated_Code/BT1.o
                0x00002188                BT1_Init
 .text.BitIoLdd1_Init
                0x000021a0       0x80 ./Generated_Code/BitIoLdd1.o
                0x000021a0                BitIoLdd1_Init
 .text.BitIoLdd1_ClrVal
                0x00002220       0x1c ./Generated_Code/BitIoLdd1.o
                0x00002220                BitIoLdd1_ClrVal
 .text.BitIoLdd1_SetVal
                0x0000223c       0x1c ./Generated_Code/BitIoLdd1.o
                0x0000223c                BitIoLdd1_SetVal
 .text.CI2C1_Interrupt
                0x00002258      0x288 ./Generated_Code/CI2C1.o
                0x00002258                CI2C1_Interrupt
 .text.CI2C1_Init
                0x000024e0      0x148 ./Generated_Code/CI2C1.o
                0x000024e0                CI2C1_Init
 .text.CI2C1_MasterSendBlock
                0x00002628      0x18c ./Generated_Code/CI2C1.o
                0x00002628                CI2C1_MasterSendBlock
 .text.CI2C1_MasterReceiveBlock
                0x000027b4      0x188 ./Generated_Code/CI2C1.o
                0x000027b4                CI2C1_MasterReceiveBlock
 .text.CI2C1_SelectSlaveDevice
                0x0000293c       0xf0 ./Generated_Code/CI2C1.o
                0x0000293c                CI2C1_SelectSlaveDevice
 .text.CLS1_Init
                0x00002a2c        0xc ./Generated_Code/CLS1.o
                0x00002a2c                CLS1_Init
 .text.Components_Init
                0x00002a38       0xd4 ./Generated_Code/Cpu.o
                0x00002a38                Components_Init
 .text.Cpu_INT_NMIInterrupt
                0x00002b0c       0x1c ./Generated_Code/Cpu.o
                0x00002b0c                Cpu_INT_NMIInterrupt
 .text.GI2C1_SelectSlave
                0x00002b28       0x34 ./Generated_Code/GI2C1.o
                0x00002b28                GI2C1_SelectSlave
 .text.GI2C1_UnselectSlave
                0x00002b5c       0x10 ./Generated_Code/GI2C1.o
                0x00002b5c                GI2C1_UnselectSlave
 .text.GI2C1_ReadAddress
                0x00002b6c       0xb0 ./Generated_Code/GI2C1.o
                0x00002b6c                GI2C1_ReadAddress
 .text.GI2C1_WriteAddress
                0x00002c1c       0xe4 ./Generated_Code/GI2C1.o
                0x00002c1c                GI2C1_WriteAddress
 .text.CI2C1_OnMasterBlockSent
                0x00002d00       0x28 ./Generated_Code/GI2C1.o
                0x00002d00                CI2C1_OnMasterBlockSent
 .text.CI2C1_OnMasterBlockReceived
                0x00002d28       0x28 ./Generated_Code/GI2C1.o
                0x00002d28                CI2C1_OnMasterBlockReceived
 .text.GI2C1_Init
                0x00002d50       0x20 ./Generated_Code/GI2C1.o
                0x00002d50                GI2C1_Init
 .text.GI2C1_ReadByteAddress8
                0x00002d70       0x30 ./Generated_Code/GI2C1.o
                0x00002d70                GI2C1_ReadByteAddress8
 .text.GI2C1_WriteByteAddress8
                0x00002da0       0x30 ./Generated_Code/GI2C1.o
                0x00002da0                GI2C1_WriteByteAddress8
 .text.LED1_Init
                0x00002dd0       0x14 ./Generated_Code/LED1.o
                0x00002dd0                LED1_Init
 .text.LEDBlanche_SetFreqHz
                0x00002de4       0x38 ./Generated_Code/LEDBlanche.o
                0x00002de4                LEDBlanche_SetFreqHz
 .text.LEDRouge_SetFreqHz
                0x00002e1c       0x38 ./Generated_Code/LEDRouge.o
                0x00002e1c                LEDRouge_SetFreqHz
 .text.PpgLdd1_OnEnd
                0x00002e54       0x14 ./Generated_Code/LEDRouge.o
                0x00002e54                PpgLdd1_OnEnd
 .text.LEDVerte_SetFreqHz
                0x00002e68       0x38 ./Generated_Code/LEDVerte.o
                0x00002e68                LEDVerte_SetFreqHz
 .text.PpgLdd3_OnEnd
                0x00002ea0       0x14 ./Generated_Code/LEDVerte.o
                0x00002ea0                PpgLdd3_OnEnd
 .text.PpgLdd1_Init
                0x00002eb4       0xd8 ./Generated_Code/PpgLdd1.o
                0x00002eb4                PpgLdd1_Init
 .text.PpgLdd1_Enable
                0x00002f8c       0x30 ./Generated_Code/PpgLdd1.o
                0x00002f8c                PpgLdd1_Enable
 .text.PpgLdd1_Disable
                0x00002fbc       0x38 ./Generated_Code/PpgLdd1.o
                0x00002fbc                PpgLdd1_Disable
 .text.PpgLdd1_SetFrequencyHz
                0x00002ff4       0x80 ./Generated_Code/PpgLdd1.o
                0x00002ff4                PpgLdd1_SetFrequencyHz
 .text.PpgLdd1_SetRatio8
                0x00003074       0x2c ./Generated_Code/PpgLdd1.o
                0x00003074                PpgLdd1_SetRatio8
 .text.PpgLdd1_Interrupt
                0x000030a0       0x40 ./Generated_Code/PpgLdd1.o
                0x000030a0                PpgLdd1_Interrupt
 .text.SetRatio
                0x000030e0       0x44 ./Generated_Code/PpgLdd1.o
 .text.PpgLdd2_Init
                0x00003124       0xb4 ./Generated_Code/PpgLdd2.o
                0x00003124                PpgLdd2_Init
 .text.PpgLdd2_Enable
                0x000031d8       0x30 ./Generated_Code/PpgLdd2.o
                0x000031d8                PpgLdd2_Enable
 .text.PpgLdd2_Disable
                0x00003208       0x38 ./Generated_Code/PpgLdd2.o
                0x00003208                PpgLdd2_Disable
 .text.PpgLdd2_SetFrequencyHz
                0x00003240       0x80 ./Generated_Code/PpgLdd2.o
                0x00003240                PpgLdd2_SetFrequencyHz
 .text.PpgLdd2_SetRatio8
                0x000032c0       0x2c ./Generated_Code/PpgLdd2.o
                0x000032c0                PpgLdd2_SetRatio8
 .text.SetRatio
                0x000032ec       0x44 ./Generated_Code/PpgLdd2.o
 .text.PpgLdd3_Init
                0x00003330       0xc0 ./Generated_Code/PpgLdd3.o
                0x00003330                PpgLdd3_Init
 .text.PpgLdd3_Enable
                0x000033f0       0x30 ./Generated_Code/PpgLdd3.o
                0x000033f0                PpgLdd3_Enable
 .text.PpgLdd3_Disable
                0x00003420       0x38 ./Generated_Code/PpgLdd3.o
                0x00003420                PpgLdd3_Disable
 .text.PpgLdd3_SetFrequencyHz
                0x00003458       0x80 ./Generated_Code/PpgLdd3.o
                0x00003458                PpgLdd3_SetFrequencyHz
 .text.PpgLdd3_SetRatio8
                0x000034d8       0x2c ./Generated_Code/PpgLdd3.o
                0x000034d8                PpgLdd3_SetRatio8
 .text.PpgLdd3_Interrupt
                0x00003504       0x40 ./Generated_Code/PpgLdd3.o
                0x00003504                PpgLdd3_Interrupt
 .text.SetRatio
                0x00003544       0x44 ./Generated_Code/PpgLdd3.o
 .text.HWEnDi   0x00003588       0x1c ./Generated_Code/Serial1.o
 .text.Serial1_RecvChar
                0x000035a4       0xd8 ./Generated_Code/Serial1.o
                0x000035a4                Serial1_RecvChar
 .text.Serial1_SendChar
                0x0000367c       0xdc ./Generated_Code/Serial1.o
                0x0000367c                Serial1_SendChar
 .text.Serial1_Init
                0x00003758       0x60 ./Generated_Code/Serial1.o
                0x00003758                Serial1_Init
 .text.ASerialLdd1_OnBlockReceived
                0x000037b8       0x7c ./Generated_Code/Serial1.o
                0x000037b8                ASerialLdd1_OnBlockReceived
 .text.ASerialLdd1_OnBlockSent
                0x00003834       0x88 ./Generated_Code/Serial1.o
                0x00003834                ASerialLdd1_OnBlockSent
 .text.ASerialLdd1_OnError
                0x000038bc       0x98 ./Generated_Code/Serial1.o
                0x000038bc                ASerialLdd1_OnError
 .text.ASerialLdd1_OnBreak
                0x00003954       0x24 ./Generated_Code/Serial1.o
                0x00003954                ASerialLdd1_OnBreak
 .text.WAIT1_Wait10Cycles
                0x00003978        0x8 ./Generated_Code/WAIT1.o
                0x00003978                WAIT1_Wait10Cycles
 .text.WAIT1_Wait100Cycles
                0x00003980       0x28 ./Generated_Code/WAIT1.o
                0x00003980                WAIT1_Wait100Cycles
 .text.WAIT1_WaitCycles
                0x000039a8       0x34 ./Generated_Code/WAIT1.o
                0x000039a8                WAIT1_WaitCycles
 .text.WAIT1_WaitLongCycles
                0x000039dc       0x38 ./Generated_Code/WAIT1.o
                0x000039dc                WAIT1_WaitLongCycles
 .text.WAIT1_Waitms
                0x00003a14       0x2c ./Generated_Code/WAIT1.o
                0x00003a14                WAIT1_Waitms
 .text.exit     0x00003a40       0x28 c:/freescale/kds_v3/toolchain/bin/../lib/gcc/arm-none-eabi/4.8.4/../../../../arm-none-eabi/lib/armv7e-m/fpu\libg_s.a(lib_a-exit.o)
                0x00003a40                exit
 .text.__libc_init_array
                0x00003a68       0x4c c:/freescale/kds_v3/toolchain/bin/../lib/gcc/arm-none-eabi/4.8.4/../../../../arm-none-eabi/lib/armv7e-m/fpu\libg_s.a(lib_a-init.o)
                0x00003a68                __libc_init_array
 .text.memset   0x00003ab4       0x10 c:/freescale/kds_v3/toolchain/bin/../lib/gcc/arm-none-eabi/4.8.4/../../../../arm-none-eabi/lib/armv7e-m/fpu\libg_s.a(lib_a-memset.o)
                0x00003ab4                memset
 .text._exit    0x00003ac4        0x4 c:/freescale/kds_v3/toolchain/bin/../lib/gcc/arm-none-eabi/4.8.4/../../../../arm-none-eabi/lib/armv7e-m/fpu\libnosys.a(_exit.o)
                0x00003ac4                _exit
 *(.rodata)
 *(.rodata*)
 .rodata.ClockGenModeMatrix
                0x00003ac8       0x80 ./Static_Code/System/CPU_Init.o
 .rodata.CPU_ClockConfigDescriptors
                0x00003b48       0x1c ./Static_Code/System/CPU_Init.o
 .rodata.CPU_DefaultFEI
                0x00003b64        0x8 ./Static_Code/System/CPU_Init.o
 .rodata.CPU_DefaultFBI
                0x00003b6c        0x8 ./Static_Code/System/CPU_Init.o
 .rodata.CPU_DefaultBLPI
                0x00003b74        0x8 ./Static_Code/System/CPU_Init.o
 .rodata.CPU_DefaultFEE
                0x00003b7c        0x8 ./Static_Code/System/CPU_Init.o
 .rodata.CPU_DefaultFBE
                0x00003b84        0x8 ./Static_Code/System/CPU_Init.o
 .rodata.CPU_DefaultBLPE
                0x00003b8c        0x8 ./Static_Code/System/CPU_Init.o
 .rodata.CPU_DefaultPBE
                0x00003b94        0x8 ./Static_Code/System/CPU_Init.o
 .rodata.CPU_DefaultPEE
                0x00003b9c        0x8 ./Static_Code/System/CPU_Init.o
 .rodata.CPU_ClockGenModeRegs
                0x00003ba4       0x20 ./Static_Code/System/CPU_Init.o
 .rodata.str1.1
                0x00003bc4        0x2 c:/freescale/kds_v3/toolchain/bin/../lib/gcc/arm-none-eabi/4.8.4/../../../../arm-none-eabi/lib/armv7e-m/fpu\libg_s.a(lib_a-impure.o)
 *fill*         0x00003bc6        0x2 
 .rodata._global_impure_ptr
                0x00003bc8        0x4 c:/freescale/kds_v3/toolchain/bin/../lib/gcc/arm-none-eabi/4.8.4/../../../../arm-none-eabi/lib/armv7e-m/fpu\libg_s.a(lib_a-impure.o)
                0x00003bc8                _global_impure_ptr
 *(.glue_7)
 .glue_7        0x00000000        0x0 linker stubs
 *(.glue_7t)
 .glue_7t       0x00000000        0x0 linker stubs
 *(.eh_frame)
 .eh_frame      0x00003bcc        0x0 c:/freescale/kds_v3/toolchain/bin/../lib/gcc/arm-none-eabi/4.8.4/armv7e-m/fpu/crtbegin.o
 *(.init)
 .init          0x00003bcc        0x4 c:/freescale/kds_v3/toolchain/bin/../lib/gcc/arm-none-eabi/4.8.4/armv7e-m/fpu/crti.o
                0x00003bcc                _init
 .init          0x00003bd0        0x8 c:/freescale/kds_v3/toolchain/bin/../lib/gcc/arm-none-eabi/4.8.4/armv7e-m/fpu/crtn.o
 *(.fini)
 .fini          0x00003bd8        0x4 c:/freescale/kds_v3/toolchain/bin/../lib/gcc/arm-none-eabi/4.8.4/armv7e-m/fpu/crti.o
                0x00003bd8                _fini
 .fini          0x00003bdc        0x8 c:/freescale/kds_v3/toolchain/bin/../lib/gcc/arm-none-eabi/4.8.4/armv7e-m/fpu/crtn.o
                0x00003be4                . = ALIGN (0x4)
                0x00003be4                _etext = .

.vfp11_veneer   0x00003be4        0x0
 .vfp11_veneer  0x00000000        0x0 linker stubs

.v4_bx          0x00003be4        0x0
 .v4_bx         0x00000000        0x0 linker stubs

.iplt           0x00003be4        0x0
 .iplt          0x00000000        0x0 c:/freescale/kds_v3/toolchain/bin/../lib/gcc/arm-none-eabi/4.8.4/armv7e-m/fpu/crtbegin.o

.ARM.extab
 *(.ARM.extab* .gnu.linkonce.armextab.*)

.ARM            0x00003be4        0x8
                0x00003be4                __exidx_start = .
 *(.ARM.exidx*)
 .ARM.exidx     0x00003be4        0x8 c:/freescale/kds_v3/toolchain/bin/../lib/gcc/arm-none-eabi/4.8.4/../../../../arm-none-eabi/lib/armv7e-m/fpu/crt0.o
                0x00003bec                __exidx_end = .

.rel.dyn        0x00003bec        0x0
 .rel.iplt      0x00000000        0x0 c:/freescale/kds_v3/toolchain/bin/../lib/gcc/arm-none-eabi/4.8.4/armv7e-m/fpu/crtbegin.o

.ctors          0x00003bec        0x0
                0x00003bec                __CTOR_LIST__ = .
 *crtbegin.o(.ctors)
 *(EXCLUDE_FILE(*crtend.o) .ctors)
 *(SORT(.ctors.*))
 *(.ctors)
                0x00003bec                __CTOR_END__ = .

.dtors          0x00003bec        0x0
                0x00003bec                __DTOR_LIST__ = .
 *crtbegin.o(.dtors)
 *(EXCLUDE_FILE(*crtend.o) .dtors)
 *(SORT(.dtors.*))
 *(.dtors)
                0x00003bec                __DTOR_END__ = .

.preinit_array  0x00003bec        0x0
                0x00003bec                PROVIDE (__preinit_array_start, .)
 *(.preinit_array*)
                0x00003bec                PROVIDE (__preinit_array_end, .)

.init_array     0x00003bec        0x4
                0x00003bec                PROVIDE (__init_array_start, .)
 *(SORT(.init_array.*))
 *(.init_array*)
 .init_array    0x00003bec        0x4 c:/freescale/kds_v3/toolchain/bin/../lib/gcc/arm-none-eabi/4.8.4/armv7e-m/fpu/crtbegin.o
                0x00003bf0                PROVIDE (__init_array_end, .)

.fini_array     0x00003bf0        0x4
                0x00003bf0                PROVIDE (__fini_array_start, .)
 *(SORT(.fini_array.*))
 *(.fini_array*)
 .fini_array    0x00003bf0        0x4 c:/freescale/kds_v3/toolchain/bin/../lib/gcc/arm-none-eabi/4.8.4/armv7e-m/fpu/crtbegin.o
                0x00003bf4                PROVIDE (__fini_array_end, .)
                0x00003bf4                ___ROM_AT = .

.data           0x1fff0000       0x64 load address 0x00003bf4
                0x1fff0000                . = ALIGN (0x4)
                0x1fff0000                _sdata = .
 *(.data)
 *(.data*)
 .data.BT1_lastErr
                0x1fff0000        0x1 ./Generated_Code/BT1.o
 *fill*         0x1fff0001        0x3 
 .data.impure_data
                0x1fff0004       0x60 c:/freescale/kds_v3/toolchain/bin/../lib/gcc/arm-none-eabi/4.8.4/../../../../arm-none-eabi/lib/armv7e-m/fpu\libg_s.a(lib_a-impure.o)
                0x1fff0064                . = ALIGN (0x4)
                0x1fff0064                _edata = .
                0x00000064                ___data_size = (_edata - _sdata)
                0x00003c58                ___m_data_20000000_ROMStart = (___ROM_AT + SIZEOF (.data))

.jcr            0x1fff0064        0x0 load address 0x00003c58
 .jcr           0x1fff0064        0x0 c:/freescale/kds_v3/toolchain/bin/../lib/gcc/arm-none-eabi/4.8.4/armv7e-m/fpu/crtbegin.o

.igot.plt       0x1fff0064        0x0 load address 0x00003c58
 .igot.plt      0x00000000        0x0 c:/freescale/kds_v3/toolchain/bin/../lib/gcc/arm-none-eabi/4.8.4/armv7e-m/fpu/crtbegin.o

.m_data_20000000
                0x20000000        0x0 load address 0x00003c58
                0x20000000                . = ALIGN (0x4)
                0x20000000                ___m_data_20000000_RAMStart = .
 *(.m_data_20000000)
                0x20000000                ___m_data_20000000_RAMEnd = .
                0x20000000                . = ALIGN (0x4)
                0x00000000                ___m_data_20000000_ROMSize = (___m_data_20000000_RAMEnd - ___m_data_20000000_RAMStart)
                0x20000000                . = ALIGN (0x4)

.bss            0x1fff0064      0x1b0 load address 0x00003c58
                0x1fff0064                __START_BSS = .
                0x1fff0064                PROVIDE (__bss_start__, __START_BSS)
 *(.bss)
 .bss           0x1fff0064       0x1c c:/freescale/kds_v3/toolchain/bin/../lib/gcc/arm-none-eabi/4.8.4/armv7e-m/fpu/crtbegin.o
 *(.bss*)
 .bss.SR_lock   0x1fff0080        0x1 ./Static_Code/System/CPU_Init.o
                0x1fff0080                SR_lock
 *fill*         0x1fff0081        0x1 
 .bss.x_gyro    0x1fff0082        0x2 ./Sources/MMA8451.o
                0x1fff0082                x_gyro
 .bss.y_gyro    0x1fff0084        0x2 ./Sources/MMA8451.o
                0x1fff0084                y_gyro
 .bss.z_gyro    0x1fff0086        0x2 ./Sources/MMA8451.o
                0x1fff0086                z_gyro
 .bss.ModeFlg   0x1fff0088        0x1 ./Generated_Code/AD1.o
 *fill*         0x1fff0089        0x3 
 .bss.SampleGroup
                0x1fff008c        0x4 ./Generated_Code/AD1.o
 .bss.OutFlg    0x1fff0090        0x1 ./Generated_Code/AD1.o
 .bss.ModeFlg   0x1fff0091        0x1 ./Generated_Code/AD2.o
 *fill*         0x1fff0092        0x2 
 .bss.SampleGroup
                0x1fff0094        0x4 ./Generated_Code/AD2.o
 .bss.OutFlg    0x1fff0098        0x1 ./Generated_Code/AD2.o
 *fill*         0x1fff0099        0x3 
 .bss.DeviceDataPrv__DEFAULT_RTOS_ALLOC
                0x1fff009c       0x20 ./Generated_Code/ASerialLdd1.o
 .bss.INT_UART2_RX_TX__DEFAULT_RTOS_ISRPARAM
                0x1fff00bc        0x4 ./Generated_Code/ASerialLdd1.o
 .bss.INT_UART2_ERR__DEFAULT_RTOS_ISRPARAM
                0x1fff00c0        0x4 ./Generated_Code/ASerialLdd1.o
 .bss.DeviceDataPrv__DEFAULT_RTOS_ALLOC
                0x1fff00c4        0x8 ./Generated_Code/AdcLdd1.o
 .bss.INT_ADC0__DEFAULT_RTOS_ISRPARAM
                0x1fff00cc        0x4 ./Generated_Code/AdcLdd1.o
 .bss.DeviceDataPrv__DEFAULT_RTOS_ALLOC
                0x1fff00d0        0x8 ./Generated_Code/AdcLdd2.o
 .bss.INT_ADC1__DEFAULT_RTOS_ISRPARAM
                0x1fff00d8        0x4 ./Generated_Code/AdcLdd2.o
 .bss.DeviceDataPrv__DEFAULT_RTOS_ALLOC
                0x1fff00dc        0x4 ./Generated_Code/BitIoLdd1.o
 .bss.DeviceDataPrv__DEFAULT_RTOS_ALLOC
                0x1fff00e0       0x18 ./Generated_Code/CI2C1.o
 .bss.INT_I2C1__DEFAULT_RTOS_ISRPARAM
                0x1fff00f8        0x4 ./Generated_Code/CI2C1.o
 .bss.GI2C1_deviceData
                0x1fff00fc        0x8 ./Generated_Code/GI2C1.o
 .bss.writeBuf.6123
                0x1fff0104       0x10 ./Generated_Code/GI2C1.o
 .bss.PE_LDD_DeviceDataList
                0x1fff0114       0x20 ./Generated_Code/PE_LDD.o
                0x1fff0114                PE_LDD_DeviceDataList
 .bss.DeviceDataPrv__DEFAULT_RTOS_ALLOC
                0x1fff0134       0x10 ./Generated_Code/PpgLdd1.o
 .bss.INT_FTM0__DEFAULT_RTOS_ISRPARAM
                0x1fff0144        0x4 ./Generated_Code/PpgLdd1.o
 .bss.DeviceDataPrv__DEFAULT_RTOS_ALLOC
                0x1fff0148       0x10 ./Generated_Code/PpgLdd2.o
 .bss.DeviceDataPrv__DEFAULT_RTOS_ALLOC
                0x1fff0158       0x10 ./Generated_Code/PpgLdd3.o
 .bss.INT_FTM2__DEFAULT_RTOS_ISRPARAM
                0x1fff0168        0x4 ./Generated_Code/PpgLdd3.o
 .bss.SerFlag   0x1fff016c        0x2 ./Generated_Code/Serial1.o
 .bss.Serial1_InpLen
                0x1fff016e        0x2 ./Generated_Code/Serial1.o
 .bss.InpIndexR
                0x1fff0170        0x2 ./Generated_Code/Serial1.o
 .bss.InpIndexW
                0x1fff0172        0x2 ./Generated_Code/Serial1.o
 .bss.InpBuffer
                0x1fff0174       0x40 ./Generated_Code/Serial1.o
 .bss.BufferRead
                0x1fff01b4        0x1 ./Generated_Code/Serial1.o
 *fill*         0x1fff01b5        0x1 
 .bss.Serial1_OutLen
                0x1fff01b6        0x2 ./Generated_Code/Serial1.o
 .bss.OutIndexR
                0x1fff01b8        0x2 ./Generated_Code/Serial1.o
 .bss.OutIndexW
                0x1fff01ba        0x2 ./Generated_Code/Serial1.o
 .bss.OutBuffer
                0x1fff01bc       0x40 ./Generated_Code/Serial1.o
 *(COMMON)
 COMMON         0x1fff01fc        0x1 ./Static_Code/System/CPU_Init.o
                0x1fff01fc                SR_reg
 *fill*         0x1fff01fd        0x3 
 COMMON         0x1fff0200        0x8 ./Generated_Code/AD1.o
                0x1fff0200                AD1_OutV
                0x1fff0204                AdcLdd1_DeviceDataPtr
 COMMON         0x1fff0208        0x8 ./Generated_Code/AD2.o
                0x1fff0208                AD2_OutV
                0x1fff020c                AdcLdd2_DeviceDataPtr
 COMMON         0x1fff0210        0x4 ./Generated_Code/Serial1.o
                0x1fff0210                ASerialLdd1_DeviceDataPtr
                0x1fff0214                . = ALIGN (0x4)
                0x1fff0214                __END_BSS = .
                0x1fff0214                PROVIDE (__bss_end__, __END_BSS)
                0x00003c58                _romp_at = ((___ROM_AT + SIZEOF (.data)) + SIZEOF (.m_data_20000000))

.romp           0x1fff0214       0x24 load address 0x00003c58
                0x00003c58                __S_romp = _romp_at
                0x1fff0214        0x4 LONG 0x3bf4 ___ROM_AT
                0x1fff0218        0x4 LONG 0x1fff0000 _sdata
                0x1fff021c        0x4 LONG 0x64 ___data_size
                0x1fff0220        0x4 LONG 0x3c58 ___m_data_20000000_ROMStart
                0x1fff0224        0x4 LONG 0x20000000 ___m_data_20000000_RAMStart
                0x1fff0228        0x4 LONG 0x0 ___m_data_20000000_ROMSize
                0x1fff022c        0x4 LONG 0x0
                0x1fff0230        0x4 LONG 0x0
                0x1fff0234        0x4 LONG 0x0
                0x00080000                text_end = (ORIGIN (m_text) + 0x7fbf0)
                0x00003c7c                data_init_end = ((___m_data_20000000_ROMStart + SIZEOF (.m_data_20000000)) + SIZEOF (.romp))
                0x00000001                ASSERT ((data_init_end <= text_end), region m_text overflowed with text and data)

._user_heap_stack
                0x1fff0238      0x400 load address 0x00003c7c
                0x1fff0238                . = ALIGN (0x4)
                0x1fff0238                PROVIDE (end, .)
                0x1fff0238                PROVIDE (_end, .)
                0x1fff0238                PROVIDE (__end__, .)
                0x1fff0238                __heap_addr = .
                0x1fff0238                __HeapBase = .
                0x1fff0238                . = (. + __heap_size)
                0x1fff0238                __HeapLimit = .
                0x1fff0638                . = (. + __stack_size)
 *fill*         0x1fff0238      0x400 
                0x1fff0638                . = ALIGN (0x4)

.ARM.attributes
                0x00000000       0x30
 *(.ARM.attributes)
 .ARM.attributes
                0x00000000       0x22 c:/freescale/kds_v3/toolchain/bin/../lib/gcc/arm-none-eabi/4.8.4/armv7e-m/fpu/crti.o
 .ARM.attributes
                0x00000022       0x34 c:/freescale/kds_v3/toolchain/bin/../lib/gcc/arm-none-eabi/4.8.4/armv7e-m/fpu/crtbegin.o
 .ARM.attributes
                0x00000056       0x20 c:/freescale/kds_v3/toolchain/bin/../lib/gcc/arm-none-eabi/4.8.4/../../../../arm-none-eabi/lib/armv7e-m/fpu/crt0.o
 .ARM.attributes
                0x00000076       0x39 ./Static_Code/System/CPU_Init.o
 .ARM.attributes
                0x000000af       0x39 ./Static_Code/System/Vectors.o
 .ARM.attributes
                0x000000e8       0x39 ./Sources/Events.o
 .ARM.attributes
                0x00000121       0x39 ./Sources/MMA8451.o
 .ARM.attributes
                0x0000015a       0x39 ./Sources/SendData.o
 .ARM.attributes
                0x00000193       0x39 ./Sources/main.o
 .ARM.attributes
                0x000001cc       0x39 ./Project_Settings/Startup_Code/startup.o
 .ARM.attributes
                0x00000205       0x39 ./Generated_Code/AD1.o
 .ARM.attributes
                0x0000023e       0x39 ./Generated_Code/AD2.o
 .ARM.attributes
                0x00000277       0x39 ./Generated_Code/ASerialLdd1.o
 .ARM.attributes
                0x000002b0       0x39 ./Generated_Code/AdcLdd1.o
 .ARM.attributes
                0x000002e9       0x39 ./Generated_Code/AdcLdd2.o
 .ARM.attributes
                0x00000322       0x39 ./Generated_Code/BT1.o
 .ARM.attributes
                0x0000035b       0x39 ./Generated_Code/BitIoLdd1.o
 .ARM.attributes
                0x00000394       0x39 ./Generated_Code/CI2C1.o
 .ARM.attributes
                0x000003cd       0x39 ./Generated_Code/CLS1.o
 .ARM.attributes
                0x00000406       0x39 ./Generated_Code/Cpu.o
 .ARM.attributes
                0x0000043f       0x39 ./Generated_Code/GI2C1.o
 .ARM.attributes
                0x00000478       0x39 ./Generated_Code/LED1.o
 .ARM.attributes
                0x000004b1       0x39 ./Generated_Code/LEDBlanche.o
 .ARM.attributes
                0x000004ea       0x39 ./Generated_Code/LEDRouge.o
 .ARM.attributes
                0x00000523       0x39 ./Generated_Code/LEDVerte.o
 .ARM.attributes
                0x0000055c       0x39 ./Generated_Code/PE_LDD.o
 .ARM.attributes
                0x00000595       0x39 ./Generated_Code/PpgLdd1.o
 .ARM.attributes
                0x000005ce       0x39 ./Generated_Code/PpgLdd2.o
 .ARM.attributes
                0x00000607       0x39 ./Generated_Code/PpgLdd3.o
 .ARM.attributes
                0x00000640       0x39 ./Generated_Code/Serial1.o
 .ARM.attributes
                0x00000679       0x39 ./Generated_Code/WAIT1.o
 .ARM.attributes
                0x000006b2       0x34 c:/freescale/kds_v3/toolchain/bin/../lib/gcc/arm-none-eabi/4.8.4/../../../../arm-none-eabi/lib/armv7e-m/fpu\libg_s.a(lib_a-exit.o)
 .ARM.attributes
                0x000006e6       0x34 c:/freescale/kds_v3/toolchain/bin/../lib/gcc/arm-none-eabi/4.8.4/../../../../arm-none-eabi/lib/armv7e-m/fpu\libg_s.a(lib_a-impure.o)
 .ARM.attributes
                0x0000071a       0x34 c:/freescale/kds_v3/toolchain/bin/../lib/gcc/arm-none-eabi/4.8.4/../../../../arm-none-eabi/lib/armv7e-m/fpu\libg_s.a(lib_a-init.o)
 .ARM.attributes
                0x0000074e       0x34 c:/freescale/kds_v3/toolchain/bin/../lib/gcc/arm-none-eabi/4.8.4/../../../../arm-none-eabi/lib/armv7e-m/fpu\libg_s.a(lib_a-memset.o)
 .ARM.attributes
                0x00000782       0x34 c:/freescale/kds_v3/toolchain/bin/../lib/gcc/arm-none-eabi/4.8.4/../../../../arm-none-eabi/lib/armv7e-m/fpu\libnosys.a(_exit.o)
 .ARM.attributes
                0x000007b6       0x22 c:/freescale/kds_v3/toolchain/bin/../lib/gcc/arm-none-eabi/4.8.4/armv7e-m/fpu/crtn.o
OUTPUT(HL_K22F_0.1.elf elf32-littlearm)

.debug_info     0x00000000     0x945d
 .debug_info    0x00000000      0xabb ./Static_Code/System/CPU_Init.o
 .debug_info    0x00000abb      0x829 ./Static_Code/System/Vectors.o
 .debug_info    0x000012e4      0x103 ./Sources/Events.o
 .debug_info    0x000013e7      0x2f4 ./Sources/MMA8451.o
 .debug_info    0x000016db      0x184 ./Sources/SendData.o
 .debug_info    0x0000185f      0x1f6 ./Sources/main.o
 .debug_info    0x00001a55      0x3b0 ./Project_Settings/Startup_Code/startup.o
 .debug_info    0x00001e05      0x267 ./Generated_Code/AD1.o
 .debug_info    0x0000206c      0x267 ./Generated_Code/AD2.o
 .debug_info    0x000022d3      0xa74 ./Generated_Code/ASerialLdd1.o
 .debug_info    0x00002d47      0x89b ./Generated_Code/AdcLdd1.o
 .debug_info    0x000035e2      0x965 ./Generated_Code/AdcLdd2.o
 .debug_info    0x00003f47      0xa74 ./Generated_Code/BT1.o
 .debug_info    0x000049bb      0x4f5 ./Generated_Code/BitIoLdd1.o
 .debug_info    0x00004eb0      0x89b ./Generated_Code/CI2C1.o
 .debug_info    0x0000574b      0x9f9 ./Generated_Code/CLS1.o
 .debug_info    0x00006144      0x356 ./Generated_Code/Cpu.o
 .debug_info    0x0000649a      0x5d5 ./Generated_Code/GI2C1.o
 .debug_info    0x00006a6f      0x10b ./Generated_Code/LED1.o
 .debug_info    0x00006b7a      0x2ee ./Generated_Code/LEDBlanche.o
 .debug_info    0x00006e68      0x2b6 ./Generated_Code/LEDRouge.o
 .debug_info    0x0000711e      0x328 ./Generated_Code/LEDVerte.o
 .debug_info    0x00007446      0x24d ./Generated_Code/PE_LDD.o
 .debug_info    0x00007693      0x7b5 ./Generated_Code/PpgLdd1.o
 .debug_info    0x00007e48      0x731 ./Generated_Code/PpgLdd2.o
 .debug_info    0x00008579      0x8d5 ./Generated_Code/PpgLdd3.o
 .debug_info    0x00008e4e      0x4c0 ./Generated_Code/Serial1.o
 .debug_info    0x0000930e      0x14f ./Generated_Code/WAIT1.o

.debug_abbrev   0x00000000     0x252a
 .debug_abbrev  0x00000000      0x1bd ./Static_Code/System/CPU_Init.o
 .debug_abbrev  0x000001bd       0xd6 ./Static_Code/System/Vectors.o
 .debug_abbrev  0x00000293       0x45 ./Sources/Events.o
 .debug_abbrev  0x000002d8      0x111 ./Sources/MMA8451.o
 .debug_abbrev  0x000003e9       0xa2 ./Sources/SendData.o
 .debug_abbrev  0x0000048b       0xd1 ./Sources/main.o
 .debug_abbrev  0x0000055c      0x189 ./Project_Settings/Startup_Code/startup.o
 .debug_abbrev  0x000006e5      0x16c ./Generated_Code/AD1.o
 .debug_abbrev  0x00000851      0x16c ./Generated_Code/AD2.o
 .debug_abbrev  0x000009bd      0x1e8 ./Generated_Code/ASerialLdd1.o
 .debug_abbrev  0x00000ba5      0x1b4 ./Generated_Code/AdcLdd1.o
 .debug_abbrev  0x00000d59      0x1b4 ./Generated_Code/AdcLdd2.o
 .debug_abbrev  0x00000f0d      0x207 ./Generated_Code/BT1.o
 .debug_abbrev  0x00001114      0x14e ./Generated_Code/BitIoLdd1.o
 .debug_abbrev  0x00001262      0x1a5 ./Generated_Code/CI2C1.o
 .debug_abbrev  0x00001407      0x1d3 ./Generated_Code/CLS1.o
 .debug_abbrev  0x000015da       0xd5 ./Generated_Code/Cpu.o
 .debug_abbrev  0x000016af      0x1eb ./Generated_Code/GI2C1.o
 .debug_abbrev  0x0000189a       0xc6 ./Generated_Code/LED1.o
 .debug_abbrev  0x00001960       0xee ./Generated_Code/LEDBlanche.o
 .debug_abbrev  0x00001a4e      0x108 ./Generated_Code/LEDRouge.o
 .debug_abbrev  0x00001b56      0x108 ./Generated_Code/LEDVerte.o
 .debug_abbrev  0x00001c5e      0x10d ./Generated_Code/PE_LDD.o
 .debug_abbrev  0x00001d6b      0x1d8 ./Generated_Code/PpgLdd1.o
 .debug_abbrev  0x00001f43      0x188 ./Generated_Code/PpgLdd2.o
 .debug_abbrev  0x000020cb      0x1d8 ./Generated_Code/PpgLdd3.o
 .debug_abbrev  0x000022a3      0x1d6 ./Generated_Code/Serial1.o
 .debug_abbrev  0x00002479       0xb1 ./Generated_Code/WAIT1.o

.debug_aranges  0x00000000      0xda0
 .debug_aranges
                0x00000000       0x40 ./Static_Code/System/CPU_Init.o
 .debug_aranges
                0x00000040      0x340 ./Static_Code/System/Vectors.o
 .debug_aranges
                0x00000380       0x50 ./Sources/Events.o
 .debug_aranges
                0x000003d0       0x60 ./Sources/MMA8451.o
 .debug_aranges
                0x00000430       0x20 ./Sources/SendData.o
 .debug_aranges
                0x00000450       0x20 ./Sources/main.o
 .debug_aranges
                0x00000470       0x50 ./Project_Settings/Startup_Code/startup.o
 .debug_aranges
                0x000004c0       0x50 ./Generated_Code/AD1.o
 .debug_aranges
                0x00000510       0x50 ./Generated_Code/AD2.o
 .debug_aranges
                0x00000560       0x50 ./Generated_Code/ASerialLdd1.o
 .debug_aranges
                0x000005b0       0x60 ./Generated_Code/AdcLdd1.o
 .debug_aranges
                0x00000610       0x60 ./Generated_Code/AdcLdd2.o
 .debug_aranges
                0x00000670       0xd8 ./Generated_Code/BT1.o
 .debug_aranges
                0x00000748       0x40 ./Generated_Code/BitIoLdd1.o
 .debug_aranges
                0x00000788       0x48 ./Generated_Code/CI2C1.o
 .debug_aranges
                0x000007d0      0x110 ./Generated_Code/CLS1.o
 .debug_aranges
                0x000008e0       0x28 ./Generated_Code/Cpu.o
 .debug_aranges
                0x00000908       0xa0 ./Generated_Code/GI2C1.o
 .debug_aranges
                0x000009a8       0x30 ./Generated_Code/LED1.o
 .debug_aranges
                0x000009d8       0x60 ./Generated_Code/LEDBlanche.o
 .debug_aranges
                0x00000a38       0x58 ./Generated_Code/LEDRouge.o
 .debug_aranges
                0x00000a90       0x68 ./Generated_Code/LEDVerte.o
 .debug_aranges
                0x00000af8       0x30 ./Generated_Code/PE_LDD.o
 .debug_aranges
                0x00000b28       0x80 ./Generated_Code/PpgLdd1.o
 .debug_aranges
                0x00000ba8       0x90 ./Generated_Code/PpgLdd2.o
 .debug_aranges
                0x00000c38       0xa0 ./Generated_Code/PpgLdd3.o
 .debug_aranges
                0x00000cd8       0x88 ./Generated_Code/Serial1.o
 .debug_aranges
                0x00000d60       0x40 ./Generated_Code/WAIT1.o

.debug_ranges   0x00000000      0xbe0
 .debug_ranges  0x00000000       0x30 ./Static_Code/System/CPU_Init.o
 .debug_ranges  0x00000030      0x330 ./Static_Code/System/Vectors.o
 .debug_ranges  0x00000360       0x40 ./Sources/Events.o
 .debug_ranges  0x000003a0       0x50 ./Sources/MMA8451.o
 .debug_ranges  0x000003f0       0x10 ./Sources/SendData.o
 .debug_ranges  0x00000400       0x10 ./Sources/main.o
 .debug_ranges  0x00000410       0x40 ./Project_Settings/Startup_Code/startup.o
 .debug_ranges  0x00000450       0x40 ./Generated_Code/AD1.o
 .debug_ranges  0x00000490       0x40 ./Generated_Code/AD2.o
 .debug_ranges  0x000004d0       0x40 ./Generated_Code/ASerialLdd1.o
 .debug_ranges  0x00000510       0x50 ./Generated_Code/AdcLdd1.o
 .debug_ranges  0x00000560       0x50 ./Generated_Code/AdcLdd2.o
 .debug_ranges  0x000005b0       0xc8 ./Generated_Code/BT1.o
 .debug_ranges  0x00000678       0x30 ./Generated_Code/BitIoLdd1.o
 .debug_ranges  0x000006a8       0x38 ./Generated_Code/CI2C1.o
 .debug_ranges  0x000006e0      0x100 ./Generated_Code/CLS1.o
 .debug_ranges  0x000007e0       0x18 ./Generated_Code/Cpu.o
 .debug_ranges  0x000007f8       0x90 ./Generated_Code/GI2C1.o
 .debug_ranges  0x00000888       0x20 ./Generated_Code/LED1.o
 .debug_ranges  0x000008a8       0x50 ./Generated_Code/LEDBlanche.o
 .debug_ranges  0x000008f8       0x48 ./Generated_Code/LEDRouge.o
 .debug_ranges  0x00000940       0x58 ./Generated_Code/LEDVerte.o
 .debug_ranges  0x00000998       0x20 ./Generated_Code/PE_LDD.o
 .debug_ranges  0x000009b8       0x70 ./Generated_Code/PpgLdd1.o
 .debug_ranges  0x00000a28       0x80 ./Generated_Code/PpgLdd2.o
 .debug_ranges  0x00000aa8       0x90 ./Generated_Code/PpgLdd3.o
 .debug_ranges  0x00000b38       0x78 ./Generated_Code/Serial1.o
 .debug_ranges  0x00000bb0       0x30 ./Generated_Code/WAIT1.o

.debug_macro    0x00000000    0x2a0e7
 .debug_macro   0x00000000      0x37b ./Static_Code/System/CPU_Init.o
 .debug_macro   0x0000037b      0x850 ./Static_Code/System/CPU_Init.o
 .debug_macro   0x00000bcb       0x16 ./Static_Code/System/CPU_Init.o
 .debug_macro   0x00000be1       0x44 ./Static_Code/System/CPU_Init.o
 .debug_macro   0x00000c25      0x209 ./Static_Code/System/CPU_Init.o
 .debug_macro   0x00000e2e     0x17a6 ./Static_Code/System/CPU_Init.o
 .debug_macro   0x000025d4     0xbca7 ./Static_Code/System/CPU_Init.o
 .debug_macro   0x0000e27b      0x4c6 ./Static_Code/System/CPU_Init.o
 .debug_macro   0x0000e741      0x14e ./Static_Code/System/CPU_Init.o
 .debug_macro   0x0000e88f       0x6a ./Static_Code/System/CPU_Init.o
 .debug_macro   0x0000e8f9       0x58 ./Static_Code/System/CPU_Init.o
 .debug_macro   0x0000e951       0x35 ./Static_Code/System/CPU_Init.o
 .debug_macro   0x0000e986       0xa3 ./Static_Code/System/CPU_Init.o
 .debug_macro   0x0000ea29       0x16 ./Static_Code/System/CPU_Init.o
 .debug_macro   0x0000ea3f       0x22 ./Static_Code/System/CPU_Init.o
 .debug_macro   0x0000ea61       0x22 ./Static_Code/System/CPU_Init.o
 .debug_macro   0x0000ea83       0x94 ./Static_Code/System/CPU_Init.o
 .debug_macro   0x0000eb17      0x12c ./Static_Code/System/CPU_Init.o
 .debug_macro   0x0000ec43       0x40 ./Static_Code/System/CPU_Init.o
 .debug_macro   0x0000ec83       0x1f ./Static_Code/System/CPU_Init.o
 .debug_macro   0x0000eca2       0x41 ./Static_Code/System/CPU_Init.o
 .debug_macro   0x0000ece3       0x3d ./Static_Code/System/CPU_Init.o
 .debug_macro   0x0000ed20       0x47 ./Static_Code/System/CPU_Init.o
 .debug_macro   0x0000ed67      0x166 ./Static_Code/System/CPU_Init.o
 .debug_macro   0x0000eecd       0x52 ./Static_Code/System/CPU_Init.o
 .debug_macro   0x0000ef1f       0x16 ./Static_Code/System/CPU_Init.o
 .debug_macro   0x0000ef35       0x43 ./Static_Code/System/CPU_Init.o
 .debug_macro   0x0000ef78      0x180 ./Static_Code/System/CPU_Init.o
 .debug_macro   0x0000f0f8      0x2a6 ./Static_Code/System/CPU_Init.o
 .debug_macro   0x0000f39e       0x10 ./Static_Code/System/CPU_Init.o
 .debug_macro   0x0000f3ae       0x35 ./Static_Code/System/CPU_Init.o
 .debug_macro   0x0000f3e3       0x19 ./Static_Code/System/CPU_Init.o
 .debug_macro   0x0000f3fc       0x2e ./Static_Code/System/CPU_Init.o
 .debug_macro   0x0000f42a       0x66 ./Static_Code/System/CPU_Init.o
 .debug_macro   0x0000f490       0x65 ./Static_Code/System/CPU_Init.o
 .debug_macro   0x0000f4f5       0x20 ./Static_Code/System/CPU_Init.o
 .debug_macro   0x0000f515       0x58 ./Static_Code/System/CPU_Init.o
 .debug_macro   0x0000f56d      0x61c ./Static_Code/System/CPU_Init.o
 .debug_macro   0x0000fb89       0x7b ./Static_Code/System/CPU_Init.o
 .debug_macro   0x0000fc04       0x10 ./Static_Code/System/CPU_Init.o
 .debug_macro   0x0000fc14       0x43 ./Static_Code/System/CPU_Init.o
 .debug_macro   0x0000fc57       0x16 ./Static_Code/System/CPU_Init.o
 .debug_macro   0x0000fc6d      0x6a6 ./Static_Code/System/CPU_Init.o
 .debug_macro   0x00010313       0xcf ./Static_Code/System/CPU_Init.o
 .debug_macro   0x000103e2       0x76 ./Static_Code/System/CPU_Init.o
 .debug_macro   0x00010458       0xc3 ./Static_Code/System/CPU_Init.o
 .debug_macro   0x0001051b       0x6e ./Static_Code/System/CPU_Init.o
 .debug_macro   0x00010589       0xb5 ./Static_Code/System/CPU_Init.o
 .debug_macro   0x0001063e       0x67 ./Static_Code/System/CPU_Init.o
 .debug_macro   0x000106a5       0x81 ./Static_Code/System/CPU_Init.o
 .debug_macro   0x00010726       0x10 ./Static_Code/System/CPU_Init.o
 .debug_macro   0x00010736      0x2a9 ./Static_Code/System/CPU_Init.o
 .debug_macro   0x000109df      0x369 ./Static_Code/System/Vectors.o
 .debug_macro   0x00010d48      0x468 ./Sources/Events.o
 .debug_macro   0x000111b0       0xaf ./Sources/Events.o
 .debug_macro   0x0001125f       0x7b ./Sources/Events.o
 .debug_macro   0x000112da       0x81 ./Sources/Events.o
 .debug_macro   0x0001135b       0xd5 ./Sources/Events.o
 .debug_macro   0x00011430      0x328 ./Sources/Events.o
 .debug_macro   0x00011758      0x109 ./Sources/Events.o
 .debug_macro   0x00011861      0x17f ./Sources/Events.o
 .debug_macro   0x000119e0      0x202 ./Sources/Events.o
 .debug_macro   0x00011be2      0x91e ./Sources/Events.o
 .debug_macro   0x00012500       0x9e ./Sources/Events.o
 .debug_macro   0x0001259e      0x1f9 ./Sources/Events.o
 .debug_macro   0x00012797      0x39c ./Sources/Events.o
 .debug_macro   0x00012b33      0x29c ./Sources/Events.o
 .debug_macro   0x00012dcf      0x264 ./Sources/Events.o
 .debug_macro   0x00013033      0x25b ./Sources/Events.o
 .debug_macro   0x0001328e      0x399 ./Sources/Events.o
 .debug_macro   0x00013627      0x4f1 ./Sources/Events.o
 .debug_macro   0x00013b18      0x13f ./Sources/Events.o
 .debug_macro   0x00013c57       0x6c ./Sources/Events.o
 .debug_macro   0x00013cc3      0x30d ./Sources/Events.o
 .debug_macro   0x00013fd0       0xbb ./Sources/Events.o
 .debug_macro   0x0001408b       0xe9 ./Sources/Events.o
 .debug_macro   0x00014174      0x4ea ./Sources/Events.o
 .debug_macro   0x0001465e      0x18f ./Sources/Events.o
 .debug_macro   0x000147ed       0xea ./Sources/Events.o
 .debug_macro   0x000148d7      0x344 ./Sources/Events.o
 .debug_macro   0x00014c1b      0x824 ./Sources/Events.o
 .debug_macro   0x0001543f      0x179 ./Sources/Events.o
 .debug_macro   0x000155b8      0x9e2 ./Sources/Events.o
 .debug_macro   0x00015f9a      0x129 ./Sources/Events.o
 .debug_macro   0x000160c3      0x648 ./Sources/Events.o
 .debug_macro   0x0001670b       0x81 ./Sources/Events.o
 .debug_macro   0x0001678c      0x7bf ./Sources/Events.o
 .debug_macro   0x00016f4b      0x66f ./Sources/Events.o
 .debug_macro   0x000175ba       0x7b ./Sources/Events.o
 .debug_macro   0x00017635      0x182 ./Sources/Events.o
 .debug_macro   0x000177b7      0x369 ./Sources/MMA8451.o
 .debug_macro   0x00017b20      0x537 ./Sources/SendData.o
 .debug_macro   0x00018057       0x1c ./Sources/SendData.o
 .debug_macro   0x00018073       0x10 ./Sources/SendData.o
 .debug_macro   0x00018083       0x10 ./Sources/SendData.o
 .debug_macro   0x00018093       0x22 ./Sources/SendData.o
 .debug_macro   0x000180b5       0xbd ./Sources/SendData.o
 .debug_macro   0x00018172       0x16 ./Sources/SendData.o
 .debug_macro   0x00018188      0x14a ./Sources/SendData.o
 .debug_macro   0x000182d2       0x16 ./Sources/SendData.o
 .debug_macro   0x000182e8       0x22 ./Sources/SendData.o
 .debug_macro   0x0001830a       0x16 ./Sources/SendData.o
 .debug_macro   0x00018320       0x10 ./Sources/SendData.o
 .debug_macro   0x00018330       0x3a ./Sources/SendData.o
 .debug_macro   0x0001836a      0x472 ./Sources/main.o
 .debug_macro   0x000187dc      0x121 ./Project_Settings/Startup_Code/startup.o
 .debug_macro   0x000188fd       0x4a ./Project_Settings/Startup_Code/startup.o
 .debug_macro   0x00018947       0x10 ./Project_Settings/Startup_Code/startup.o
 .debug_macro   0x00018957      0x20f ./Project_Settings/Startup_Code/startup.o
 .debug_macro   0x00018b66     0xbc9b ./Project_Settings/Startup_Code/startup.o
 .debug_macro   0x00024801      0x359 ./Generated_Code/AD1.o
 .debug_macro   0x00024b5a      0x359 ./Generated_Code/AD2.o
 .debug_macro   0x00024eb3      0x113 ./Generated_Code/ASerialLdd1.o
 .debug_macro   0x00024fc6       0x5f ./Generated_Code/ASerialLdd1.o
 .debug_macro   0x00025025       0x26 ./Generated_Code/ASerialLdd1.o
 .debug_macro   0x0002504b      0x7b9 ./Generated_Code/ASerialLdd1.o
 .debug_macro   0x00025804      0x125 ./Generated_Code/AdcLdd1.o
 .debug_macro   0x00025929      0x616 ./Generated_Code/AdcLdd1.o
 .debug_macro   0x00025f3f      0x125 ./Generated_Code/AdcLdd2.o
 .debug_macro   0x00026064      0x1f0 ./Generated_Code/BT1.o
 .debug_macro   0x00026254       0x41 ./Generated_Code/BT1.o
 .debug_macro   0x00026295       0x37 ./Generated_Code/BT1.o
 .debug_macro   0x000262cc       0xfa ./Generated_Code/BitIoLdd1.o
 .debug_macro   0x000263c6      0x161 ./Generated_Code/CI2C1.o
 .debug_macro   0x00026527      0x4e4 ./Generated_Code/CI2C1.o
 .debug_macro   0x00026a0b      0x1e8 ./Generated_Code/CLS1.o
 .debug_macro   0x00026bf3       0x8e ./Generated_Code/CLS1.o
 .debug_macro   0x00026c81     0x17ac ./Generated_Code/CLS1.o
 .debug_macro   0x0002842d      0x34f ./Generated_Code/Cpu.o
 .debug_macro   0x0002877c      0x10c ./Generated_Code/GI2C1.o
 .debug_macro   0x00028888      0x124 ./Generated_Code/LED1.o
 .debug_macro   0x000289ac      0x109 ./Generated_Code/LEDBlanche.o
 .debug_macro   0x00028ab5      0x6a0 ./Generated_Code/LEDBlanche.o
 .debug_macro   0x00029155       0xbd ./Generated_Code/LEDBlanche.o
 .debug_macro   0x00029212      0x33b ./Generated_Code/LEDRouge.o
 .debug_macro   0x0002954d      0x33b ./Generated_Code/LEDVerte.o
 .debug_macro   0x00029888      0x2e9 ./Generated_Code/PE_LDD.o
 .debug_macro   0x00029b71      0x115 ./Generated_Code/PpgLdd1.o
 .debug_macro   0x00029c86      0x100 ./Generated_Code/PpgLdd2.o
 .debug_macro   0x00029d86      0x116 ./Generated_Code/PpgLdd3.o
 .debug_macro   0x00029e9c      0x15d ./Generated_Code/Serial1.o
 .debug_macro   0x00029ff9       0xee ./Generated_Code/WAIT1.o

.debug_line     0x00000000     0xa256
 .debug_line    0x00000000      0x70c ./Static_Code/System/CPU_Init.o
 .debug_line    0x0000070c      0xcab ./Static_Code/System/Vectors.o
 .debug_line    0x000013b7      0x790 ./Sources/Events.o
 .debug_line    0x00001b47      0x62d ./Sources/MMA8451.o
 .debug_line    0x00002174      0x7db ./Sources/SendData.o
 .debug_line    0x0000294f      0x7ea ./Sources/main.o
 .debug_line    0x00003139      0x3cb ./Project_Settings/Startup_Code/startup.o
 .debug_line    0x00003504      0x645 ./Generated_Code/AD1.o
 .debug_line    0x00003b49      0x645 ./Generated_Code/AD2.o
 .debug_line    0x0000418e      0x493 ./Generated_Code/ASerialLdd1.o
 .debug_line    0x00004621      0x47d ./Generated_Code/AdcLdd1.o
 .debug_line    0x00004a9e      0x47f ./Generated_Code/AdcLdd2.o
 .debug_line    0x00004f1d      0x68f ./Generated_Code/BT1.o
 .debug_line    0x000055ac      0x3c2 ./Generated_Code/BitIoLdd1.o
 .debug_line    0x0000596e      0x4ea ./Generated_Code/CI2C1.o
 .debug_line    0x00005e58      0x720 ./Generated_Code/CLS1.o
 .debug_line    0x00006578      0x60f ./Generated_Code/Cpu.o
 .debug_line    0x00006b87      0x4f8 ./Generated_Code/GI2C1.o
 .debug_line    0x0000707f      0x3c2 ./Generated_Code/LED1.o
 .debug_line    0x00007441      0x42c ./Generated_Code/LEDBlanche.o
 .debug_line    0x0000786d      0x643 ./Generated_Code/LEDRouge.o
 .debug_line    0x00007eb0      0x66d ./Generated_Code/LEDVerte.o
 .debug_line    0x0000851d      0x5bc ./Generated_Code/PE_LDD.o
 .debug_line    0x00008ad9      0x4c5 ./Generated_Code/PpgLdd1.o
 .debug_line    0x00008f9e      0x4e8 ./Generated_Code/PpgLdd2.o
 .debug_line    0x00009486      0x520 ./Generated_Code/PpgLdd3.o
 .debug_line    0x000099a6      0x51f ./Generated_Code/Serial1.o
 .debug_line    0x00009ec5      0x391 ./Generated_Code/WAIT1.o

.debug_str      0x00000000    0xc17dc
 .debug_str     0x00000000    0x6095f ./Static_Code/System/CPU_Init.o
                              0x60b84 (size before relaxing)
 .debug_str     0x0006095f      0x9dc ./Static_Code/System/Vectors.o
                              0x60fa5 (size before relaxing)
 .debug_str     0x0006133b    0x5c833 ./Sources/Events.o
                              0xbbfd0 (size before relaxing)
 .debug_str     0x000bdb6e      0x292 ./Sources/MMA8451.o
                              0x5f845 (size before relaxing)
 .debug_str     0x000bde00      0xbab ./Sources/SendData.o
                              0xbcb84 (size before relaxing)
 .debug_str     0x000be9ab       0x88 ./Sources/main.o
                              0xbc029 (size before relaxing)
 .debug_str     0x000bea33       0xeb ./Project_Settings/Startup_Code/startup.o
                              0x45bc2 (size before relaxing)
 .debug_str     0x000beb1e      0x14a ./Generated_Code/AD1.o
                              0x5f6f3 (size before relaxing)
 .debug_str     0x000bec68       0xa0 ./Generated_Code/AD2.o
                              0x5f6f3 (size before relaxing)
 .debug_str     0x000bed08      0x39e ./Generated_Code/ASerialLdd1.o
                              0x5b59b (size before relaxing)
 .debug_str     0x000bf0a6      0x2e9 ./Generated_Code/AdcLdd1.o
                              0x51af9 (size before relaxing)
 .debug_str     0x000bf38f      0x247 ./Generated_Code/AdcLdd2.o
                              0x51b34 (size before relaxing)
 .debug_str     0x000bf5d6      0x785 ./Generated_Code/BT1.o
                              0x4f8e4 (size before relaxing)
 .debug_str     0x000bfd5b       0xe2 ./Generated_Code/BitIoLdd1.o
                              0x4d407 (size before relaxing)
 .debug_str     0x000bfe3d      0x299 ./Generated_Code/CI2C1.o
                              0x538b9 (size before relaxing)
 .debug_str     0x000c00d6      0x747 ./Generated_Code/CLS1.o
                              0x4f968 (size before relaxing)
 .debug_str     0x000c081d       0x28 ./Generated_Code/Cpu.o
                              0x5f6d9 (size before relaxing)
 .debug_str     0x000c0845      0x24b ./Generated_Code/GI2C1.o
                              0x4cbb9 (size before relaxing)
 .debug_str     0x000c0a90       0x45 ./Generated_Code/LED1.o
                              0x4d509 (size before relaxing)
 .debug_str     0x000c0ad5      0x10c ./Generated_Code/LEDBlanche.o
                              0x55cbc (size before relaxing)
 .debug_str     0x000c0be1       0xbd ./Generated_Code/LEDRouge.o
                              0x5f6b8 (size before relaxing)
 .debug_str     0x000c0c9e       0xe3 ./Generated_Code/LEDVerte.o
                              0x5f6de (size before relaxing)
 .debug_str     0x000c0d81      0x15a ./Generated_Code/PE_LDD.o
                              0x5f740 (size before relaxing)
 .debug_str     0x000c0edb      0x280 ./Generated_Code/PpgLdd1.o
                              0x55ea5 (size before relaxing)
 .debug_str     0x000c115b      0x172 ./Generated_Code/PpgLdd2.o
                              0x55b7d (size before relaxing)
 .debug_str     0x000c12cd      0x1bc ./Generated_Code/PpgLdd3.o
                              0x56001 (size before relaxing)
 .debug_str     0x000c1489      0x2cf ./Generated_Code/Serial1.o
                              0x4c86b (size before relaxing)
 .debug_str     0x000c1758       0x84 ./Generated_Code/WAIT1.o
                              0x4c794 (size before relaxing)

.comment        0x00000000       0x70
 .comment       0x00000000       0x70 ./Static_Code/System/CPU_Init.o
                                 0x71 (size before relaxing)
 .comment       0x00000000       0x71 ./Static_Code/System/Vectors.o
 .comment       0x00000000       0x71 ./Sources/Events.o
 .comment       0x00000000       0x71 ./Sources/MMA8451.o
 .comment       0x00000000       0x71 ./Sources/SendData.o
 .comment       0x00000000       0x71 ./Sources/main.o
 .comment       0x00000000       0x71 ./Project_Settings/Startup_Code/startup.o
 .comment       0x00000000       0x71 ./Generated_Code/AD1.o
 .comment       0x00000000       0x71 ./Generated_Code/AD2.o
 .comment       0x00000000       0x71 ./Generated_Code/ASerialLdd1.o
 .comment       0x00000000       0x71 ./Generated_Code/AdcLdd1.o
 .comment       0x00000000       0x71 ./Generated_Code/AdcLdd2.o
 .comment       0x00000000       0x71 ./Generated_Code/BT1.o
 .comment       0x00000000       0x71 ./Generated_Code/BitIoLdd1.o
 .comment       0x00000000       0x71 ./Generated_Code/CI2C1.o
 .comment       0x00000000       0x71 ./Generated_Code/CLS1.o
 .comment       0x00000000       0x71 ./Generated_Code/Cpu.o
 .comment       0x00000000       0x71 ./Generated_Code/GI2C1.o
 .comment       0x00000000       0x71 ./Generated_Code/LED1.o
 .comment       0x00000000       0x71 ./Generated_Code/LEDBlanche.o
 .comment       0x00000000       0x71 ./Generated_Code/LEDRouge.o
 .comment       0x00000000       0x71 ./Generated_Code/LEDVerte.o
 .comment       0x00000000       0x71 ./Generated_Code/PE_LDD.o
 .comment       0x00000000       0x71 ./Generated_Code/PpgLdd1.o
 .comment       0x00000000       0x71 ./Generated_Code/PpgLdd2.o
 .comment       0x00000000       0x71 ./Generated_Code/PpgLdd3.o
 .comment       0x00000000       0x71 ./Generated_Code/Serial1.o
 .comment       0x00000000       0x71 ./Generated_Code/WAIT1.o

.debug_frame    0x00000000     0x2c2c
 .debug_frame   0x00000000       0x9c ./Static_Code/System/CPU_Init.o
 .debug_frame   0x0000009c      0xcb0 ./Static_Code/System/Vectors.o
 .debug_frame   0x00000d4c       0xb8 ./Sources/Events.o
 .debug_frame   0x00000e04      0x128 ./Sources/MMA8451.o
 .debug_frame   0x00000f2c       0x30 ./Sources/SendData.o
 .debug_frame   0x00000f5c       0x30 ./Sources/main.o
 .debug_frame   0x00000f8c       0xc0 ./Project_Settings/Startup_Code/startup.o
 .debug_frame   0x0000104c       0xe0 ./Generated_Code/AD1.o
 .debug_frame   0x0000112c       0xe0 ./Generated_Code/AD2.o
 .debug_frame   0x0000120c       0xec ./Generated_Code/ASerialLdd1.o
 .debug_frame   0x000012f8      0x114 ./Generated_Code/AdcLdd1.o
 .debug_frame   0x0000140c      0x114 ./Generated_Code/AdcLdd2.o
 .debug_frame   0x00001520      0x2f0 ./Generated_Code/BT1.o
 .debug_frame   0x00001810       0x9c ./Generated_Code/BitIoLdd1.o
 .debug_frame   0x000018ac       0xc4 ./Generated_Code/CI2C1.o
 .debug_frame   0x00001970      0x3b8 ./Generated_Code/CLS1.o
 .debug_frame   0x00001d28       0x50 ./Generated_Code/Cpu.o
 .debug_frame   0x00001d78      0x200 ./Generated_Code/GI2C1.o
 .debug_frame   0x00001f78       0x64 ./Generated_Code/LED1.o
 .debug_frame   0x00001fdc      0x130 ./Generated_Code/LEDBlanche.o
 .debug_frame   0x0000210c      0x110 ./Generated_Code/LEDRouge.o
 .debug_frame   0x0000221c      0x150 ./Generated_Code/LEDVerte.o
 .debug_frame   0x0000236c       0x64 ./Generated_Code/PE_LDD.o
 .debug_frame   0x000023d0      0x19c ./Generated_Code/PpgLdd1.o
 .debug_frame   0x0000256c      0x1d8 ./Generated_Code/PpgLdd2.o
 .debug_frame   0x00002744      0x218 ./Generated_Code/PpgLdd3.o
 .debug_frame   0x0000295c      0x1ac ./Generated_Code/Serial1.o
 .debug_frame   0x00002b08       0x90 ./Generated_Code/WAIT1.o
 .debug_frame   0x00002b98       0x28 c:/freescale/kds_v3/toolchain/bin/../lib/gcc/arm-none-eabi/4.8.4/../../../../arm-none-eabi/lib/armv7e-m/fpu\libg_s.a(lib_a-exit.o)
 .debug_frame   0x00002bc0       0x2c c:/freescale/kds_v3/toolchain/bin/../lib/gcc/arm-none-eabi/4.8.4/../../../../arm-none-eabi/lib/armv7e-m/fpu\libg_s.a(lib_a-init.o)
 .debug_frame   0x00002bec       0x20 c:/freescale/kds_v3/toolchain/bin/../lib/gcc/arm-none-eabi/4.8.4/../../../../arm-none-eabi/lib/armv7e-m/fpu\libg_s.a(lib_a-memset.o)
 .debug_frame   0x00002c0c       0x20 c:/freescale/kds_v3/toolchain/bin/../lib/gcc/arm-none-eabi/4.8.4/../../../../arm-none-eabi/lib/armv7e-m/fpu\libnosys.a(_exit.o)
